Component: ARM Compiler 5.06 update 7 (build 960) Tool: armlink [4d3601]

==============================================================================

Section Cross References

    startup_acm32f0x0.o(STACK) refers (Special) to heapauxi.o(.text) for __use_two_region_memory
    startup_acm32f0x0.o(HEAP) refers (Special) to heapauxi.o(.text) for __use_two_region_memory
    startup_acm32f0x0.o(RESET) refers (Special) to heapauxi.o(.text) for __use_two_region_memory
    startup_acm32f0x0.o(RESET) refers to startup_acm32f0x0.o(STACK) for __initial_sp
    startup_acm32f0x0.o(RESET) refers to startup_acm32f0x0.o(.text) for Reset_Handler
    startup_acm32f0x0.o(RESET) refers to context_rvds.o(.text) for HardFault_Handler
    startup_acm32f0x0.o(RESET) refers to board.o(i.SysTick_Handler) for SysTick_Handler
    startup_acm32f0x0.o(RESET) refers to lcd_task.o(i.LCD_IRQHandler) for LCD_IRQHandler
    startup_acm32f0x0.o(RESET) refers to hal_tkey.o(i.TKEY_IRQHandler) for TKEY_IRQHandler
    startup_acm32f0x0.o(RESET) refers to tkey.o(i.TIM17_IRQHandler) for TIM17_IRQHandler
    startup_acm32f0x0.o(.text) refers (Special) to heapauxi.o(.text) for __use_two_region_memory
    startup_acm32f0x0.o(.text) refers to system_acm32f0x0.o(i.System_Core_Config) for System_Core_Config
    startup_acm32f0x0.o(.text) refers to __main.o(!!!main) for __main
    startup_acm32f0x0.o(.text) refers to startup_acm32f0x0.o(HEAP) for Heap_Mem
    startup_acm32f0x0.o(.text) refers to startup_acm32f0x0.o(STACK) for Stack_Mem
    system_acm32f0x0.o(i.System_Clock_Init) refers to system_acm32f0x0.o(i.System_Delay) for System_Delay
    system_acm32f0x0.o(i.System_Clock_Init) refers to hal_eflash.o(i.HAL_EFlash_Init) for HAL_EFlash_Init
    system_acm32f0x0.o(i.System_Clock_Init) refers to system_acm32f0x0.o(.data) for gu32_Clocksrc
    system_acm32f0x0.o(i.System_Core_Config) refers to system_acm32f0x0.o(i.System_Delay) for System_Delay
    system_acm32f0x0.o(i.System_Delay_MS) refers to system_acm32f0x0.o(.data) for gu32_SystemCount
    system_acm32f0x0.o(i.System_Enable_Disable_RTC_Domain_Access) refers to system_acm32f0x0.o(i.System_Delay) for System_Delay
    system_acm32f0x0.o(i.System_Enter_Standby_Mode) refers to system_acm32f0x0.o(i.System_Delay) for System_Delay
    system_acm32f0x0.o(i.System_Enter_Standby_Mode) refers to noretval__2printf.o(.text) for __2printf
    system_acm32f0x0.o(i.System_Enter_Stop_Mode) refers to system_acm32f0x0.o(i.System_SysTick_Off) for System_SysTick_Off
    system_acm32f0x0.o(i.System_Enter_Stop_Mode) refers to system_acm32f0x0.o(i.System_SysTick_Init) for System_SysTick_Init
    system_acm32f0x0.o(i.System_Get_APBClock) refers to system_acm32f0x0.o(.data) for gu32_APBClock
    system_acm32f0x0.o(i.System_Get_Clk_Source) refers to system_acm32f0x0.o(.data) for gu32_Clocksrc
    system_acm32f0x0.o(i.System_Get_SystemClock) refers to system_acm32f0x0.o(.data) for gu32_SystemClock
    system_acm32f0x0.o(i.System_Init) refers to system_acm32f0x0.o(i.System_Set_Buzzer_Divider) for System_Set_Buzzer_Divider
    system_acm32f0x0.o(i.System_Init) refers to system_acm32f0x0.o(i.System_Clock_Init) for System_Clock_Init
    system_acm32f0x0.o(i.System_Init) refers to system_acm32f0x0.o(i.System_SysTick_Init) for System_SysTick_Init
    system_acm32f0x0.o(i.System_Init) refers to system_acm32f0x0.o(.data) for SysTick_Handler_Callback
    system_acm32f0x0.o(i.System_LVD_Config) refers to system_acm32f0x0.o(i.System_Delay) for System_Delay
    system_acm32f0x0.o(i.System_Module_Enable) refers to system_acm32f0x0.o(i.System_Delay) for System_Delay
    system_acm32f0x0.o(i.System_Module_Reset) refers to system_acm32f0x0.o(i.System_Delay) for System_Delay
    system_acm32f0x0.o(i.System_Return_Last_Reset_Reason) refers to system_acm32f0x0.o(.data) for Reset_Reason_Save
    system_acm32f0x0.o(i.System_Return_Saved_Reset_Reason) refers to system_acm32f0x0.o(.data) for Reset_Reason_Save
    system_acm32f0x0.o(i.System_SysTick_Init) refers to aeabi_sdiv.o(.text) for __aeabi_uidivmod
    system_acm32f0x0.o(i.System_SysTick_Init) refers to system_acm32f0x0.o(i.NVIC_SetPriority) for NVIC_SetPriority
    system_acm32f0x0.o(i.System_SysTick_Init) refers to system_acm32f0x0.o(.data) for gu32_SystemCount
    hal_adc.o(i.HAL_ADC_AnalogWDGConfig) refers to hal_adc.o(i.__ARM_common_switch8) for __ARM_common_switch8
    hal_adc.o(i.HAL_ADC_ConfigChannel) refers to system_acm32f0x0.o(i.System_Delay) for System_Delay
    hal_adc.o(i.HAL_ADC_DeInit) refers to hal_adc.o(i.HAL_ADC_MspDeInit) for HAL_ADC_MspDeInit
    hal_adc.o(i.HAL_ADC_DeInit) refers to rt_memclr.o(.text) for __aeabi_memclr4
    hal_adc.o(i.HAL_ADC_Init) refers to hal_adc.o(i.HAL_ADC_MspInit) for HAL_ADC_MspInit
    hal_adc.o(i.HAL_ADC_InjectedStop_IT) refers to hal_adc.o(i.HAL_ADC_Stop_IT) for HAL_ADC_Stop_IT
    hal_adc.o(i.HAL_ADC_MspDeInit) refers to hal_dma.o(i.HAL_DMA_DeInit) for HAL_DMA_DeInit
[...]
    D:/Users/KING/AppData/Local/Arm/Packs/RealThread/RT-Thread/3.1.5/src/kservice.c 0x00000000   Number         0  kservice.o ABSOLUTE
    D:/Users/KING/AppData/Local/Arm/Packs/RealThread/RT-Thread/3.1.5/src/mem.c 0x00000000   Number         0  mem.o ABSOLUTE
    D:/Users/KING/AppData/Local/Arm/Packs/RealThread/RT-Thread/3.1.5/src/mempool.c 0x00000000   Number         0  mempool.o ABSOLUTE
    D:/Users/KING/AppData/Local/Arm/Packs/RealThread/RT-Thread/3.1.5/src/object.c 0x00000000   Number         0  object.o ABSOLUTE
    D:/Users/KING/AppData/Local/Arm/Packs/RealThread/RT-Thread/3.1.5/src/scheduler.c 0x00000000   Number         0  scheduler.o ABSOLUTE
    D:/Users/KING/AppData/Local/Arm/Packs/RealThread/RT-Thread/3.1.5/src/thread.c 0x00000000   Number         0  thread.o ABSOLUTE
    D:/Users/KING/AppData/Local/Arm/Packs/RealThread/RT-Thread/3.1.5/src/timer.c 0x00000000   Number         0  timer.o ABSOLUTE
    RTE/RTOS/board.c                         0x00000000   Number         0  board.o ABSOLUTE
    RTE\RTOS\board.c                         0x00000000   Number         0  board.o ABSOLUTE
    dc.s                                     0x00000000   Number         0  dc.o ABSOLUTE
    main.c                                   0x00000000   Number         0  main.o ABSOLUTE
    main.c                                   0x00000000   Number         0  main.o ABSOLUTE
    !!!main                                  0x000000c0   Section        8  __main.o(!!!main)
    !!!scatter                               0x000000c8   Section       60  __scatter.o(!!!scatter)
    !!handler_zi                             0x00000104   Section       28  __scatter_zi.o(!!handler_zi)
    .ARM.Collect$$libinit$$00000000          0x00000120   Section        2  libinit.o(.ARM.Collect$$libinit$$00000000)
    .ARM.Collect$$libinit$$00000002          0x00000122   Section        0  libinit2.o(.ARM.Collect$$libinit$$00000002)
    .ARM.Collect$$libinit$$00000004          0x00000122   Section        0  libinit2.o(.ARM.Collect$$libinit$$00000004)
    .ARM.Collect$$libinit$$0000000A          0x00000122   Section        0  libinit2.o(.ARM.Collect$$libinit$$0000000A)
    .ARM.Collect$$libinit$$0000000C          0x00000122   Section        0  libinit2.o(.ARM.Collect$$libinit$$0000000C)
    .ARM.Collect$$libinit$$0000000E          0x00000122   Section        0  libinit2.o(.ARM.Collect$$libinit$$0000000E)
    .ARM.Collect$$libinit$$00000011          0x00000122   Section        0  libinit2.o(.ARM.Collect$$libinit$$00000011)
    .ARM.Collect$$libinit$$00000013          0x00000122   Section        0  libinit2.o(.ARM.Collect$$libinit$$00000013)
    .ARM.Collect$$libinit$$00000015          0x00000122   Section        0  libinit2.o(.ARM.Collect$$libinit$$00000015)
    .ARM.Collect$$libinit$$00000017          0x00000122   Section        0  libinit2.o(.ARM.Collect$$libinit$$00000017)
    .ARM.Collect$$libinit$$00000019          0x00000122   Section        0  libinit2.o(.ARM.Collect$$libinit$$00000019)
    .ARM.Collect$$libinit$$0000001B          0x00000122   Section        0  libinit2.o(.ARM.Collect$$libinit$$0000001B)
    .ARM.Collect$$libinit$$0000001D          0x00000122   Section        0  libinit2.o(.ARM.Collect$$libinit$$0000001D)
    .ARM.Collect$$libinit$$0000001F          0x00000122   Section        0  libinit2.o(.ARM.Collect$$libinit$$0000001F)
    .ARM.Collect$$libinit$$00000021          0x00000122   Section        0  libinit2.o(.ARM.Collect$$libinit$$00000021)
    .ARM.Collect$$libinit$$00000023          0x00000122   Section        0  libinit2.o(.ARM.Collect$$libinit$$00000023)
    .ARM.Collect$$libinit$$00000025          0x00000122   Section        0  libinit2.o(.ARM.Collect$$libinit$$00000025)
    .ARM.Collect$$libinit$$0000002C          0x00000122   Section        0  libinit2.o(.ARM.Collect$$libinit$$0000002C)
    .ARM.Collect$$libinit$$0000002E          0x00000122   Section        0  libinit2.o(.ARM.Collect$$libinit$$0000002E)
    .ARM.Collect$$libinit$$00000030          0x00000122   Section        0  libinit2.o(.ARM.Collect$$libinit$$00000030)
    .ARM.Collect$$libinit$$00000032          0x00000122   Section        0  libinit2.o(.ARM.Collect$$libinit$$00000032)
    .ARM.Collect$$libinit$$00000033          0x00000122   Section        2  libinit2.o(.ARM.Collect$$libinit$$00000033)
    .ARM.Collect$$libshutdown$$00000000      0x00000124   Section        2  libshutdown.o(.ARM.Collect$$libshutdown$$00000000)
    .ARM.Collect$$libshutdown$$00000002      0x00000126   Section        0  libshutdown2.o(.ARM.Collect$$libshutdown$$00000002)
    .ARM.Collect$$libshutdown$$00000004      0x00000126   Section        0  libshutdown2.o(.ARM.Collect$$libshutdown$$00000004)
    .ARM.Collect$$libshutdown$$00000006      0x00000126   Section        0  libshutdown2.o(.ARM.Collect$$libshutdown$$00000006)
    .ARM.Collect$$libshutdown$$00000009      0x00000126   Section        0  libshutdown2.o(.ARM.Collect$$libshutdown$$00000009)
    .ARM.Collect$$libshutdown$$0000000C      0x00000126   Section        0  libshutdown2.o(.ARM.Collect$$libshutdown$$0000000C)
    .ARM.Collect$$libshutdown$$0000000E      0x00000126   Section        0  libshutdown2.o(.ARM.Collect$$libshutdown$$0000000E)
    .ARM.Collect$$libshutdown$$00000011      0x00000126   Section        0  libshutdown2.o(.ARM.Collect$$libshutdown$$00000011)
    .ARM.Collect$$libshutdown$$00000012      0x00000126   Section        2  libshutdown2.o(.ARM.Collect$$libshutdown$$00000012)
    .ARM.Collect$$rtentry$$00000000          0x00000128   Section        0  __rtentry.o(.ARM.Collect$$rtentry$$00000000)
    .ARM.Collect$$rtentry$$00000002          0x00000128   Section        0  __rtentry2.o(.ARM.Collect$$rtentry$$00000002)
    .ARM.Collect$$rtentry$$00000004          0x00000128   Section        6  __rtentry4.o(.ARM.Collect$$rtentry$$00000004)
    .ARM.Collect$$rtentry$$00000009          0x0000012e   Section        0  __rtentry2.o(.ARM.Collect$$rtentry$$00000009)
    .ARM.Collect$$rtentry$$0000000A          0x0000012e   Section        4  __rtentry2.o(.ARM.Collect$$rtentry$$0000000A)
    .ARM.Collect$$rtentry$$0000000C          0x00000132   Section        0  __rtentry2.o(.ARM.Collect$$rtentry$$0000000C)
    .ARM.Collect$$rtentry$$0000000D          0x00000132   Section        8  __rtentry2.o(.ARM.Collect$$rtentry$$0000000D)
    .ARM.Collect$$rtexit$$00000000           0x0000013a   Section        2  rtexit.o(.ARM.Collect$$rtexit$$00000000)
    .ARM.Collect$$rtexit$$00000002           0x0000013c   Section        0  rtexit2.o(.ARM.Collect$$rtexit$$00000002)
    .ARM.Collect$$rtexit$$00000003           0x0000013c   Section        4  rtexit2.o(.ARM.Collect$$rtexit$$00000003)
    .ARM.Collect$$rtexit$$00000004           0x00000140   Section        6  rtexit2.o(.ARM.Collect$$rtexit$$00000004)
    .text                                    0x00000148   Section       56  startup_acm32f0x0.o(.text)
    .text                                    0x00000180   Section      216  context_rvds.o(.text)
    .text                                    0x00000258   Section        0  rt_memclr.o(.text)
    .text                                    0x00000298   Section      346  aeabi_sdiv.o(.text)
    .text                                    0x000003f2   Section        0  heapauxi.o(.text)
    .text                                    0x000003f8   Section       62  sys_stackheap_outer.o(.text)
    .text                                    0x00000436   Section        0  exit.o(.text)
    .text                                    0x00000448   Section        8  libspace.o(.text)
    .text                                    0x00000450   Section        2  use_no_semi.o(.text)
    .text                                    0x00000452   Section        0  indicate_semi.o(.text)
    .text                                    0x00000454   Section        0  sys_exit.o(.text)
    .text                                    0x00000460   Section        0  __dczerorl2.o(.text)
    i.$Sub$$main                             0x000004b6   Section        0  components.o(i.$Sub$$main)
    i.FIFO_In                                0x000004c0   Section        0  ac_fifo.o(i.FIFO_In)
    i.Get_RAM_NUM_DATA                       0x000004f0   Section        0  lcd_yr1618a.o(i.Get_RAM_NUM_DATA)
    i.HAL_EFlash_Init                        0x00000724   Section        0  hal_eflash.o(i.HAL_EFlash_Init)
    i.HAL_EFlash_Init_Para                   0x00000730   Section        0  hal_eflash_ex.o(i.HAL_EFlash_Init_Para)
    i.HAL_GPIO_Init                          0x000007a4   Section        0  hal_gpio.o(i.HAL_GPIO_Init)
    i.HAL_GPIO_WritePin                      0x00000b5c   Section        0  hal_gpio.o(i.HAL_GPIO_WritePin)
    i.HAL_LCD_IRQHandler                     0x00000bd8   Section        0  hal_lcd.o(i.HAL_LCD_IRQHandler)
    i.HAL_LCD_InResConfig                    0x00000be8   Section        0  hal_lcd.o(i.HAL_LCD_InResConfig)
    i.HAL_LCD_Init                           0x00000d44   Section        0  hal_lcd.o(i.HAL_LCD_Init)
    i.HAL_LCD_MspInit                        0x00000ea8   Section        0  hal_lcd.o(i.HAL_LCD_MspInit)
    i.HAL_LCD_SegComConfig                   0x00000ee8   Section        0  hal_lcd.o(i.HAL_LCD_SegComConfig)
    i.HAL_LCD_Write                          0x00000f0c   Section        0  hal_lcd.o(i.HAL_LCD_Write)
    i.HAL_RTC_Config                         0x00000f34   Section        0  hal_rtc.o(i.HAL_RTC_Config)
    i.HAL_RTC_GetDate                        0x00001004   Section        0  hal_rtc.o(i.HAL_RTC_GetDate)
    i.HAL_RTC_GetTime                        0x00001024   Section        0  hal_rtc.o(i.HAL_RTC_GetTime)
    i.HAL_RTC_SetDate                        0x0000103c   Section        0  hal_rtc.o(i.HAL_RTC_SetDate)
    i.HAL_RTC_SetTime                        0x000010f0   Section        0  hal_rtc.o(i.HAL_RTC_SetTime)
    i.HAL_TKEY_ScanProcess                   0x0000112c   Section        0  hal_tkey.o(i.HAL_TKEY_ScanProcess)
    i.LCD_BACK_LED                           0x000013e4   Section        0  lcd_yr1618a.o(i.LCD_BACK_LED)
    i.LCD_Config                             0x0000142c   Section        0  lcd_task.o(i.LCD_Config)
    i.LCD_DisplayNum_YR1618A                 0x00001464   Section        0  lcd_yr1618a.o(i.LCD_DisplayNum_YR1618A)
    i.LCD_GPIO_Config_YR1618A                0x000014b8   Section        0  lcd_yr1618a.o(i.LCD_GPIO_Config_YR1618A)
    i.LCD_IRQHandler                         0x00001518   Section        0  lcd_task.o(i.LCD_IRQHandler)
    i.LCD_Init_YR1618A                       0x00001528   Section        0  lcd_yr1618a.o(i.LCD_Init_YR1618A)
    i.LCD_SegCom_Config_YR1618A              0x000015a4   Section        0  lcd_yr1618a.o(i.LCD_SegCom_Config_YR1618A)
    i.LCD_YR1618A_SelfDisplay                0x00001618   Section        0  lcd_yr1618a.o(i.LCD_YR1618A_SelfDisplay)
    i.LCD_YR1618A_VIEW                       0x000016d4   Section        0  lcd_yr1618a.o(i.LCD_YR1618A_VIEW)
    i.LCD_entry                              0x00001a70   Section        0  lcd_task.o(i.LCD_entry)
    i.LCD_time_display                       0x00001ab4   Section        0  lcd_task.o(i.LCD_time_display)
    i.LED_USR_Init                           0x00001b1c   Section        0  led_usr.o(i.LED_USR_Init)
    i.LED_entry                              0x00001b3c   Section        0  led_task.o(i.LED_entry)
    i.NVIC_SetPriority                       0x00001b68   Section        0  system_acm32f0x0.o(i.NVIC_SetPriority)
    NVIC_SetPriority                         0x00001b69   Thumb Code   110  system_acm32f0x0.o(i.NVIC_SetPriority)
    i.NVIC_SetPriority                       0x00001be0   Section        0  hal_lcd.o(i.NVIC_SetPriority)
    NVIC_SetPriority                         0x00001be1   Thumb Code   110  hal_lcd.o(i.NVIC_SetPriority)
    i.RTC_Config                             0x00001c58   Section        0  rtc.o(i.RTC_Config)
    i.SysTick_Handler                        0x00001c9c   Section        0  board.o(i.SysTick_Handler)
    i.System_Clock_Init                      0x00001cb4   Section        0  system_acm32f0x0.o(i.System_Clock_Init)
    i.System_Core_Config                     0x00001e58   Section        0  system_acm32f0x0.o(i.System_Core_Config)
    i.System_Delay                           0x00001eb4   Section        0  system_acm32f0x0.o(i.System_Delay)
    i.System_Delay_MS                        0x00001ec4   Section        0  system_acm32f0x0.o(i.System_Delay_MS)
    i.System_Init                            0x00001ee0   Section        0  system_acm32f0x0.o(i.System_Init)
    i.System_Module_Enable                   0x00001f28   Section        0  system_acm32f0x0.o(i.System_Module_Enable)
    i.System_Module_Reset                    0x00001f5c   Section        0  system_acm32f0x0.o(i.System_Module_Reset)
    i.System_Set_Buzzer_Divider              0x00001f88   Section        0  system_acm32f0x0.o(i.System_Set_Buzzer_Divider)
    i.System_SysTick_Init                    0x00001fc4   Section        0  system_acm32f0x0.o(i.System_SysTick_Init)
    i.TIM17_IRQHandler                       0x00002010   Section        0  tkey.o(i.TIM17_IRQHandler)
    i.TKEY_IRQHandler                        0x000020a4   Section        0  hal_tkey.o(i.TKEY_IRQHandler)
    i.__ARM_common_switch8                   0x000020b4   Section        0  hal_adc.o(i.__ARM_common_switch8)
    i.__rt_ffs                               0x000020d0   Section        0  kservice.o(i.__rt_ffs)
    i._rt_thread_init                        0x0000212c   Section        0  thread.o(i._rt_thread_init)
    _rt_thread_init                          0x0000212d   Thumb Code   126  thread.o(i._rt_thread_init)
    i._rt_timer_init                         0x000021b4   Section        0  timer.o(i._rt_timer_init)
    _rt_timer_init                           0x000021b5   Thumb Code    60  timer.o(i._rt_timer_init)
    i._rt_timer_remove                       0x000021f0   Section        0  timer.o(i._rt_timer_remove)
    _rt_timer_remove                         0x000021f1   Thumb Code    28  timer.o(i._rt_timer_remove)
    i._thread_cleanup_execute                0x0000220c   Section        0  thread.o(i._thread_cleanup_execute)
    _thread_cleanup_execute                  0x0000220d   Thumb Code    30  thread.o(i._thread_cleanup_execute)
    i.lcd_example                            0x0000222c   Section        0  lcd_task.o(i.lcd_example)
    i.led_example                            0x00002268   Section        0  led_task.o(i.led_example)
    i.main                                   0x000022a4   Section        0  main.o(i.main)
    i.main_thread_entry                      0x000022b0   Section        0  components.o(i.main_thread_entry)
    i.plug_holes                             0x000022c0   Section        0  mem.o(i.plug_holes)
    plug_holes                               0x000022c1   Thumb Code   112  mem.o(i.plug_holes)
    i.rt_application_init                    0x0000233c   Section        0  components.o(i.rt_application_init)
    i.rt_components_board_init               0x0000236c   Section        0  components.o(i.rt_components_board_init)
    i.rt_components_init                     0x00002388   Section        0  components.o(i.rt_components_init)
    i.rt_enter_critical                      0x000023a4   Section        0  scheduler.o(i.rt_enter_critical)
    i.rt_exit_critical                       0x000023c4   Section        0  scheduler.o(i.rt_exit_critical)
    i.rt_free                                0x0000240c   Section        0  mem.o(i.rt_free)
    i.rt_heap_begin_get                      0x00002484   Section        0  board.o(i.rt_heap_begin_get)
    i.rt_heap_end_get                        0x0000248c   Section        0  board.o(i.rt_heap_end_get)
    i.rt_hw_board_init                       0x00002494   Section        0  board.o(i.rt_hw_board_init)
    i.rt_hw_hard_fault_exception             0x000024b2   Section        0  cpuport.o(i.rt_hw_hard_fault_exception)
    i.rt_hw_stack_init                       0x000024b8   Section        0  cpuport.o(i.rt_hw_stack_init)
    i.rt_interrupt_enter                     0x000024f8   Section        0  irq.o(i.rt_interrupt_enter)
    i.rt_interrupt_leave                     0x00002518   Section        0  irq.o(i.rt_interrupt_leave)
    i.rt_ipc_list_resume                     0x00002538   Section        0  ipc.o(i.rt_ipc_list_resume)
    rt_ipc_list_resume                       0x00002539   Thumb Code    20  ipc.o(i.rt_ipc_list_resume)
    i.rt_ipc_list_suspend                    0x0000254c   Section        0  ipc.o(i.rt_ipc_list_suspend)
    rt_ipc_list_suspend                      0x0000254d   Thumb Code   100  ipc.o(i.rt_ipc_list_suspend)
    i.rt_ipc_object_init                     0x000025b0   Section        0  ipc.o(i.rt_ipc_object_init)
    rt_ipc_object_init                       0x000025b1   Thumb Code    16  ipc.o(i.rt_ipc_object_init)
    i.rt_list_init                           0x000025c0   Section        0  ipc.o(i.rt_list_init)
    rt_list_init                             0x000025c1   Thumb Code     6  ipc.o(i.rt_list_init)
    i.rt_list_init                           0x000025c6   Section        0  scheduler.o(i.rt_list_init)
    rt_list_init                             0x000025c7   Thumb Code     6  scheduler.o(i.rt_list_init)
    i.rt_list_init                           0x000025cc   Section        0  timer.o(i.rt_list_init)
    rt_list_init                             0x000025cd   Thumb Code     6  timer.o(i.rt_list_init)
    i.rt_list_insert_after                   0x000025d2   Section        0  object.o(i.rt_list_insert_after)
    rt_list_insert_after                     0x000025d3   Thumb Code    14  object.o(i.rt_list_insert_after)
    i.rt_list_insert_after                   0x000025e0   Section        0  thread.o(i.rt_list_insert_after)
    rt_list_insert_after                     0x000025e1   Thumb Code    14  thread.o(i.rt_list_insert_after)
    i.rt_list_insert_after                   0x000025ee   Section        0  timer.o(i.rt_list_insert_after)
    rt_list_insert_after                     0x000025ef   Thumb Code    14  timer.o(i.rt_list_insert_after)
    i.rt_list_insert_before                  0x000025fc   Section        0  ipc.o(i.rt_list_insert_before)
    rt_list_insert_before                    0x000025fd   Thumb Code    14  ipc.o(i.rt_list_insert_before)
    i.rt_list_isempty                        0x0000260a   Section        0  ipc.o(i.rt_list_isempty)
    rt_list_isempty                          0x0000260b   Thumb Code    16  ipc.o(i.rt_list_isempty)
    i.rt_list_isempty                        0x0000261a   Section        0  timer.o(i.rt_list_isempty)
    rt_list_isempty                          0x0000261b   Thumb Code    16  timer.o(i.rt_list_isempty)
    i.rt_list_remove                         0x0000262a   Section        0  object.o(i.rt_list_remove)
    rt_list_remove                           0x0000262b   Thumb Code    18  object.o(i.rt_list_remove)
    i.rt_list_remove                         0x0000263c   Section        0  thread.o(i.rt_list_remove)
    rt_list_remove                           0x0000263d   Thumb Code    18  thread.o(i.rt_list_remove)
    i.rt_list_remove                         0x0000264e   Section        0  timer.o(i.rt_list_remove)
    rt_list_remove                           0x0000264f   Thumb Code    18  timer.o(i.rt_list_remove)
    i.rt_malloc                              0x00002660   Section        0  mem.o(i.rt_malloc)
    i.rt_memset                              0x000027cc   Section        0  kservice.o(i.rt_memset)
    i.rt_object_allocate                     0x00002818   Section        0  object.o(i.rt_object_allocate)
    i.rt_object_delete                       0x00002868   Section        0  object.o(i.rt_object_delete)
    i.rt_object_detach                       0x0000288c   Section        0  object.o(i.rt_object_detach)
    i.rt_object_get_information              0x000028ac   Section        0  object.o(i.rt_object_get_information)
    i.rt_object_init                         0x000028d0   Section        0  object.o(i.rt_object_init)
    i.rt_object_is_systemobject              0x00002924   Section        0  object.o(i.rt_object_is_systemobject)
    i.rt_os_tick_callback                    0x00002938   Section        0  board.o(i.rt_os_tick_callback)
    i.rt_schedule                            0x00002948   Section        0  scheduler.o(i.rt_schedule)
    i.rt_schedule_insert_thread              0x000029cc   Section        0  scheduler.o(i.rt_schedule_insert_thread)
    i.rt_schedule_remove_thread              0x00002a20   Section        0  scheduler.o(i.rt_schedule_remove_thread)
    i.rt_sem_init                            0x00002a78   Section        0  ipc.o(i.rt_sem_init)
    i.rt_sem_release                         0x00002a9c   Section        0  ipc.o(i.rt_sem_release)
    i.rt_sem_take                            0x00002af4   Section        0  ipc.o(i.rt_sem_take)
    i.rt_show_version                        0x00002b6c   Section        0  kservice.o(i.rt_show_version)
    i.rt_strncpy                             0x00002b6e   Section        0  kservice.o(i.rt_strncpy)
    i.rt_system_heap_init                    0x00002ba8   Section        0  mem.o(i.rt_system_heap_init)
    i.rt_system_scheduler_init               0x00002c54   Section        0  scheduler.o(i.rt_system_scheduler_init)
    i.rt_system_scheduler_start              0x00002ca0   Section        0  scheduler.o(i.rt_system_scheduler_start)
    i.rt_system_timer_init                   0x00002cd0   Section        0  timer.o(i.rt_system_timer_init)
    i.rt_system_timer_thread_init            0x00002cec   Section        0  timer.o(i.rt_system_timer_thread_init)
    i.rt_thread_create                       0x00002cee   Section        0  thread.o(i.rt_thread_create)
    i.rt_thread_exit                         0x00002d40   Section        0  thread.o(i.rt_thread_exit)
    i.rt_thread_idle_entry                   0x00002d98   Section        0  idle.o(i.rt_thread_idle_entry)
    rt_thread_idle_entry                     0x00002d99   Thumb Code     8  idle.o(i.rt_thread_idle_entry)
    i.rt_thread_idle_excute                  0x00002da0   Section        0  idle.o(i.rt_thread_idle_excute)
    i.rt_thread_idle_init                    0x00002e04   Section        0  idle.o(i.rt_thread_idle_init)
    i.rt_thread_init                         0x00002e40   Section        0  thread.o(i.rt_thread_init)
    i.rt_thread_mdelay                       0x00002e6c   Section        0  thread.o(i.rt_thread_mdelay)
    i.rt_thread_resume                       0x00002e80   Section        0  thread.o(i.rt_thread_resume)
    i.rt_thread_self                         0x00002ebc   Section        0  thread.o(i.rt_thread_self)
    i.rt_thread_sleep                        0x00002ec8   Section        0  thread.o(i.rt_thread_sleep)
    i.rt_thread_startup                      0x00002f0c   Section        0  thread.o(i.rt_thread_startup)
    i.rt_thread_suspend                      0x00002f3c   Section        0  thread.o(i.rt_thread_suspend)
    i.rt_thread_timeout                      0x00002f80   Section        0  thread.o(i.rt_thread_timeout)
    i.rt_thread_yield                        0x00002fa0   Section        0  thread.o(i.rt_thread_yield)
    i.rt_tick_from_millisecond               0x00003004   Section        0  clock.o(i.rt_tick_from_millisecond)
    i.rt_tick_get                            0x00003044   Section        0  clock.o(i.rt_tick_get)
    i.rt_tick_increase                       0x00003050   Section        0  clock.o(i.rt_tick_increase)
    i.rt_timer_check                         0x00003080   Section        0  timer.o(i.rt_timer_check)
    i.rt_timer_control                       0x00003130   Section        0  timer.o(i.rt_timer_control)
    i.rt_timer_detach                        0x00003190   Section        0  timer.o(i.rt_timer_detach)
    i.rt_timer_init                          0x000031b8   Section        0  timer.o(i.rt_timer_init)
    i.rt_timer_start                         0x000031e0   Section        0  timer.o(i.rt_timer_start)
    i.rt_timer_stop                          0x000032dc   Section        0  timer.o(i.rt_timer_stop)
    i.rti_board_end                          0x0000330c   Section        0  components.o(i.rti_board_end)
    rti_board_end                            0x0000330d   Thumb Code     4  components.o(i.rti_board_end)
    i.rti_board_start                        0x00003310   Section        0  components.o(i.rti_board_start)
    rti_board_start                          0x00003311   Thumb Code     4  components.o(i.rti_board_start)
    i.rti_end                                0x00003314   Section        0  components.o(i.rti_end)
    rti_end                                  0x00003315   Thumb Code     4  components.o(i.rti_end)
    i.rti_start                              0x00003318   Section        0  components.o(i.rti_start)
    rti_start                                0x00003319   Thumb Code     4  components.o(i.rti_start)
    i.rtthread_startup                       0x0000331c   Section        0  components.o(i.rtthread_startup)
    .constdata                               0x00003346   Section      290  kservice.o(.constdata)
    small_digits                             0x00003446   Data          17  kservice.o(.constdata)
    large_digits                             0x00003457   Data          17  kservice.o(.constdata)
    .rti_fn.0                                0x00003468   Section        4  components.o(.rti_fn.0)
    __tagsym$$used                           0x00003468   Number         0  components.o(.rti_fn.0)
    .rti_fn.0.end                            0x0000346c   Section        4  components.o(.rti_fn.0.end)
    __tagsym$$used                           0x0000346c   Number         0  components.o(.rti_fn.0.end)
    .rti_fn.1.end                            0x00003470   Section        4  components.o(.rti_fn.1.end)
    __tagsym$$used                           0x00003470   Number         0  components.o(.rti_fn.1.end)
    .rti_fn.6                                0x00003474   Section        4  led_task.o(.rti_fn.6)
    __tagsym$$used                           0x00003474   Number         0  led_task.o(.rti_fn.6)
    .rti_fn.6                                0x00003478   Section        4  lcd_task.o(.rti_fn.6)
    __tagsym$$used                           0x00003478   Number         0  lcd_task.o(.rti_fn.6)
    .rti_fn.6.end                            0x0000347c   Section        4  components.o(.rti_fn.6.end)
    __tagsym$$used                           0x0000347c   Number         0  components.o(.rti_fn.6.end)
    .data                                    0x20000000   Section       24  system_acm32f0x0.o(.data)
    .data                                    0x20000018   Section      376  lcd_yr1618a.o(.data)
    .data                                    0x20000190   Section        4  led_task.o(.data)
    tid1                                     0x20000190   Data           4  led_task.o(.data)
    .data                                    0x20000194   Section       36  lcd_task.o(.data)
    tid2                                     0x20000194   Data           4  lcd_task.o(.data)
    .data                                    0x200001b8   Section       12  cpuport.o(.data)
    .data                                    0x200001c4   Section        4  clock.o(.data)
    rt_tick                                  0x200001c4   Data           4  clock.o(.data)
    .data                                    0x200001c8   Section        1  irq.o(.data)
    .data                                    0x200001cc   Section       24  mem.o(.data)
    heap_ptr                                 0x200001cc   Data           4  mem.o(.data)
    heap_end                                 0x200001d0   Data           4  mem.o(.data)
    lfree                                    0x200001d4   Data           4  mem.o(.data)
    mem_size_aligned                         0x200001d8   Data           4  mem.o(.data)
    used_mem                                 0x200001dc   Data           4  mem.o(.data)
    max_mem                                  0x200001e0   Data           4  mem.o(.data)
    .data                                    0x200001e4   Section       64  object.o(.data)
    rt_object_container                      0x200001e4   Data          64  object.o(.data)
    .data                                    0x20000224   Section       24  scheduler.o(.data)
    rt_scheduler_lock_nest                   0x20000228   Data           2  scheduler.o(.data)
    .data                                    0x2000023c   Section       12  timer.o(.data)
    rt_timer_list                            0x2000023c   Data           8  timer.o(.data)
    random_nr                                0x20000244   Data           4  timer.o(.data)
    .bss                                     0x20000248   Section       60  lcd_yr1618a.o(.bss)
    .bss                                     0x20000284   Section      512  tkey.o(.bss)
    TKEY_Fifo                                0x20000284   Data          12  tkey.o(.bss)
    TKEY_Handle                              0x20000290   Data          20  tkey.o(.bss)
    TKey_Channel_Data                        0x200002a4   Data          84  tkey.o(.bss)
    TKey_Calibart_Data                       0x200002f8   Data         384  tkey.o(.bss)
    RawData_Ref                              0x20000478   Data          12  tkey.o(.bss)
    .bss                                     0x20000484   Section       60  lcd_task.o(.bss)
    .bss                                     0x200004c0   Section      376  idle.o(.bss)
    idle                                     0x200004c0   Data         120  idle.o(.bss)
    rt_thread_stack                          0x20000538   Data         256  idle.o(.bss)
    .bss                                     0x20000638   Section       32  mem.o(.bss)
    heap_sem                                 0x20000638   Data          32  mem.o(.bss)
    .bss                                     0x20000658   Section      256  scheduler.o(.bss)
    .bss                                     0x20000758   Section    15360  board.o(.bss)
    rt_heap                                  0x20000758   Data       15360  board.o(.bss)
    .bss                                     0x20004358   Section       96  libspace.o(.bss)
    HEAP                                     0x200043b8   Section        0  startup_acm32f0x0.o(HEAP)
    STACK                                    0x200043b8   Section     2048  startup_acm32f0x0.o(STACK)
    Heap_Mem                                 0x200043b8   Data           0  startup_acm32f0x0.o(HEAP)
    Stack_Mem                                0x200043b8   Data        2048  startup_acm32f0x0.o(STACK)
    __initial_sp                             0x20004bb8   Data           0  startup_acm32f0x0.o(STACK)

    Global Symbols

    Symbol Name                              Value     Ov Type        Size  Object(Section)

    BuildAttributes$$THM_ISAv3M$S$PE$A:L22$X:L11$S22$IEEE1$IW$USESV6$~STKCKD$USESV7$~SHL$OTIME$ROPI$EBA8$UX$STANDARDLIB$REQ8$PRES8$EABIv2 0x00000000   Number         0  anon$$obj.o ABSOLUTE
    __ARM_use_no_argv                        0x00000000   Number         0  main.o ABSOLUTE
    __Vectors                                0x00000000   Data           0  startup_acm32f0x0.o(RESET)
    HAL_UART_ErrorCallback                    - Undefined Weak Reference
    __ARM_exceptions_init                     - Undefined Weak Reference
    __alloca_initialize                       - Undefined Weak Reference
    __arm_fini_                               - Undefined Weak Reference
    __arm_preinit_                            - Undefined Weak Reference
    __cpp_initialize__aeabi_                  - Undefined Weak Reference
    __cxa_finalize                            - Undefined Weak Reference
    __rt_locale                               - Undefined Weak Reference
    __sigvec_lookup                           - Undefined Weak Reference
    __user_heap_extent                        - Undefined Weak Reference
    _atexit_init                              - Undefined Weak Reference
    _call_atexit_fns                          - Undefined Weak Reference
    _clock_init                               - Undefined Weak Reference
    _fp_trap_init                             - Undefined Weak Reference
    _fp_trap_shutdown                         - Undefined Weak Reference
    _get_lc_collate                           - Undefined Weak Reference
    _get_lc_ctype                             - Undefined Weak Reference
    _get_lc_monetary                          - Undefined Weak Reference
    _get_lc_numeric                           - Undefined Weak Reference
    _get_lc_time                              - Undefined Weak Reference
    _getenv_init                              - Undefined Weak Reference
    _handle_redirection                       - Undefined Weak Reference
    _mutex_acquire                            - Undefined Weak Reference
    _mutex_free                               - Undefined Weak Reference
    _mutex_release                            - Undefined Weak Reference
    _rand_init                                - Undefined Weak Reference
    _signal_finish                            - Undefined Weak Reference
    _signal_init                              - Undefined Weak Reference
    __main                                   0x000000c1   Thumb Code     8  __main.o(!!!main)
    __scatterload                            0x000000c9   Thumb Code     0  __scatter.o(!!!scatter)
    __scatterload_rt2                        0x000000c9   Thumb Code    52  __scatter.o(!!!scatter)
    __scatterload_rt2_thumb_only             0x000000c9   Thumb Code     0  __scatter.o(!!!scatter)
    __scatterload_null                       0x000000d9   Thumb Code     0  __scatter.o(!!!scatter)
    __scatterload_zeroinit                   0x00000105   Thumb Code    28  __scatter_zi.o(!!handler_zi)
    __rt_lib_init                            0x00000121   Thumb Code     0  libinit.o(.ARM.Collect$$libinit$$00000000)
    __rt_lib_init_alloca_1                   0x00000123   Thumb Code     0  libinit2.o(.ARM.Collect$$libinit$$0000002E)
    __rt_lib_init_argv_1                     0x00000123   Thumb Code     0  libinit2.o(.ARM.Collect$$libinit$$0000002C)
    __rt_lib_init_atexit_1                   0x00000123   Thumb Code     0  libinit2.o(.ARM.Collect$$libinit$$0000001B)
    __rt_lib_init_clock_1                    0x00000123   Thumb Code     0  libinit2.o(.ARM.Collect$$libinit$$00000021)
    __rt_lib_init_cpp_1                      0x00000123   Thumb Code     0  libinit2.o(.ARM.Collect$$libinit$$00000032)
    __rt_lib_init_exceptions_1               0x00000123   Thumb Code     0  libinit2.o(.ARM.Collect$$libinit$$00000030)
    __rt_lib_init_fp_1                       0x00000123   Thumb Code     0  libinit2.o(.ARM.Collect$$libinit$$00000002)
    __rt_lib_init_fp_trap_1                  0x00000123   Thumb Code     0  libinit2.o(.ARM.Collect$$libinit$$0000001F)
    __rt_lib_init_getenv_1                   0x00000123   Thumb Code     0  libinit2.o(.ARM.Collect$$libinit$$00000023)
    __rt_lib_init_heap_1                     0x00000123   Thumb Code     0  libinit2.o(.ARM.Collect$$libinit$$0000000A)
    __rt_lib_init_lc_collate_1               0x00000123   Thumb Code     0  libinit2.o(.ARM.Collect$$libinit$$00000011)
    __rt_lib_init_lc_ctype_1                 0x00000123   Thumb Code     0  libinit2.o(.ARM.Collect$$libinit$$00000013)
    __rt_lib_init_lc_monetary_1              0x00000123   Thumb Code     0  libinit2.o(.ARM.Collect$$libinit$$00000015)
    __rt_lib_init_lc_numeric_1               0x00000123   Thumb Code     0  libinit2.o(.ARM.Collect$$libinit$$00000017)
    __rt_lib_init_lc_time_1                  0x00000123   Thumb Code     0  libinit2.o(.ARM.Collect$$libinit$$00000019)
    __rt_lib_init_preinit_1                  0x00000123   Thumb Code     0  libinit2.o(.ARM.Collect$$libinit$$00000004)
    __rt_lib_init_rand_1                     0x00000123   Thumb Code     0  libinit2.o(.ARM.Collect$$libinit$$0000000E)
    __rt_lib_init_return                     0x00000123   Thumb Code     0  libinit2.o(.ARM.Collect$$libinit$$00000033)
    __rt_lib_init_signal_1                   0x00000123   Thumb Code     0  libinit2.o(.ARM.Collect$$libinit$$0000001D)
    __rt_lib_init_stdio_1                    0x00000123   Thumb Code     0  libinit2.o(.ARM.Collect$$libinit$$00000025)
    __rt_lib_init_user_alloc_1               0x00000123   Thumb Code     0  libinit2.o(.ARM.Collect$$libinit$$0000000C)
    __rt_lib_shutdown                        0x00000125   Thumb Code     0  libshutdown.o(.ARM.Collect$$libshutdown$$00000000)
    __rt_lib_shutdown_cpp_1                  0x00000127   Thumb Code     0  libshutdown2.o(.ARM.Collect$$libshutdown$$00000004)
    __rt_lib_shutdown_fini_1                 0x00000127   Thumb Code     0  libshutdown2.o(.ARM.Collect$$libshutdown$$00000002)
    __rt_lib_shutdown_fp_trap_1              0x00000127   Thumb Code     0  libshutdown2.o(.ARM.Collect$$libshutdown$$00000009)
    __rt_lib_shutdown_heap_1                 0x00000127   Thumb Code     0  libshutdown2.o(.ARM.Collect$$libshutdown$$00000011)
    __rt_lib_shutdown_return                 0x00000127   Thumb Code     0  libshutdown2.o(.ARM.Collect$$libshutdown$$00000012)
    __rt_lib_shutdown_signal_1               0x00000127   Thumb Code     0  libshutdown2.o(.ARM.Collect$$libshutdown$$0000000C)
    __rt_lib_shutdown_stdio_1                0x00000127   Thumb Code     0  libshutdown2.o(.ARM.Collect$$libshutdown$$00000006)
    __rt_lib_shutdown_user_alloc_1           0x00000127   Thumb Code     0  libshutdown2.o(.ARM.Collect$$libshutdown$$0000000E)
    __rt_entry                               0x00000129   Thumb Code     0  __rtentry.o(.ARM.Collect$$rtentry$$00000000)
    __rt_entry_presh_1                       0x00000129   Thumb Code     0  __rtentry2.o(.ARM.Collect$$rtentry$$00000002)
    __rt_entry_sh                            0x00000129   Thumb Code     0  __rtentry4.o(.ARM.Collect$$rtentry$$00000004)
    __rt_entry_li                            0x0000012f   Thumb Code     0  __rtentry2.o(.ARM.Collect$$rtentry$$0000000A)
    __rt_entry_postsh_1                      0x0000012f   Thumb Code     0  __rtentry2.o(.ARM.Collect$$rtentry$$00000009)
    __rt_entry_main                          0x00000133   Thumb Code     0  __rtentry2.o(.ARM.Collect$$rtentry$$0000000D)
    __rt_entry_postli_1                      0x00000133   Thumb Code     0  __rtentry2.o(.ARM.Collect$$rtentry$$0000000C)
    __rt_exit                                0x0000013b   Thumb Code     0  rtexit.o(.ARM.Collect$$rtexit$$00000000)
    __rt_exit_ls                             0x0000013d   Thumb Code     0  rtexit2.o(.ARM.Collect$$rtexit$$00000003)
    __rt_exit_prels_1                        0x0000013d   Thumb Code     0  rtexit2.o(.ARM.Collect$$rtexit$$00000002)
    __rt_exit_exit                           0x00000141   Thumb Code     0  rtexit2.o(.ARM.Collect$$rtexit$$00000004)
    Reset_Handler                            0x00000149   Thumb Code     8  startup_acm32f0x0.o(.text)
    NMI_Handler                              0x00000151   Thumb Code     2  startup_acm32f0x0.o(.text)
    MemManage_Handler                        0x00000155   Thumb Code     2  startup_acm32f0x0.o(.text)
    SVC_Handler                              0x00000157   Thumb Code     2  startup_acm32f0x0.o(.text)
    ADC_IRQHandler                           0x0000015d   Thumb Code     0  startup_acm32f0x0.o(.text)
    AES_IRQHandler                           0x0000015d   Thumb Code     0  startup_acm32f0x0.o(.text)
    CAN1_IRQHandler                          0x0000015d   Thumb Code     0  startup_acm32f0x0.o(.text)
    CLKRDY_IRQHandler                        0x0000015d   Thumb Code     0  startup_acm32f0x0.o(.text)
    DMA_IRQHandler                           0x0000015d   Thumb Code     0  startup_acm32f0x0.o(.text)
    EFC_IRQHandler                           0x0000015d   Thumb Code     0  startup_acm32f0x0.o(.text)
    EXTI_IRQHandler                          0x0000015d   Thumb Code     0  startup_acm32f0x0.o(.text)
    GPIOAB_IRQHandler                        0x0000015d   Thumb Code     0  startup_acm32f0x0.o(.text)
    GPIOCD_IRQHandler                        0x0000015d   Thumb Code     0  startup_acm32f0x0.o(.text)
    I2C1_IRQHandler                          0x0000015d   Thumb Code     0  startup_acm32f0x0.o(.text)
    I2C2_IRQHandler                          0x0000015d   Thumb Code     0  startup_acm32f0x0.o(.text)
    LPUART_IRQHandler                        0x0000015d   Thumb Code     0  startup_acm32f0x0.o(.text)
    RSV_IRQHandler                           0x0000015d   Thumb Code     0  startup_acm32f0x0.o(.text)
    RTC_IRQHandler                           0x0000015d   Thumb Code     0  startup_acm32f0x0.o(.text)
    SPI1_IRQHandler                          0x0000015d   Thumb Code     0  startup_acm32f0x0.o(.text)
    SPI2_IRQHandler                          0x0000015d   Thumb Code     0  startup_acm32f0x0.o(.text)
    SRAM_PARITY_IRQHandler                   0x0000015d   Thumb Code     0  startup_acm32f0x0.o(.text)
    TIM14_IRQHandler                         0x0000015d   Thumb Code     0  startup_acm32f0x0.o(.text)
    TIM15_IRQHandler                         0x0000015d   Thumb Code     0  startup_acm32f0x0.o(.text)
    TIM16_IRQHandler                         0x0000015d   Thumb Code     0  startup_acm32f0x0.o(.text)
    TIM1_BRK_UP_TRG_COM_IRQHandler           0x0000015d   Thumb Code     0  startup_acm32f0x0.o(.text)
    TIM1_CC_IRQHandler                       0x0000015d   Thumb Code     0  startup_acm32f0x0.o(.text)
    TIM3_IRQHandler                          0x0000015d   Thumb Code     0  startup_acm32f0x0.o(.text)
    TIM6_IRQHandler                          0x0000015d   Thumb Code     0  startup_acm32f0x0.o(.text)
    UART1_IRQHandler                         0x0000015d   Thumb Code     0  startup_acm32f0x0.o(.text)
    UART2_IRQHandler                         0x0000015d   Thumb Code     0  startup_acm32f0x0.o(.text)
    UART3_IRQHandler                         0x0000015d   Thumb Code     0  startup_acm32f0x0.o(.text)
    WDT_IRQHandler                           0x0000015d   Thumb Code     0  startup_acm32f0x0.o(.text)
    __user_initial_stackheap                 0x00000161   Thumb Code     0  startup_acm32f0x0.o(.text)
    rt_hw_interrupt_disable                  0x00000181   Thumb Code     8  context_rvds.o(.text)
    rt_hw_interrupt_enable                   0x00000189   Thumb Code     6  context_rvds.o(.text)
    rt_hw_context_switch                     0x0000018f   Thumb Code    28  context_rvds.o(.text)
    rt_hw_context_switch_interrupt           0x0000018f   Thumb Code     0  context_rvds.o(.text)
    PendSV_Handler                           0x000001ab   Thumb Code    84  context_rvds.o(.text)
    rt_hw_context_switch_to                  0x000001ff   Thumb Code    44  context_rvds.o(.text)
    rt_hw_interrupt_thread_switch            0x0000022b   Thumb Code     2  context_rvds.o(.text)
    HardFault_Handler                        0x0000022d   Thumb Code    12  context_rvds.o(.text)
    _memset_w                                0x00000259   Thumb Code    26  rt_memclr.o(.text)
    _memset                                  0x00000273   Thumb Code    30  rt_memclr.o(.text)
    __aeabi_memclr                           0x00000291   Thumb Code     4  rt_memclr.o(.text)
    __rt_memclr                              0x00000291   Thumb Code     0  rt_memclr.o(.text)
    __aeabi_memclr4                          0x00000295   Thumb Code     0  rt_memclr.o(.text)
    __aeabi_memclr8                          0x00000295   Thumb Code     0  rt_memclr.o(.text)
    __rt_memclr_w                            0x00000295   Thumb Code     4  rt_memclr.o(.text)
    __aeabi_uidiv                            0x00000299   Thumb Code     0  aeabi_sdiv.o(.text)
    __aeabi_uidivmod                         0x00000299   Thumb Code    20  aeabi_sdiv.o(.text)
    __aeabi_idiv                             0x000002ad   Thumb Code     0  aeabi_sdiv.o(.text)
    __aeabi_idivmod                          0x000002ad   Thumb Code   326  aeabi_sdiv.o(.text)
    __use_two_region_memory                  0x000003f3   Thumb Code     2  heapauxi.o(.text)
    __rt_heap_escrow                         0x000003f5   Thumb Code     2  heapauxi.o(.text)
    __rt_heap_expand                         0x000003f7   Thumb Code     2  heapauxi.o(.text)
    __user_setup_stackheap                   0x000003f9   Thumb Code    62  sys_stackheap_outer.o(.text)
    exit                                     0x00000437   Thumb Code    16  exit.o(.text)
    __user_libspace                          0x00000449   Thumb Code     8  libspace.o(.text)
    __user_perproc_libspace                  0x00000449   Thumb Code     0  libspace.o(.text)
    __user_perthread_libspace                0x00000449   Thumb Code     0  libspace.o(.text)
    __I$use$semihosting                      0x00000451   Thumb Code     0  use_no_semi.o(.text)
    __use_no_semihosting_swi                 0x00000451   Thumb Code     2  use_no_semi.o(.text)
    __semihosting_library_function           0x00000453   Thumb Code     0  indicate_semi.o(.text)
    _sys_exit                                0x00000455   Thumb Code     8  sys_exit.o(.text)
    __decompress                             0x00000461   Thumb Code     0  __dczerorl2.o(.text)
    __decompress1                            0x00000461   Thumb Code    86  __dczerorl2.o(.text)
    main                                     0x000004b7   Thumb Code    10  components.o(i.$Sub$$main)
    FIFO_In                                  0x000004c1   Thumb Code    48  ac_fifo.o(i.FIFO_In)
    Get_RAM_NUM_DATA                         0x000004f1   Thumb Code   510  lcd_yr1618a.o(i.Get_RAM_NUM_DATA)
    HAL_EFlash_Init                          0x00000725   Thumb Code    12  hal_eflash.o(i.HAL_EFlash_Init)
    HAL_EFlash_Init_Para                     0x00000731   Thumb Code   104  hal_eflash_ex.o(i.HAL_EFlash_Init_Para)
    HAL_GPIO_Init                            0x000007a5   Thumb Code   920  hal_gpio.o(i.HAL_GPIO_Init)
    HAL_GPIO_WritePin                        0x00000b5d   Thumb Code   114  hal_gpio.o(i.HAL_GPIO_WritePin)
    HAL_LCD_IRQHandler                       0x00000bd9   Thumb Code    16  hal_lcd.o(i.HAL_LCD_IRQHandler)
    HAL_LCD_InResConfig                      0x00000be9   Thumb Code   344  hal_lcd.o(i.HAL_LCD_InResConfig)
    HAL_LCD_Init                             0x00000d45   Thumb Code   352  hal_lcd.o(i.HAL_LCD_Init)
    HAL_LCD_MspInit                          0x00000ea9   Thumb Code    56  hal_lcd.o(i.HAL_LCD_MspInit)
    HAL_LCD_SegComConfig                     0x00000ee9   Thumb Code    30  hal_lcd.o(i.HAL_LCD_SegComConfig)
    HAL_LCD_Write                            0x00000f0d   Thumb Code    36  hal_lcd.o(i.HAL_LCD_Write)
    HAL_RTC_Config                           0x00000f35   Thumb Code   196  hal_rtc.o(i.HAL_RTC_Config)
    HAL_RTC_GetDate                          0x00001005   Thumb Code    26  hal_rtc.o(i.HAL_RTC_GetDate)
    HAL_RTC_GetTime                          0x00001025   Thumb Code    20  hal_rtc.o(i.HAL_RTC_GetTime)
    HAL_RTC_SetDate                          0x0000103d   Thumb Code   170  hal_rtc.o(i.HAL_RTC_SetDate)
    HAL_RTC_SetTime                          0x000010f1   Thumb Code    50  hal_rtc.o(i.HAL_RTC_SetTime)
    HAL_TKEY_ScanProcess                     0x0000112d   Thumb Code   678  hal_tkey.o(i.HAL_TKEY_ScanProcess)
    LCD_BACK_LED                             0x000013e5   Thumb Code    68  lcd_yr1618a.o(i.LCD_BACK_LED)
    LCD_Config                               0x0000142d   Thumb Code    32  lcd_task.o(i.LCD_Config)
    LCD_DisplayNum_YR1618A                   0x00001465   Thumb Code    74  lcd_yr1618a.o(i.LCD_DisplayNum_YR1618A)
    LCD_GPIO_Config_YR1618A                  0x000014b9   Thumb Code    80  lcd_yr1618a.o(i.LCD_GPIO_Config_YR1618A)
    LCD_IRQHandler                           0x00001519   Thumb Code    12  lcd_task.o(i.LCD_IRQHandler)
    LCD_Init_YR1618A                         0x00001529   Thumb Code   116  lcd_yr1618a.o(i.LCD_Init_YR1618A)
    LCD_SegCom_Config_YR1618A                0x000015a5   Thumb Code   102  lcd_yr1618a.o(i.LCD_SegCom_Config_YR1618A)
    LCD_YR1618A_SelfDisplay                  0x00001619   Thumb Code   184  lcd_yr1618a.o(i.LCD_YR1618A_SelfDisplay)
    LCD_YR1618A_VIEW                         0x000016d5   Thumb Code   832  lcd_yr1618a.o(i.LCD_YR1618A_VIEW)
    LCD_entry                                0x00001a71   Thumb Code    46  lcd_task.o(i.LCD_entry)
    LCD_time_display                         0x00001ab5   Thumb Code    88  lcd_task.o(i.LCD_time_display)
    LED_USR_Init                             0x00001b1d   Thumb Code    28  led_usr.o(i.LED_USR_Init)
    LED_entry                                0x00001b3d   Thumb Code    44  led_task.o(i.LED_entry)
    RTC_Config                               0x00001c59   Thumb Code    68  rtc.o(i.RTC_Config)
    SysTick_Handler                          0x00001c9d   Thumb Code    18  board.o(i.SysTick_Handler)
    System_Clock_Init                        0x00001cb5   Thumb Code   390  system_acm32f0x0.o(i.System_Clock_Init)
    System_Core_Config                       0x00001e59   Thumb Code    88  system_acm32f0x0.o(i.System_Core_Config)
    System_Delay                             0x00001eb5   Thumb Code    16  system_acm32f0x0.o(i.System_Delay)
    System_Delay_MS                          0x00001ec5   Thumb Code    22  system_acm32f0x0.o(i.System_Delay_MS)
    System_Init                              0x00001ee1   Thumb Code    58  system_acm32f0x0.o(i.System_Init)
    System_Module_Enable                     0x00001f29   Thumb Code    48  system_acm32f0x0.o(i.System_Module_Enable)
    System_Module_Reset                      0x00001f5d   Thumb Code    40  system_acm32f0x0.o(i.System_Module_Reset)
    System_Set_Buzzer_Divider                0x00001f89   Thumb Code    50  system_acm32f0x0.o(i.System_Set_Buzzer_Divider)
    System_SysTick_Init                      0x00001fc5   Thumb Code    60  system_acm32f0x0.o(i.System_SysTick_Init)
    TIM17_IRQHandler                         0x00002011   Thumb Code   130  tkey.o(i.TIM17_IRQHandler)
    TKEY_IRQHandler                          0x000020a5   Thumb Code     8  hal_tkey.o(i.TKEY_IRQHandler)
    __ARM_common_switch8                     0x000020b5   Thumb Code    28  hal_adc.o(i.__ARM_common_switch8)
    __rt_ffs                                 0x000020d1   Thumb Code    86  kservice.o(i.__rt_ffs)
    lcd_example                              0x0000222d   Thumb Code    46  lcd_task.o(i.lcd_example)
    led_example                              0x00002269   Thumb Code    46  led_task.o(i.led_example)
    $Super$$main                             0x000022a5   Thumb Code    12  main.o(i.main)
    main_thread_entry                        0x000022b1   Thumb Code    14  components.o(i.main_thread_entry)
    rt_application_init                      0x0000233d   Thumb Code    34  components.o(i.rt_application_init)
    rt_components_board_init                 0x0000236d   Thumb Code    20  components.o(i.rt_components_board_init)
    rt_components_init                       0x00002389   Thumb Code    20  components.o(i.rt_components_init)
    rt_enter_critical                        0x000023a5   Thumb Code    28  scheduler.o(i.rt_enter_critical)
    rt_exit_critical                         0x000023c5   Thumb Code    64  scheduler.o(i.rt_exit_critical)
    rt_free                                  0x0000240d   Thumb Code   100  mem.o(i.rt_free)
    rt_heap_begin_get                        0x00002485   Thumb Code     4  board.o(i.rt_heap_begin_get)
    rt_heap_end_get                          0x0000248d   Thumb Code     4  board.o(i.rt_heap_end_get)
    rt_hw_board_init                         0x00002495   Thumb Code    30  board.o(i.rt_hw_board_init)
    rt_hw_hard_fault_exception               0x000024b3   Thumb Code     4  cpuport.o(i.rt_hw_hard_fault_exception)
    rt_hw_stack_init                         0x000024b9   Thumb Code    58  cpuport.o(i.rt_hw_stack_init)
    rt_interrupt_enter                       0x000024f9   Thumb Code    26  irq.o(i.rt_interrupt_enter)
    rt_interrupt_leave                       0x00002519   Thumb Code    26  irq.o(i.rt_interrupt_leave)
    rt_malloc                                0x00002661   Thumb Code   334  mem.o(i.rt_malloc)
    rt_memset                                0x000027cd   Thumb Code    76  kservice.o(i.rt_memset)
    rt_object_allocate                       0x00002819   Thumb Code    80  object.o(i.rt_object_allocate)
    rt_object_delete                         0x00002869   Thumb Code    36  object.o(i.rt_object_delete)
    rt_object_detach                         0x0000288d   Thumb Code    30  object.o(i.rt_object_detach)
    rt_object_get_information                0x000028ad   Thumb Code    32  object.o(i.rt_object_get_information)
    rt_object_init                           0x000028d1   Thumb Code    84  object.o(i.rt_object_init)
    rt_object_is_systemobject                0x00002925   Thumb Code    20  object.o(i.rt_object_is_systemobject)
    rt_os_tick_callback                      0x00002939   Thumb Code    16  board.o(i.rt_os_tick_callback)
    rt_schedule                              0x00002949   Thumb Code   106  scheduler.o(i.rt_schedule)
    rt_schedule_insert_thread                0x000029cd   Thumb Code    74  scheduler.o(i.rt_schedule_insert_thread)
    rt_schedule_remove_thread                0x00002a21   Thumb Code    78  scheduler.o(i.rt_schedule_remove_thread)
    rt_sem_init                              0x00002a79   Thumb Code    34  ipc.o(i.rt_sem_init)
    rt_sem_release                           0x00002a9d   Thumb Code    82  ipc.o(i.rt_sem_release)
    rt_sem_take                              0x00002af5   Thumb Code   120  ipc.o(i.rt_sem_take)
    rt_show_version                          0x00002b6d   Thumb Code     2  kservice.o(i.rt_show_version)
    rt_strncpy                               0x00002b6f   Thumb Code    56  kservice.o(i.rt_strncpy)
    rt_system_heap_init                      0x00002ba9   Thumb Code   144  mem.o(i.rt_system_heap_init)
    rt_system_scheduler_init                 0x00002c55   Thumb Code    52  scheduler.o(i.rt_system_scheduler_init)
    rt_system_scheduler_start                0x00002ca1   Thumb Code    36  scheduler.o(i.rt_system_scheduler_start)
    rt_system_timer_init                     0x00002cd1   Thumb Code    24  timer.o(i.rt_system_timer_init)
    rt_system_timer_thread_init              0x00002ced   Thumb Code     2  timer.o(i.rt_system_timer_thread_init)
    rt_thread_create                         0x00002cef   Thumb Code    80  thread.o(i.rt_thread_create)
    rt_thread_exit                           0x00002d41   Thumb Code    78  thread.o(i.rt_thread_exit)
    rt_thread_idle_excute                    0x00002da1   Thumb Code    94  idle.o(i.rt_thread_idle_excute)
    rt_thread_idle_init                      0x00002e05   Thumb Code    38  idle.o(i.rt_thread_idle_init)
    rt_thread_init                           0x00002e41   Thumb Code    44  thread.o(i.rt_thread_init)
    rt_thread_mdelay                         0x00002e6d   Thumb Code    20  thread.o(i.rt_thread_mdelay)
    rt_thread_resume                         0x00002e81   Thumb Code    60  thread.o(i.rt_thread_resume)
    rt_thread_self                           0x00002ebd   Thumb Code     6  thread.o(i.rt_thread_self)
    rt_thread_sleep                          0x00002ec9   Thumb Code    62  thread.o(i.rt_thread_sleep)
    rt_thread_startup                        0x00002f0d   Thumb Code    48  thread.o(i.rt_thread_startup)
    rt_thread_suspend                        0x00002f3d   Thumb Code    68  thread.o(i.rt_thread_suspend)
    rt_thread_timeout                        0x00002f81   Thumb Code    32  thread.o(i.rt_thread_timeout)
    rt_thread_yield                          0x00002fa1   Thumb Code    92  thread.o(i.rt_thread_yield)
    rt_tick_from_millisecond                 0x00003005   Thumb Code    62  clock.o(i.rt_tick_from_millisecond)
    rt_tick_get                              0x00003045   Thumb Code     6  clock.o(i.rt_tick_get)
    rt_tick_increase                         0x00003051   Thumb Code    44  clock.o(i.rt_tick_increase)
    rt_timer_check                           0x00003081   Thumb Code   166  timer.o(i.rt_timer_check)
    rt_timer_control                         0x00003131   Thumb Code    96  timer.o(i.rt_timer_control)
    rt_timer_detach                          0x00003191   Thumb Code    40  timer.o(i.rt_timer_detach)
    rt_timer_init                            0x000031b9   Thumb Code    38  timer.o(i.rt_timer_init)
    rt_timer_start                           0x000031e1   Thumb Code   238  timer.o(i.rt_timer_start)
    rt_timer_stop                            0x000032dd   Thumb Code    48  timer.o(i.rt_timer_stop)
    rtthread_startup                         0x0000331d   Thumb Code    42  components.o(i.rtthread_startup)
    __lowest_bit_bitmap                      0x00003346   Data         256  kservice.o(.constdata)
    __rt_init_rti_start                      0x00003468   Data           4  components.o(.rti_fn.0)
    __rt_init_rti_board_start                0x0000346c   Data           4  components.o(.rti_fn.0.end)
    __rt_init_rti_board_end                  0x00003470   Data           4  components.o(.rti_fn.1.end)
    __rt_init_led_example                    0x00003474   Data           4  led_task.o(.rti_fn.6)
    __rt_init_lcd_example                    0x00003478   Data           4  lcd_task.o(.rti_fn.6)
    __rt_init_rti_end                        0x0000347c   Data           4  components.o(.rti_fn.6.end)
    Region$$Table$$Base                      0x00003480   Number         0  anon$$obj.o(Region$$Table)
    Region$$Table$$Limit                     0x000034a0   Number         0  anon$$obj.o(Region$$Table)
    gu32_SystemClock                         0x20000000   Data           4  system_acm32f0x0.o(.data)
    gu32_APBClock                            0x20000004   Data           4  system_acm32f0x0.o(.data)
    gu32_Clocksrc                            0x20000008   Data           4  system_acm32f0x0.o(.data)
    Reset_Reason_Save                        0x2000000c   Data           1  system_acm32f0x0.o(.data)
    gu32_SystemCount                         0x20000010   Data           4  system_acm32f0x0.o(.data)
    SysTick_Handler_Callback                 0x20000014   Data           4  system_acm32f0x0.o(.data)
    LCD_SegComInitStructure2                 0x20000018   Data           8  lcd_yr1618a.o(.data)
    NUM123468_RAM0_DIS                       0x20000020   Data          22  lcd_yr1618a.o(.data)
    NUM123468_RAM1_DIS                       0x20000036   Data          22  lcd_yr1618a.o(.data)
    NUM123468_RAM2_DIS                       0x2000004c   Data          22  lcd_yr1618a.o(.data)
    NUM123468_RAM3_DIS                       0x20000062   Data          22  lcd_yr1618a.o(.data)
    NUM5_RAM0_DIS                            0x20000078   Data          22  lcd_yr1618a.o(.data)
    NUM5_RAM1_DIS                            0x2000008e   Data          22  lcd_yr1618a.o(.data)
    NUM5_RAM2_DIS                            0x200000a4   Data          22  lcd_yr1618a.o(.data)
    NUM5_RAM3_DIS                            0x200000ba   Data          22  lcd_yr1618a.o(.data)
    NUM7_RAM0_DIS                            0x200000d0   Data          22  lcd_yr1618a.o(.data)
    NUM7_RAM1_DIS                            0x200000e6   Data          22  lcd_yr1618a.o(.data)
    NUM7_RAM2_DIS                            0x200000fc   Data          22  lcd_yr1618a.o(.data)
    NUM7_RAM3_DIS                            0x20000112   Data          22  lcd_yr1618a.o(.data)
    NUM_RAM_OFFSET                           0x20000128   Data          16  lcd_yr1618a.o(.data)
    NUM1236P_RAM3                            0x20000138   Data           4  lcd_yr1618a.o(.data)
    NUM5P_RAM3                               0x2000013c   Data           4  lcd_yr1618a.o(.data)
    NUM7P_RAM3                               0x20000140   Data           4  lcd_yr1618a.o(.data)
    COL1_RAM3                                0x20000144   Data           4  lcd_yr1618a.o(.data)
    COL2_RAM3                                0x20000148   Data           4  lcd_yr1618a.o(.data)
    RAM0_OFFSET_S1_9_10_14                   0x2000014c   Data           8  lcd_yr1618a.o(.data)
    RAM1_OFFSET_S2_8_11_16                   0x20000154   Data           8  lcd_yr1618a.o(.data)
    RAM2_OFFSET_S3_7_12_15                   0x2000015c   Data           8  lcd_yr1618a.o(.data)
    RAM3_OFFSET_S4_5_6_13                    0x20000164   Data           8  lcd_yr1618a.o(.data)
    RAM_DATA_S                               0x2000016c   Data           4  lcd_yr1618a.o(.data)
    S_DATA                                   0x20000170   Data          32  lcd_yr1618a.o(.data)
    gstr_Time_Get                            0x20000198   Data           3  lcd_task.o(.data)
    gstr_Date_Get                            0x2000019b   Data           4  lcd_task.o(.data)
    lcdhandle                                0x200001a0   Data           4  lcd_task.o(.data)
    LCD_DisplayNum                           0x200001a4   Data           4  lcd_task.o(.data)
    LCD_Init                                 0x200001a8   Data           4  lcd_task.o(.data)
    fu32_num_col                             0x200001ac   Data           8  lcd_task.o(.data)
    fu32_num_s                               0x200001b4   Data           4  lcd_task.o(.data)
    rt_interrupt_from_thread                 0x200001b8   Data           4  cpuport.o(.data)
    rt_interrupt_to_thread                   0x200001bc   Data           4  cpuport.o(.data)
    rt_thread_switch_interrupt_flag          0x200001c0   Data           4  cpuport.o(.data)
    rt_interrupt_nest                        0x200001c8   Data           1  irq.o(.data)
    rt_thread_ready_priority_group           0x20000224   Data           4  scheduler.o(.data)
    rt_current_thread                        0x2000022c   Data           4  scheduler.o(.data)
    rt_current_priority                      0x20000230   Data           1  scheduler.o(.data)
    rt_thread_defunct                        0x20000234   Data           8  scheduler.o(.data)
    lcdhandle_YR1618A                        0x20000248   Data          44  lcd_yr1618a.o(.bss)
    GPIO_Init_YR1618A                        0x20000274   Data          16  lcd_yr1618a.o(.bss)
    fu32_Displayup                           0x20000484   Data          16  lcd_task.o(.bss)
    fu32_Displaydown                         0x20000494   Data          16  lcd_task.o(.bss)
    fu32_num_123567p                         0x200004a4   Data          28  lcd_task.o(.bss)
    rt_thread_priority_table                 0x20000658   Data         256  scheduler.o(.bss)
    __libspace_start                         0x20004358   Data          96  libspace.o(.bss)
    __temporary_stack_top$libspace           0x200043b8   Data           0  libspace.o(.bss)



==============================================================================

Memory Map of the image

  Image Entry point : 0x000000c1

  Load Region LR_IROM1 (Base: 0x00000000, Size: 0x000036e8, Max: 0x00020000, ABSOLUTE, COMPRESSED[0x00003564])

    Execution Region ER_IROM1 (Exec base: 0x00000000, Load base: 0x00000000, Size: 0x000034a0, Max: 0x00020000, ABSOLUTE)

    Exec Addr    Load Addr    Size         Type   Attr      Idx    E Section Name        Object

    0x00000000   0x00000000   0x000000c0   Data   RO            3    RESET               startup_acm32f0x0.o
    0x000000c0   0x000000c0   0x00000008   Code   RO         4203  * !!!main             c_p.l(__main.o)
    0x000000c8   0x000000c8   0x0000003c   Code   RO         4539    !!!scatter          c_p.l(__scatter.o)
    0x00000104   0x00000104   0x0000001c   Code   RO         4541    !!handler_zi        c_p.l(__scatter_zi.o)
    0x00000120   0x00000120   0x00000002   Code   RO         4343    .ARM.Collect$$libinit$$00000000  c_p.l(libinit.o)
    0x00000122   0x00000122   0x00000000   Code   RO         4345    .ARM.Collect$$libinit$$00000002  c_p.l(libinit2.o)
    0x00000122   0x00000122   0x00000000   Code   RO         4347    .ARM.Collect$$libinit$$00000004  c_p.l(libinit2.o)
    0x00000122   0x00000122   0x00000000   Code   RO         4350    .ARM.Collect$$libinit$$0000000A  c_p.l(libinit2.o)
    0x00000122   0x00000122   0x00000000   Code   RO         4352    .ARM.Collect$$libinit$$0000000C  c_p.l(libinit2.o)
    0x00000122   0x00000122   0x00000000   Code   RO         4354    .ARM.Collect$$libinit$$0000000E  c_p.l(libinit2.o)
    0x00000122   0x00000122   0x00000000   Code   RO         4357    .ARM.Collect$$libinit$$00000011  c_p.l(libinit2.o)
    0x00000122   0x00000122   0x00000000   Code   RO         4359    .ARM.Collect$$libinit$$00000013  c_p.l(libinit2.o)
    0x00000122   0x00000122   0x00000000   Code   RO         4361    .ARM.Collect$$libinit$$00000015  c_p.l(libinit2.o)
    0x00000122   0x00000122   0x00000000   Code   RO         4363    .ARM.Collect$$libinit$$00000017  c_p.l(libinit2.o)
    0x00000122   0x00000122   0x00000000   Code   RO         4365    .ARM.Collect$$libinit$$00000019  c_p.l(libinit2.o)
    0x00000122   0x00000122   0x00000000   Code   RO         4367    .ARM.Collect$$libinit$$0000001B  c_p.l(libinit2.o)
    0x00000122   0x00000122   0x00000000   Code   RO         4369    .ARM.Collect$$libinit$$0000001D  c_p.l(libinit2.o)
    0x00000122   0x00000122   0x00000000   Code   RO         4371    .ARM.Collect$$libinit$$0000001F  c_p.l(libinit2.o)
    0x00000122   0x00000122   0x00000000   Code   RO         4373    .ARM.Collect$$libinit$$00000021  c_p.l(libinit2.o)
    0x00000122   0x00000122   0x00000000   Code   RO         4375    .ARM.Collect$$libinit$$00000023  c_p.l(libinit2.o)
    0x00000122   0x00000122   0x00000000   Code   RO         4377    .ARM.Collect$$libinit$$00000025  c_p.l(libinit2.o)
    0x00000122   0x00000122   0x00000000   Code   RO         4381    .ARM.Collect$$libinit$$0000002C  c_p.l(libinit2.o)
    0x00000122   0x00000122   0x00000000   Code   RO         4383    .ARM.Collect$$libinit$$0000002E  c_p.l(libinit2.o)
    0x00000122   0x00000122   0x00000000   Code   RO         4385    .ARM.Collect$$libinit$$00000030  c_p.l(libinit2.o)
    0x00000122   0x00000122   0x00000000   Code   RO         4387    .ARM.Collect$$libinit$$00000032  c_p.l(libinit2.o)
    0x00000122   0x00000122   0x00000002   Code   RO         4388    .ARM.Collect$$libinit$$00000033  c_p.l(libinit2.o)
    0x00000124   0x00000124   0x00000002   Code   RO         4518    .ARM.Collect$$libshutdown$$00000000  c_p.l(libshutdown.o)
    0x00000126   0x00000126   0x00000000   Code   RO         4390    .ARM.Collect$$libshutdown$$00000002  c_p.l(libshutdown2.o)
    0x00000126   0x00000126   0x00000000   Code   RO         4392    .ARM.Collect$$libshutdown$$00000004  c_p.l(libshutdown2.o)
    0x00000126   0x00000126   0x00000000   Code   RO         4394    .ARM.Collect$$libshutdown$$00000006  c_p.l(libshutdown2.o)
    0x00000126   0x00000126   0x00000000   Code   RO         4397    .ARM.Collect$$libshutdown$$00000009  c_p.l(libshutdown2.o)
    0x00000126   0x00000126   0x00000000   Code   RO         4400    .ARM.Collect$$libshutdown$$0000000C  c_p.l(libshutdown2.o)
    0x00000126   0x00000126   0x00000000   Code   RO         4402    .ARM.Collect$$libshutdown$$0000000E  c_p.l(libshutdown2.o)
    0x00000126   0x00000126   0x00000000   Code   RO         4405    .ARM.Collect$$libshutdown$$00000011  c_p.l(libshutdown2.o)
    0x00000126   0x00000126   0x00000002   Code   RO         4406    .ARM.Collect$$libshutdown$$00000012  c_p.l(libshutdown2.o)
    0x00000128   0x00000128   0x00000000   Code   RO         4205    .ARM.Collect$$rtentry$$00000000  c_p.l(__rtentry.o)
    0x00000128   0x00000128   0x00000000   Code   RO         4223    .ARM.Collect$$rtentry$$00000002  c_p.l(__rtentry2.o)
    0x00000128   0x00000128   0x00000006   Code   RO         4235    .ARM.Collect$$rtentry$$00000004  c_p.l(__rtentry4.o)
    0x0000012e   0x0000012e   0x00000000   Code   RO         4225    .ARM.Collect$$rtentry$$00000009  c_p.l(__rtentry2.o)
    0x0000012e   0x0000012e   0x00000004   Code   RO         4226    .ARM.Collect$$rtentry$$0000000A  c_p.l(__rtentry2.o)
    0x00000132   0x00000132   0x00000000   Code   RO         4228    .ARM.Collect$$rtentry$$0000000C  c_p.l(__rtentry2.o)
    0x00000132   0x00000132   0x00000008   Code   RO         4229    .ARM.Collect$$rtentry$$0000000D  c_p.l(__rtentry2.o)
    0x0000013a   0x0000013a   0x00000002   Code   RO         4414    .ARM.Collect$$rtexit$$00000000  c_p.l(rtexit.o)
    0x0000013c   0x0000013c   0x00000000   Code   RO         4464    .ARM.Collect$$rtexit$$00000002  c_p.l(rtexit2.o)
    0x0000013c   0x0000013c   0x00000004   Code   RO         4465    .ARM.Collect$$rtexit$$00000003  c_p.l(rtexit2.o)
    0x00000140   0x00000140   0x00000006   Code   RO         4466    .ARM.Collect$$rtexit$$00000004  c_p.l(rtexit2.o)
    0x00000146   0x00000146   0x00000002   PAD
    0x00000148   0x00000148   0x00000038   Code   RO            4    .text               startup_acm32f0x0.o
    0x00000180   0x00000180   0x000000d8   Code   RO         3041    .text               context_rvds.o
    0x00000258   0x00000258   0x00000040   Code   RO         4195    .text               c_p.l(rt_memclr.o)
    0x00000298   0x00000298   0x0000015a   Code   RO         4197    .text               c_p.l(aeabi_sdiv.o)
    0x000003f2   0x000003f2   0x00000006   Code   RO         4201    .text               c_p.l(heapauxi.o)
    0x000003f8   0x000003f8   0x0000003e   Code   RO         4256    .text               c_p.l(sys_stackheap_outer.o)
    0x00000436   0x00000436   0x00000010   Code   RO         4328    .text               c_p.l(exit.o)
    0x00000446   0x00000446   0x00000002   PAD
    0x00000448   0x00000448   0x00000008   Code   RO         4407    .text               c_p.l(libspace.o)
    0x00000450   0x00000450   0x00000002   Code   RO         4410    .text               c_p.l(use_no_semi.o)
    0x00000452   0x00000452   0x00000000   Code   RO         4412    .text               c_p.l(indicate_semi.o)
    0x00000452   0x00000452   0x00000002   PAD
    0x00000454   0x00000454   0x0000000c   Code   RO         4461    .text               c_p.l(sys_exit.o)
    0x00000460   0x00000460   0x00000056   Code   RO         4537    .text               c_p.l(__dczerorl2.o)
    0x000004b6   0x000004b6   0x0000000a   Code   RO         3114    i.$Sub$$main        components.o
    0x000004c0   0x000004c0   0x00000030   Code   RO         2400    i.FIFO_In           ac_fifo.o
    0x000004f0   0x000004f0   0x00000234   Code   RO         2591    i.Get_RAM_NUM_DATA  lcd_yr1618a.o
    0x00000724   0x00000724   0x0000000c   Code   RO         2318    i.HAL_EFlash_Init   hal_eflash.o
    0x00000730   0x00000730   0x00000074   Code   RO         4045    i.HAL_EFlash_Init_Para  HAL_EFlash_EX.lib(hal_eflash_ex.o)
    0x000007a4   0x000007a4   0x000003b8   Code   RO          942    i.HAL_GPIO_Init     hal_gpio.o
    0x00000b5c   0x00000b5c   0x0000007c   Code   RO          944    i.HAL_GPIO_WritePin  hal_gpio.o
    0x00000bd8   0x00000bd8   0x00000010   Code   RO         1214    i.HAL_LCD_IRQHandler  hal_lcd.o
    0x00000be8   0x00000be8   0x0000015c   Code   RO         1215    i.HAL_LCD_InResConfig  hal_lcd.o
    0x00000d44   0x00000d44   0x00000164   Code   RO         1216    i.HAL_LCD_Init      hal_lcd.o
    0x00000ea8   0x00000ea8   0x00000040   Code   RO         1218    i.HAL_LCD_MspInit   hal_lcd.o
    0x00000ee8   0x00000ee8   0x00000024   Code   RO         1219    i.HAL_LCD_SegComConfig  hal_lcd.o
    0x00000f0c   0x00000f0c   0x00000028   Code   RO         1222    i.HAL_LCD_Write     hal_lcd.o
    0x00000f34   0x00000f34   0x000000d0   Code   RO         1469    i.HAL_RTC_Config    hal_rtc.o
    0x00001004   0x00001004   0x00000020   Code   RO         1470    i.HAL_RTC_GetDate   hal_rtc.o
    0x00001024   0x00001024   0x00000018   Code   RO         1471    i.HAL_RTC_GetTime   hal_rtc.o
    0x0000103c   0x0000103c   0x000000b4   Code   RO         1474    i.HAL_RTC_SetDate   hal_rtc.o
    0x000010f0   0x000010f0   0x0000003c   Code   RO         1475    i.HAL_RTC_SetTime   hal_rtc.o
    0x0000112c   0x0000112c   0x000002b8   Code   RO         1902    i.HAL_TKEY_ScanProcess  hal_tkey.o
    0x000013e4   0x000013e4   0x00000048   Code   RO         2592    i.LCD_BACK_LED      lcd_yr1618a.o
    0x0000142c   0x0000142c   0x00000038   Code   RO         2980    i.LCD_Config        lcd_task.o
    0x00001464   0x00001464   0x00000054   Code   RO         2593    i.LCD_DisplayNum_YR1618A  lcd_yr1618a.o
    0x000014b8   0x000014b8   0x00000060   Code   RO         2595    i.LCD_GPIO_Config_YR1618A  lcd_yr1618a.o
    0x00001518   0x00001518   0x00000010   Code   RO         2981    i.LCD_IRQHandler    lcd_task.o
    0x00001528   0x00001528   0x0000007c   Code   RO         2596    i.LCD_Init_YR1618A  lcd_yr1618a.o
    0x000015a4   0x000015a4   0x00000074   Code   RO         2597    i.LCD_SegCom_Config_YR1618A  lcd_yr1618a.o
    0x00001618   0x00001618   0x000000bc   Code   RO         2598    i.LCD_YR1618A_SelfDisplay  lcd_yr1618a.o
    0x000016d4   0x000016d4   0x0000039c   Code   RO         2600    i.LCD_YR1618A_VIEW  lcd_yr1618a.o
    0x00001a70   0x00001a70   0x00000044   Code   RO         2982    i.LCD_entry         lcd_task.o
    0x00001ab4   0x00001ab4   0x00000068   Code   RO         2983    i.LCD_time_display  lcd_task.o
    0x00001b1c   0x00001b1c   0x00000020   Code   RO         2373    i.LED_USR_Init      led_usr.o
    0x00001b3c   0x00001b3c   0x0000002c   Code   RO         2947    i.LED_entry         led_task.o
    0x00001b68   0x00001b68   0x00000078   Code   RO           12    i.NVIC_SetPriority  system_acm32f0x0.o
    0x00001be0   0x00001be0   0x00000078   Code   RO         1223    i.NVIC_SetPriority  hal_lcd.o
    0x00001c58   0x00001c58   0x00000044   Code   RO         2924    i.RTC_Config        rtc.o
    0x00001c9c   0x00001c9c   0x00000018   Code   RO         3998    i.SysTick_Handler   board.o
    0x00001cb4   0x00001cb4   0x000001a4   Code   RO           14    i.System_Clock_Init  system_acm32f0x0.o
    0x00001e58   0x00001e58   0x0000005c   Code   RO           15    i.System_Core_Config  system_acm32f0x0.o
    0x00001eb4   0x00001eb4   0x00000010   Code   RO           16    i.System_Delay      system_acm32f0x0.o
    0x00001ec4   0x00001ec4   0x0000001c   Code   RO           17    i.System_Delay_MS   system_acm32f0x0.o
    0x00001ee0   0x00001ee0   0x00000048   Code   RO           30    i.System_Init       system_acm32f0x0.o
    0x00001f28   0x00001f28   0x00000034   Code   RO           33    i.System_Module_Enable  system_acm32f0x0.o
    0x00001f5c   0x00001f5c   0x0000002c   Code   RO           34    i.System_Module_Reset  system_acm32f0x0.o
    0x00001f88   0x00001f88   0x0000003c   Code   RO           38    i.System_Set_Buzzer_Divider  system_acm32f0x0.o
    0x00001fc4   0x00001fc4   0x0000004c   Code   RO           39    i.System_SysTick_Init  system_acm32f0x0.o
    0x00002010   0x00002010   0x00000094   Code   RO         2714    i.TIM17_IRQHandler  tkey.o
    0x000020a4   0x000020a4   0x00000010   Code   RO         1909    i.TKEY_IRQHandler   hal_tkey.o
    0x000020b4   0x000020b4   0x0000001c   Code   RO          459    i.__ARM_common_switch8  hal_adc.o
    0x000020d0   0x000020d0   0x0000005c   Code   RO         3384    i.__rt_ffs          kservice.o
    0x0000212c   0x0000212c   0x00000088   Code   RO         3752    i._rt_thread_init   thread.o
    0x000021b4   0x000021b4   0x0000003c   Code   RO         3884    i._rt_timer_init    timer.o
    0x000021f0   0x000021f0   0x0000001c   Code   RO         3885    i._rt_timer_remove  timer.o
    0x0000220c   0x0000220c   0x0000001e   Code   RO         3753    i._thread_cleanup_execute  thread.o
    0x0000222a   0x0000222a   0x00000002   PAD
    0x0000222c   0x0000222c   0x0000003c   Code   RO         2985    i.lcd_example       lcd_task.o
    0x00002268   0x00002268   0x0000003c   Code   RO         2948    i.led_example       led_task.o
    0x000022a4   0x000022a4   0x0000000c   Code   RO         2353    i.main              main.o
    0x000022b0   0x000022b0   0x0000000e   Code   RO         3115    i.main_thread_entry  components.o
    0x000022be   0x000022be   0x00000002   PAD
    0x000022c0   0x000022c0   0x0000007c   Code   RO         3542    i.plug_holes        mem.o
    0x0000233c   0x0000233c   0x00000030   Code   RO         3116    i.rt_application_init  components.o
    0x0000236c   0x0000236c   0x0000001c   Code   RO         3117    i.rt_components_board_init  components.o
    0x00002388   0x00002388   0x0000001c   Code   RO         3118    i.rt_components_init  components.o
    0x000023a4   0x000023a4   0x00000020   Code   RO         3686    i.rt_enter_critical  scheduler.o
    0x000023c4   0x000023c4   0x00000048   Code   RO         3687    i.rt_exit_critical  scheduler.o
    0x0000240c   0x0000240c   0x00000078   Code   RO         3544    i.rt_free           mem.o
    0x00002484   0x00002484   0x00000008   Code   RO         3999    i.rt_heap_begin_get  board.o
    0x0000248c   0x0000248c   0x00000008   Code   RO         4000    i.rt_heap_end_get   board.o
    0x00002494   0x00002494   0x0000001e   Code   RO         4001    i.rt_hw_board_init  board.o
    0x000024b2   0x000024b2   0x00000004   Code   RO         3046    i.rt_hw_hard_fault_exception  cpuport.o
    0x000024b6   0x000024b6   0x00000002   PAD
    0x000024b8   0x000024b8   0x00000040   Code   RO         3047    i.rt_hw_stack_init  cpuport.o
    0x000024f8   0x000024f8   0x00000020   Code   RO         3357    i.rt_interrupt_enter  irq.o
    0x00002518   0x00002518   0x00000020   Code   RO         3359    i.rt_interrupt_leave  irq.o
    0x00002538   0x00002538   0x00000014   Code   RO         3217    i.rt_ipc_list_resume  ipc.o
    0x0000254c   0x0000254c   0x00000064   Code   RO         3219    i.rt_ipc_list_suspend  ipc.o
    0x000025b0   0x000025b0   0x00000010   Code   RO         3220    i.rt_ipc_object_init  ipc.o
    0x000025c0   0x000025c0   0x00000006   Code   RO         3221    i.rt_list_init      ipc.o
    0x000025c6   0x000025c6   0x00000006   Code   RO         3688    i.rt_list_init      scheduler.o
    0x000025cc   0x000025cc   0x00000006   Code   RO         3886    i.rt_list_init      timer.o
    0x000025d2   0x000025d2   0x0000000e   Code   RO         3598    i.rt_list_insert_after  object.o
    0x000025e0   0x000025e0   0x0000000e   Code   RO         3754    i.rt_list_insert_after  thread.o
    0x000025ee   0x000025ee   0x0000000e   Code   RO         3887    i.rt_list_insert_after  timer.o
    0x000025fc   0x000025fc   0x0000000e   Code   RO         3222    i.rt_list_insert_before  ipc.o
    0x0000260a   0x0000260a   0x00000010   Code   RO         3223    i.rt_list_isempty   ipc.o
    0x0000261a   0x0000261a   0x00000010   Code   RO         3888    i.rt_list_isempty   timer.o
    0x0000262a   0x0000262a   0x00000012   Code   RO         3599    i.rt_list_remove    object.o
    0x0000263c   0x0000263c   0x00000012   Code   RO         3755    i.rt_list_remove    thread.o
    0x0000264e   0x0000264e   0x00000012   Code   RO         3889    i.rt_list_remove    timer.o
    0x00002660   0x00002660   0x0000016c   Code   RO         3545    i.rt_malloc         mem.o
    0x000027cc   0x000027cc   0x0000004c   Code   RO         3393    i.rt_memset         kservice.o
    0x00002818   0x00002818   0x00000050   Code   RO         3600    i.rt_object_allocate  object.o
    0x00002868   0x00002868   0x00000024   Code   RO         3601    i.rt_object_delete  object.o
    0x0000288c   0x0000288c   0x0000001e   Code   RO         3602    i.rt_object_detach  object.o
    0x000028aa   0x000028aa   0x00000002   PAD
    0x000028ac   0x000028ac   0x00000024   Code   RO         3604    i.rt_object_get_information  object.o
    0x000028d0   0x000028d0   0x00000054   Code   RO         3608    i.rt_object_init    object.o
    0x00002924   0x00002924   0x00000014   Code   RO         3609    i.rt_object_is_systemobject  object.o
    0x00002938   0x00002938   0x00000010   Code   RO         4002    i.rt_os_tick_callback  board.o
    0x00002948   0x00002948   0x00000084   Code   RO         3689    i.rt_schedule       scheduler.o
    0x000029cc   0x000029cc   0x00000054   Code   RO         3690    i.rt_schedule_insert_thread  scheduler.o
    0x00002a20   0x00002a20   0x00000058   Code   RO         3691    i.rt_schedule_remove_thread  scheduler.o
    0x00002a78   0x00002a78   0x00000022   Code   RO         3236    i.rt_sem_init       ipc.o
    0x00002a9a   0x00002a9a   0x00000002   PAD
    0x00002a9c   0x00002a9c   0x00000058   Code   RO         3237    i.rt_sem_release    ipc.o
    0x00002af4   0x00002af4   0x00000078   Code   RO         3238    i.rt_sem_take       ipc.o
    0x00002b6c   0x00002b6c   0x00000002   Code   RO         3395    i.rt_show_version   kservice.o
    0x00002b6e   0x00002b6e   0x00000038   Code   RO         3403    i.rt_strncpy        kservice.o
    0x00002ba6   0x00002ba6   0x00000002   PAD
    0x00002ba8   0x00002ba8   0x000000ac   Code   RO         3548    i.rt_system_heap_init  mem.o
    0x00002c54   0x00002c54   0x0000004c   Code   RO         3692    i.rt_system_scheduler_init  scheduler.o
    0x00002ca0   0x00002ca0   0x00000030   Code   RO         3693    i.rt_system_scheduler_start  scheduler.o
    0x00002cd0   0x00002cd0   0x0000001c   Code   RO         3890    i.rt_system_timer_init  timer.o
    0x00002cec   0x00002cec   0x00000002   Code   RO         3891    i.rt_system_timer_thread_init  timer.o
    0x00002cee   0x00002cee   0x00000050   Code   RO         3757    i.rt_thread_create  thread.o
    0x00002d3e   0x00002d3e   0x00000002   PAD
    0x00002d40   0x00002d40   0x00000058   Code   RO         3762    i.rt_thread_exit    thread.o
    0x00002d98   0x00002d98   0x00000008   Code   RO         3182    i.rt_thread_idle_entry  idle.o
    0x00002da0   0x00002da0   0x00000064   Code   RO         3183    i.rt_thread_idle_excute  idle.o
    0x00002e04   0x00002e04   0x0000003c   Code   RO         3185    i.rt_thread_idle_init  idle.o
    0x00002e40   0x00002e40   0x0000002c   Code   RO         3764    i.rt_thread_init    thread.o
    0x00002e6c   0x00002e6c   0x00000014   Code   RO         3765    i.rt_thread_mdelay  thread.o
    0x00002e80   0x00002e80   0x0000003c   Code   RO         3766    i.rt_thread_resume  thread.o
    0x00002ebc   0x00002ebc   0x0000000c   Code   RO         3767    i.rt_thread_self    thread.o
    0x00002ec8   0x00002ec8   0x00000044   Code   RO         3768    i.rt_thread_sleep   thread.o
    0x00002f0c   0x00002f0c   0x00000030   Code   RO         3769    i.rt_thread_startup  thread.o
    0x00002f3c   0x00002f3c   0x00000044   Code   RO         3770    i.rt_thread_suspend  thread.o
    0x00002f80   0x00002f80   0x00000020   Code   RO         3771    i.rt_thread_timeout  thread.o
    0x00002fa0   0x00002fa0   0x00000064   Code   RO         3772    i.rt_thread_yield   thread.o
    0x00003004   0x00003004   0x0000003e   Code   RO         3074    i.rt_tick_from_millisecond  clock.o
    0x00003042   0x00003042   0x00000002   PAD
    0x00003044   0x00003044   0x0000000c   Code   RO         3075    i.rt_tick_get       clock.o
    0x00003050   0x00003050   0x00000030   Code   RO         3076    i.rt_tick_increase  clock.o
    0x00003080   0x00003080   0x000000b0   Code   RO         3892    i.rt_timer_check    timer.o
    0x00003130   0x00003130   0x00000060   Code   RO         3893    i.rt_timer_control  timer.o
    0x00003190   0x00003190   0x00000028   Code   RO         3896    i.rt_timer_detach   timer.o
    0x000031b8   0x000031b8   0x00000026   Code   RO         3897    i.rt_timer_init     timer.o
    0x000031de   0x000031de   0x00000002   PAD
    0x000031e0   0x000031e0   0x000000fc   Code   RO         3900    i.rt_timer_start    timer.o
    0x000032dc   0x000032dc   0x00000030   Code   RO         3901    i.rt_timer_stop     timer.o
    0x0000330c   0x0000330c   0x00000004   Code   RO         3119    i.rti_board_end     components.o
    0x00003310   0x00003310   0x00000004   Code   RO         3120    i.rti_board_start   components.o
    0x00003314   0x00003314   0x00000004   Code   RO         3121    i.rti_end           components.o
    0x00003318   0x00003318   0x00000004   Code   RO         3122    i.rti_start         components.o
    0x0000331c   0x0000331c   0x0000002a   Code   RO         3123    i.rtthread_startup  components.o
    0x00003346   0x00003346   0x00000122   Data   RO         3409    .constdata          kservice.o
    0x00003468   0x00003468   0x00000004   Data   RO         3124    .rti_fn.0           components.o
    0x0000346c   0x0000346c   0x00000004   Data   RO         3125    .rti_fn.0.end       components.o
    0x00003470   0x00003470   0x00000004   Data   RO         3126    .rti_fn.1.end       components.o
    0x00003474   0x00003474   0x00000004   Data   RO         2950    .rti_fn.6           led_task.o
    0x00003478   0x00003478   0x00000004   Data   RO         2988    .rti_fn.6           lcd_task.o
    0x0000347c   0x0000347c   0x00000004   Data   RO         3127    .rti_fn.6.end       components.o
    0x00003480   0x00003480   0x00000020   Data   RO         4535    Region$$Table       anon$$obj.o


    Execution Region RW_IRAM1 (Exec base: 0x20000000, Load base: 0x000034a0, Size: 0x00004bb8, Max: 0x00008000, ABSOLUTE, COMPRESSED[0x000000c4])

    Exec Addr    Load Addr    Size         Type   Attr      Idx    E Section Name        Object

    0x20000000   COMPRESSED   0x00000018   Data   RW           41    .data               system_acm32f0x0.o
    0x20000018   COMPRESSED   0x00000178   Data   RW         2602    .data               lcd_yr1618a.o
    0x20000190   COMPRESSED   0x00000004   Data   RW         2949    .data               led_task.o
    0x20000194   COMPRESSED   0x00000024   Data   RW         2987    .data               lcd_task.o
    0x200001b8   COMPRESSED   0x0000000c   Data   RW         3048    .data               cpuport.o
    0x200001c4   COMPRESSED   0x00000004   Data   RW         3078    .data               clock.o
    0x200001c8   COMPRESSED   0x00000001   Data   RW         3360    .data               irq.o
    0x200001c9   COMPRESSED   0x00000003   PAD
    0x200001cc   COMPRESSED   0x00000018   Data   RW         3550    .data               mem.o
    0x200001e4   COMPRESSED   0x00000040   Data   RW         3611    .data               object.o
    0x20000224   COMPRESSED   0x00000018   Data   RW         3695    .data               scheduler.o
    0x2000023c   COMPRESSED   0x0000000c   Data   RW         3902    .data               timer.o
    0x20000248        -       0x0000003c   Zero   RW         2601    .bss                lcd_yr1618a.o
    0x20000284        -       0x00000200   Zero   RW         2740    .bss                tkey.o
    0x20000484        -       0x0000003c   Zero   RW         2986    .bss                lcd_task.o
    0x200004c0        -       0x00000178   Zero   RW         3186    .bss                idle.o
    0x20000638        -       0x00000020   Zero   RW         3549    .bss                mem.o
    0x20000658        -       0x00000100   Zero   RW         3694    .bss                scheduler.o
    0x20000758        -       0x00003c00   Zero   RW         4003    .bss                board.o
    0x20004358        -       0x00000060   Zero   RW         4408    .bss                c_p.l(libspace.o)
    0x200043b8        -       0x00000000   Zero   RW            2    HEAP                startup_acm32f0x0.o
    0x200043b8        -       0x00000800   Zero   RW            1    STACK               startup_acm32f0x0.o


==============================================================================

Image component sizes


      Code (inc. data)   RO Data    RW Data    ZI Data      Debug   Object Name

        48          0          0          0          0       1390   ac_fifo.o
        86         14          0          0      15360       2772   board.o
       122         10          0          4          0       1820   clock.o
       186         30         16          0          0       6116   components.o
       216         32          0          0          0        860   context_rvds.o
        68          6          0         12          0       3170   cpuport.o
        28          0          0          0          0         76   hal_adc.o
        12          0          0          0          0        510   hal_eflash.o
      1076         42          0          0          0       2748   hal_gpio.o
       980         36          0          0          0      11063   hal_lcd.o
       504         42          0          0          0       3085   hal_rtc.o
       712         26          0          0          0       1928   hal_tkey.o
       168         28          0          0        376       5350   idle.o
       414          6          0          0          0       8637   ipc.o
        64         12          0          1          0       1754   irq.o
       226          6        290          0          0       5672   kservice.o
       304         80          4         36         60       3756   lcd_task.o
      2168        202          0        376         60       7192   lcd_yr1618a.o
       104         14          4          4          0       1762   led_task.o
        32          4          0          0          0        439   led_usr.o
        12          0          0          0          0        371   main.o
       780         90          0         24         32       4096   mem.o
       318          4          0         64          0       8556   object.o
        68          0          0          0          0        549   rtc.o
       538         94          0         24        256       8818   scheduler.o
        56         24        192          0       2048        708   startup_acm32f0x0.o
       980         98          0         24          0      83434   system_acm32f0x0.o
       818         40          0          0          0      12728   thread.o
       822         36          0         12          0      11988   timer.o
       148         18          0          0        512       2769   tkey.o

    ----------------------------------------------------------------------
     12076        994        538        584      18704     204117   Object Totals
         0          0         32          0          0          0   (incl. Generated)
        18          0          0          3          0          0   (incl. Padding)

    ----------------------------------------------------------------------

      Code (inc. data)   RO Data    RW Data    ZI Data      Debug   Library Member Name

       116         12          0          0          0      14435   hal_eflash_ex.o
        86          0          0          0          0          0   __dczerorl2.o
         8          0          0          0          0         68   __main.o
         0          0          0          0          0          0   __rtentry.o
        12          0          0          0          0          0   __rtentry2.o
         6          0          0          0          0          0   __rtentry4.o
        60          8          0          0          0          0   __scatter.o
        28          0          0          0          0          0   __scatter_zi.o
       346          0          0          0          0         92   aeabi_sdiv.o
        16          0          0          0          0         68   exit.o
         6          0          0          0          0        136   heapauxi.o
         0          0          0          0          0          0   indicate_semi.o
         2          0          0          0          0          0   libinit.o
         2          0          0          0          0          0   libinit2.o
         2          0          0          0          0          0   libshutdown.o
         2          0          0          0          0          0   libshutdown2.o
         8          4          0          0         96         68   libspace.o
        64          0          0          0          0        108   rt_memclr.o
         2          0          0          0          0          0   rtexit.o
        10          0          0          0          0          0   rtexit2.o
        12          4          0          0          0         60   sys_exit.o
        62          0          0          0          0         80   sys_stackheap_outer.o
         2          0          0          0          0         68   use_no_semi.o

    ----------------------------------------------------------------------
       858         28          0          0         96      15183   Library Totals
         6          0          0          0          0          0   (incl. Padding)

    ----------------------------------------------------------------------

      Code (inc. data)   RO Data    RW Data    ZI Data      Debug   Library Name

       116         12          0          0          0      14435   HAL_EFlash_EX.lib
       736         16          0          0         96        748   c_p.l

    ----------------------------------------------------------------------
       858         28          0          0         96      15183   Library Totals

    ----------------------------------------------------------------------

==============================================================================


      Code (inc. data)   RO Data    RW Data    ZI Data      Debug   

     12934       1022        538        584      18800     213300   Grand Totals
     12934       1022        538        196      18800     213300   ELF Image Totals (compressed)
     12934       1022        538        196          0          0   ROM Totals

==============================================================================

    Total RO  Size (Code + RO Data)                13472 (  13.16kB)
    Total RW  Size (RW Data + ZI Data)             19384 (  18.93kB)
    Total ROM Size (Code + RO Data + RW Data)      13668 (  13.35kB)

==============================================================================

