Component: ARM Compiler 5.06 update 7 (build 960) Tool: armlink [4d3601]

==============================================================================

Section Cross References

    startup_acm32f0x0.o(RESET) refers to startup_acm32f0x0.o(STACK) for __initial_sp
    startup_acm32f0x0.o(RESET) refers to startup_acm32f0x0.o(.text) for Reset_Handler
    startup_acm32f0x0.o(RESET) refers to context_rvds.o(.text) for HardFault_Handler
    startup_acm32f0x0.o(RESET) refers to board.o(i.SysTick_Handler) for SysTick_Handler
    startup_acm32f0x0.o(RESET) refers to lcd_task.o(i.LCD_IRQHandler) for LCD_IRQHandler
    startup_acm32f0x0.o(RESET) refers to hal_tkey.o(i.TKEY_IRQHandler) for TKEY_IRQHandler
    startup_acm32f0x0.o(RESET) refers to tkey.o(i.TIM17_IRQHandler) for TIM17_IRQHandler
    startup_acm32f0x0.o(.text) refers to system_acm32f0x0.o(i.System_Core_Config) for System_Core_Config
    startup_acm32f0x0.o(.text) refers to entry.o(.ARM.Collect$$$$00000000) for __main
    system_acm32f0x0.o(i.System_Clock_Init) refers to system_acm32f0x0.o(i.System_Delay) for System_Delay
    system_acm32f0x0.o(i.System_Clock_Init) refers to hal_eflash.o(i.HAL_EFlash_Init) for HAL_EFlash_Init
    system_acm32f0x0.o(i.System_Clock_Init) refers to system_acm32f0x0.o(.data) for gu32_Clocksrc
    system_acm32f0x0.o(i.System_Core_Config) refers to system_acm32f0x0.o(i.System_Delay) for System_Delay
    system_acm32f0x0.o(i.System_Delay_MS) refers to system_acm32f0x0.o(.data) for gu32_SystemCount
    system_acm32f0x0.o(i.System_Enable_Disable_RTC_Domain_Access) refers to system_acm32f0x0.o(i.System_Delay) for System_Delay
    system_acm32f0x0.o(i.System_Enter_Standby_Mode) refers to system_acm32f0x0.o(i.System_Delay) for System_Delay
    system_acm32f0x0.o(i.System_Enter_Standby_Mode) refers to printf1.o(i.__0printf$1) for __2printf
    system_acm32f0x0.o(i.System_Enter_Stop_Mode) refers to system_acm32f0x0.o(i.System_SysTick_Off) for System_SysTick_Off
    system_acm32f0x0.o(i.System_Enter_Stop_Mode) refers to system_acm32f0x0.o(i.System_SysTick_Init) for System_SysTick_Init
    system_acm32f0x0.o(i.System_Get_APBClock) refers to system_acm32f0x0.o(.data) for gu32_APBClock
    system_acm32f0x0.o(i.System_Get_Clk_Source) refers to system_acm32f0x0.o(.data) for gu32_Clocksrc
    system_acm32f0x0.o(i.System_Get_SystemClock) refers to system_acm32f0x0.o(.data) for gu32_SystemClock
    system_acm32f0x0.o(i.System_Init) refers to system_acm32f0x0.o(i.System_Set_Buzzer_Divider) for System_Set_Buzzer_Divider
    system_acm32f0x0.o(i.System_Init) refers to system_acm32f0x0.o(i.System_Clock_Init) for System_Clock_Init
    system_acm32f0x0.o(i.System_Init) refers to system_acm32f0x0.o(i.System_SysTick_Init) for System_SysTick_Init
    system_acm32f0x0.o(i.System_Init) refers to system_acm32f0x0.o(.data) for SysTick_Handler_Callback
    system_acm32f0x0.o(i.System_LVD_Config) refers to system_acm32f0x0.o(i.System_Delay) for System_Delay
    system_acm32f0x0.o(i.System_Module_Enable) refers to system_acm32f0x0.o(i.System_Delay) for System_Delay
    system_acm32f0x0.o(i.System_Module_Reset) refers to system_acm32f0x0.o(i.System_Delay) for System_Delay
    system_acm32f0x0.o(i.System_Return_Last_Reset_Reason) refers to system_acm32f0x0.o(.data) for Reset_Reason_Save
    system_acm32f0x0.o(i.System_Return_Saved_Reset_Reason) refers to system_acm32f0x0.o(.data) for Reset_Reason_Save
    system_acm32f0x0.o(i.System_SysTick_Init) refers to uidiv.o(.text) for __aeabi_uidivmod
    system_acm32f0x0.o(i.System_SysTick_Init) refers to system_acm32f0x0.o(i.NVIC_SetPriority) for NVIC_SetPriority
    system_acm32f0x0.o(i.System_SysTick_Init) refers to system_acm32f0x0.o(.data) for gu32_SystemCount
    hal_adc.o(i.HAL_ADC_AnalogWDGConfig) refers to hal_adc.o(i.__ARM_common_switch8) for __ARM_common_switch8
    hal_adc.o(i.HAL_ADC_ConfigChannel) refers to system_acm32f0x0.o(i.System_Delay) for System_Delay
    hal_adc.o(i.HAL_ADC_DeInit) refers to hal_adc.o(i.HAL_ADC_MspDeInit) for HAL_ADC_MspDeInit
    hal_adc.o(i.HAL_ADC_DeInit) refers to memseta.o(.text) for __aeabi_memclr4
    hal_adc.o(i.HAL_ADC_Init) refers to hal_adc.o(i.HAL_ADC_MspInit) for HAL_ADC_MspInit
    hal_adc.o(i.HAL_ADC_InjectedStop_IT) refers to hal_adc.o(i.HAL_ADC_Stop_IT) for HAL_ADC_Stop_IT
    hal_adc.o(i.HAL_ADC_MspDeInit) refers to hal_dma.o(i.HAL_DMA_DeInit) for HAL_DMA_DeInit
    hal_adc.o(i.HAL_ADC_MspDeInit) refers to system_acm32f0x0.o(i.System_Module_Disable) for System_Module_Disable
    hal_adc.o(i.HAL_ADC_MspDeInit) refers to hal_adc.o(i.NVIC_ClearPendingIRQ) for NVIC_ClearPendingIRQ
    hal_adc.o(i.HAL_ADC_MspInit) refers to memcpya.o(.text) for __aeabi_memcpy4
    hal_adc.o(i.HAL_ADC_MspInit) refers to hal_gpio.o(i.HAL_GPIO_Init) for HAL_GPIO_Init
    hal_adc.o(i.HAL_ADC_MspInit) refers to system_acm32f0x0.o(i.System_Module_Enable) for System_Module_Enable
    hal_adc.o(i.HAL_ADC_MspInit) refers to hal_adc.o(i.NVIC_ClearPendingIRQ) for NVIC_ClearPendingIRQ
[...]
    i.TKEY_SCAN_TIMX_Cfg                     0x00003e98   Section        0  tkey.o(i.TKEY_SCAN_TIMX_Cfg)
    TKEY_SCAN_TIMX_Cfg                       0x00003e99   Thumb Code   100  tkey.o(i.TKEY_SCAN_TIMX_Cfg)
    i.TKEY_Timer_ScanInit                    0x00003f00   Section        0  tkey.o(i.TKEY_Timer_ScanInit)
    i.TKEY_Timer_Scan_Result                 0x00003f28   Section        0  tkey.o(i.TKEY_Timer_Scan_Result)
    i.TKEY_Timer_Scan_Start                  0x00003f48   Section        0  tkey.o(i.TKEY_Timer_Scan_Start)
    i.TK_TimerSacn_GetKeyVal                 0x00003f58   Section        0  tkey.o(i.TK_TimerSacn_GetKeyVal)
    i.TouchKey_Init                          0x00003f6a   Section        0  tkey.o(i.TouchKey_Init)
    i.UART_Config_BaudRate                   0x00003f90   Section        0  hal_uart.o(i.UART_Config_BaudRate)
    UART_Config_BaudRate                     0x00003f91   Thumb Code   214  hal_uart.o(i.UART_Config_BaudRate)
    i.Uart_Init                              0x00004074   Section        0  usart.o(i.Uart_Init)
    i.__0printf$1                            0x000040e4   Section        0  printf1.o(i.__0printf$1)
    i.__ARM_clz                              0x00004104   Section        0  depilogue.o(i.__ARM_clz)
    i.__ARM_common_switch8                   0x00004132   Section        0  hal_adc.o(i.__ARM_common_switch8)
    i.__rt_ffs                               0x00004150   Section        0  kservice.o(i.__rt_ffs)
    i.__scatterload_copy                     0x000041ac   Section       14  handlers.o(i.__scatterload_copy)
    i.__scatterload_null                     0x000041ba   Section        2  handlers.o(i.__scatterload_null)
    i.__scatterload_zeroinit                 0x000041bc   Section       14  handlers.o(i.__scatterload_zeroinit)
    i.__set_PRIMASK                          0x000041ca   Section        0  hal_i2c.o(i.__set_PRIMASK)
    __set_PRIMASK                            0x000041cb   Thumb Code     6  hal_i2c.o(i.__set_PRIMASK)
    i._printf_core                           0x000041d0   Section        0  printf1.o(i._printf_core)
    _printf_core                             0x000041d1   Thumb Code   332  printf1.o(i._printf_core)
    i._rt_thread_init                        0x00004320   Section        0  thread.o(i._rt_thread_init)
    _rt_thread_init                          0x00004321   Thumb Code   126  thread.o(i._rt_thread_init)
    i._rt_timer_init                         0x000043a8   Section        0  timer.o(i._rt_timer_init)
    _rt_timer_init                           0x000043a9   Thumb Code    60  timer.o(i._rt_timer_init)
    i._rt_timer_remove                       0x000043e4   Section        0  timer.o(i._rt_timer_remove)
    _rt_timer_remove                         0x000043e5   Thumb Code    28  timer.o(i._rt_timer_remove)
    i._thread_cleanup_execute                0x00004400   Section        0  thread.o(i._thread_cleanup_execute)
    _thread_cleanup_execute                  0x00004401   Thumb Code    30  thread.o(i._thread_cleanup_execute)
    i.fputc                                  0x00004420   Section        0  hal_uart.o(i.fputc)
    i.lcd_example                            0x0000444c   Section        0  lcd_task.o(i.lcd_example)
    i.led_example                            0x00004488   Section        0  led_task.o(i.led_example)
    i.main                                   0x000044c4   Section        0  main.o(i.main)
    i.main_thread_entry                      0x00004554   Section        0  components.o(i.main_thread_entry)
    i.plug_holes                             0x00004564   Section        0  mem.o(i.plug_holes)
    plug_holes                               0x00004565   Thumb Code   112  mem.o(i.plug_holes)
    i.rt_application_init                    0x000045e0   Section        0  components.o(i.rt_application_init)
    i.rt_components_board_init               0x00004610   Section        0  components.o(i.rt_components_board_init)
    i.rt_components_init                     0x0000462c   Section        0  components.o(i.rt_components_init)
    i.rt_enter_critical                      0x00004648   Section        0  scheduler.o(i.rt_enter_critical)
    i.rt_exit_critical                       0x00004668   Section        0  scheduler.o(i.rt_exit_critical)
    i.rt_free                                0x000046b0   Section        0  mem.o(i.rt_free)
    i.rt_heap_begin_get                      0x00004728   Section        0  board.o(i.rt_heap_begin_get)
    i.rt_heap_end_get                        0x00004730   Section        0  board.o(i.rt_heap_end_get)
    i.rt_hw_board_init                       0x00004738   Section        0  board.o(i.rt_hw_board_init)
    i.rt_hw_hard_fault_exception             0x00004756   Section        0  cpuport.o(i.rt_hw_hard_fault_exception)
    i.rt_hw_stack_init                       0x0000475c   Section        0  cpuport.o(i.rt_hw_stack_init)
    i.rt_interrupt_enter                     0x0000479c   Section        0  irq.o(i.rt_interrupt_enter)
    i.rt_interrupt_leave                     0x000047bc   Section        0  irq.o(i.rt_interrupt_leave)
    i.rt_ipc_list_resume                     0x000047dc   Section        0  ipc.o(i.rt_ipc_list_resume)
    rt_ipc_list_resume                       0x000047dd   Thumb Code    20  ipc.o(i.rt_ipc_list_resume)
    i.rt_ipc_list_suspend                    0x000047f0   Section        0  ipc.o(i.rt_ipc_list_suspend)
    rt_ipc_list_suspend                      0x000047f1   Thumb Code   100  ipc.o(i.rt_ipc_list_suspend)
    i.rt_ipc_object_init                     0x00004854   Section        0  ipc.o(i.rt_ipc_object_init)
    rt_ipc_object_init                       0x00004855   Thumb Code    16  ipc.o(i.rt_ipc_object_init)
    i.rt_list_init                           0x00004864   Section        0  ipc.o(i.rt_list_init)
    rt_list_init                             0x00004865   Thumb Code     6  ipc.o(i.rt_list_init)
    i.rt_list_init                           0x0000486a   Section        0  scheduler.o(i.rt_list_init)
    rt_list_init                             0x0000486b   Thumb Code     6  scheduler.o(i.rt_list_init)
    i.rt_list_init                           0x00004870   Section        0  timer.o(i.rt_list_init)
    rt_list_init                             0x00004871   Thumb Code     6  timer.o(i.rt_list_init)
    i.rt_list_insert_after                   0x00004876   Section        0  object.o(i.rt_list_insert_after)
    rt_list_insert_after                     0x00004877   Thumb Code    14  object.o(i.rt_list_insert_after)
    i.rt_list_insert_after                   0x00004884   Section        0  thread.o(i.rt_list_insert_after)
    rt_list_insert_after                     0x00004885   Thumb Code    14  thread.o(i.rt_list_insert_after)
    i.rt_list_insert_after                   0x00004892   Section        0  timer.o(i.rt_list_insert_after)
    rt_list_insert_after                     0x00004893   Thumb Code    14  timer.o(i.rt_list_insert_after)
    i.rt_list_insert_before                  0x000048a0   Section        0  ipc.o(i.rt_list_insert_before)
    rt_list_insert_before                    0x000048a1   Thumb Code    14  ipc.o(i.rt_list_insert_before)
    i.rt_list_isempty                        0x000048ae   Section        0  ipc.o(i.rt_list_isempty)
    rt_list_isempty                          0x000048af   Thumb Code    16  ipc.o(i.rt_list_isempty)
    i.rt_list_isempty                        0x000048be   Section        0  timer.o(i.rt_list_isempty)
    rt_list_isempty                          0x000048bf   Thumb Code    16  timer.o(i.rt_list_isempty)
    i.rt_list_remove                         0x000048ce   Section        0  object.o(i.rt_list_remove)
    rt_list_remove                           0x000048cf   Thumb Code    18  object.o(i.rt_list_remove)
    i.rt_list_remove                         0x000048e0   Section        0  thread.o(i.rt_list_remove)
    rt_list_remove                           0x000048e1   Thumb Code    18  thread.o(i.rt_list_remove)
    i.rt_list_remove                         0x000048f2   Section        0  timer.o(i.rt_list_remove)
    rt_list_remove                           0x000048f3   Thumb Code    18  timer.o(i.rt_list_remove)
    i.rt_malloc                              0x00004904   Section        0  mem.o(i.rt_malloc)
    i.rt_memset                              0x00004a70   Section        0  kservice.o(i.rt_memset)
    i.rt_object_allocate                     0x00004abc   Section        0  object.o(i.rt_object_allocate)
    i.rt_object_delete                       0x00004b0c   Section        0  object.o(i.rt_object_delete)
    i.rt_object_detach                       0x00004b30   Section        0  object.o(i.rt_object_detach)
    i.rt_object_get_information              0x00004b50   Section        0  object.o(i.rt_object_get_information)
    i.rt_object_init                         0x00004b74   Section        0  object.o(i.rt_object_init)
    i.rt_object_is_systemobject              0x00004bc8   Section        0  object.o(i.rt_object_is_systemobject)
    i.rt_os_tick_callback                    0x00004bdc   Section        0  board.o(i.rt_os_tick_callback)
    i.rt_schedule                            0x00004bec   Section        0  scheduler.o(i.rt_schedule)
    i.rt_schedule_insert_thread              0x00004c70   Section        0  scheduler.o(i.rt_schedule_insert_thread)
    i.rt_schedule_remove_thread              0x00004cc4   Section        0  scheduler.o(i.rt_schedule_remove_thread)
    i.rt_sem_init                            0x00004d1c   Section        0  ipc.o(i.rt_sem_init)
    i.rt_sem_release                         0x00004d40   Section        0  ipc.o(i.rt_sem_release)
    i.rt_sem_take                            0x00004d98   Section        0  ipc.o(i.rt_sem_take)
    i.rt_show_version                        0x00004e10   Section        0  kservice.o(i.rt_show_version)
    i.rt_strncpy                             0x00004e12   Section        0  kservice.o(i.rt_strncpy)
    i.rt_system_heap_init                    0x00004e4c   Section        0  mem.o(i.rt_system_heap_init)
    i.rt_system_scheduler_init               0x00004ef8   Section        0  scheduler.o(i.rt_system_scheduler_init)
    i.rt_system_scheduler_start              0x00004f44   Section        0  scheduler.o(i.rt_system_scheduler_start)
    i.rt_system_timer_init                   0x00004f74   Section        0  timer.o(i.rt_system_timer_init)
    i.rt_system_timer_thread_init            0x00004f90   Section        0  timer.o(i.rt_system_timer_thread_init)
    i.rt_thread_create                       0x00004f92   Section        0  thread.o(i.rt_thread_create)
    i.rt_thread_exit                         0x00004fe4   Section        0  thread.o(i.rt_thread_exit)
    i.rt_thread_idle_entry                   0x0000503c   Section        0  idle.o(i.rt_thread_idle_entry)
    rt_thread_idle_entry                     0x0000503d   Thumb Code     8  idle.o(i.rt_thread_idle_entry)
    i.rt_thread_idle_excute                  0x00005044   Section        0  idle.o(i.rt_thread_idle_excute)
    i.rt_thread_idle_init                    0x000050a8   Section        0  idle.o(i.rt_thread_idle_init)
    i.rt_thread_init                         0x000050e4   Section        0  thread.o(i.rt_thread_init)
    i.rt_thread_mdelay                       0x00005110   Section        0  thread.o(i.rt_thread_mdelay)
    i.rt_thread_resume                       0x00005124   Section        0  thread.o(i.rt_thread_resume)
    i.rt_thread_self                         0x00005160   Section        0  thread.o(i.rt_thread_self)
    i.rt_thread_sleep                        0x0000516c   Section        0  thread.o(i.rt_thread_sleep)
    i.rt_thread_startup                      0x000051b0   Section        0  thread.o(i.rt_thread_startup)
    i.rt_thread_suspend                      0x000051e0   Section        0  thread.o(i.rt_thread_suspend)
    i.rt_thread_timeout                      0x00005224   Section        0  thread.o(i.rt_thread_timeout)
    i.rt_thread_yield                        0x00005244   Section        0  thread.o(i.rt_thread_yield)
    i.rt_tick_from_millisecond               0x000052a8   Section        0  clock.o(i.rt_tick_from_millisecond)
    i.rt_tick_get                            0x000052e8   Section        0  clock.o(i.rt_tick_get)
    i.rt_tick_increase                       0x000052f4   Section        0  clock.o(i.rt_tick_increase)
    i.rt_timer_check                         0x00005324   Section        0  timer.o(i.rt_timer_check)
    i.rt_timer_control                       0x000053d4   Section        0  timer.o(i.rt_timer_control)
    i.rt_timer_detach                        0x00005434   Section        0  timer.o(i.rt_timer_detach)
    i.rt_timer_init                          0x0000545c   Section        0  timer.o(i.rt_timer_init)
    i.rt_timer_start                         0x00005484   Section        0  timer.o(i.rt_timer_start)
    i.rt_timer_stop                          0x00005580   Section        0  timer.o(i.rt_timer_stop)
    i.rti_board_end                          0x000055b0   Section        0  components.o(i.rti_board_end)
    rti_board_end                            0x000055b1   Thumb Code     4  components.o(i.rti_board_end)
    i.rti_board_start                        0x000055b4   Section        0  components.o(i.rti_board_start)
    rti_board_start                          0x000055b5   Thumb Code     4  components.o(i.rti_board_start)
    i.rti_end                                0x000055b8   Section        0  components.o(i.rti_end)
    rti_end                                  0x000055b9   Thumb Code     4  components.o(i.rti_end)
    i.rti_start                              0x000055bc   Section        0  components.o(i.rti_start)
    rti_start                                0x000055bd   Thumb Code     4  components.o(i.rti_start)
    i.rtthread_startup                       0x000055c0   Section        0  components.o(i.rtthread_startup)
    .constdata                               0x000055ea   Section      290  kservice.o(.constdata)
    small_digits                             0x000056ea   Data          17  kservice.o(.constdata)
    large_digits                             0x000056fb   Data          17  kservice.o(.constdata)
    .rti_fn.0                                0x0000570c   Section        4  components.o(.rti_fn.0)
    __tagsym$$used                           0x0000570c   Number         0  components.o(.rti_fn.0)
    .rti_fn.0.end                            0x00005710   Section        4  components.o(.rti_fn.0.end)
    __tagsym$$used                           0x00005710   Number         0  components.o(.rti_fn.0.end)
    .rti_fn.1.end                            0x00005714   Section        4  components.o(.rti_fn.1.end)
    __tagsym$$used                           0x00005714   Number         0  components.o(.rti_fn.1.end)
    .rti_fn.6                                0x00005718   Section        4  led_task.o(.rti_fn.6)
    __tagsym$$used                           0x00005718   Number         0  led_task.o(.rti_fn.6)
    .rti_fn.6                                0x0000571c   Section        4  lcd_task.o(.rti_fn.6)
    __tagsym$$used                           0x0000571c   Number         0  lcd_task.o(.rti_fn.6)
    .rti_fn.6.end                            0x00005720   Section        4  components.o(.rti_fn.6.end)
    __tagsym$$used                           0x00005720   Number         0  components.o(.rti_fn.6.end)
    .data                                    0x20000000   Section       24  system_acm32f0x0.o(.data)
    .data                                    0x20000018   Section        4  hal_uart.o(.data)
    .data                                    0x2000001c   Section      376  lcd_yr1618a.o(.data)
    .data                                    0x20000194   Section      148  tkey.o(.data)
    sgu8_TKEYScanTime                        0x20000194   Data           1  tkey.o(.data)
    sgu16_RawDataRangRatio                   0x20000196   Data           2  tkey.o(.data)
    TKEY_FifoBuffer                          0x20000198   Data           6  tkey.o(.data)
    .data                                    0x20000228   Section        4  led_task.o(.data)
    tid1                                     0x20000228   Data           4  led_task.o(.data)
    .data                                    0x2000022c   Section       36  lcd_task.o(.data)
    tid2                                     0x2000022c   Data           4  lcd_task.o(.data)
    .data                                    0x20000250   Section       12  cpuport.o(.data)
    .data                                    0x2000025c   Section        4  clock.o(.data)
    rt_tick                                  0x2000025c   Data           4  clock.o(.data)
    .data                                    0x20000260   Section        1  irq.o(.data)
    .data                                    0x20000264   Section       24  mem.o(.data)
    heap_ptr                                 0x20000264   Data           4  mem.o(.data)
    heap_end                                 0x20000268   Data           4  mem.o(.data)
    lfree                                    0x2000026c   Data           4  mem.o(.data)
    mem_size_aligned                         0x20000270   Data           4  mem.o(.data)
    used_mem                                 0x20000274   Data           4  mem.o(.data)
    max_mem                                  0x20000278   Data           4  mem.o(.data)
    .data                                    0x2000027c   Section       64  object.o(.data)
    rt_object_container                      0x2000027c   Data          64  object.o(.data)
    .data                                    0x200002bc   Section       24  scheduler.o(.data)
    rt_scheduler_lock_nest                   0x200002c0   Data           2  scheduler.o(.data)
    .data                                    0x200002d4   Section       12  timer.o(.data)
    rt_timer_list                            0x200002d4   Data           8  timer.o(.data)
    random_nr                                0x200002dc   Data           4  timer.o(.data)
    .data                                    0x200002e0   Section        4  stdout.o(.data)
    .bss                                     0x200002e4   Section       60  lcd_yr1618a.o(.bss)
    .bss                                     0x20000320   Section       72  sht30.o(.bss)
    .bss                                     0x20000368   Section      512  tkey.o(.bss)
    TKEY_Fifo                                0x20000368   Data          12  tkey.o(.bss)
    TKEY_Handle                              0x20000374   Data          20  tkey.o(.bss)
    TKey_Channel_Data                        0x20000388   Data          84  tkey.o(.bss)
    TKey_Calibart_Data                       0x200003dc   Data         384  tkey.o(.bss)
    RawData_Ref                              0x2000055c   Data          12  tkey.o(.bss)
    .bss                                     0x20000568   Section       72  usart.o(.bss)
    .bss                                     0x200005b0   Section      572  lcd_task.o(.bss)
    .bss                                     0x200007ec   Section      376  idle.o(.bss)
    idle                                     0x200007ec   Data         120  idle.o(.bss)
    rt_thread_stack                          0x20000864   Data         256  idle.o(.bss)
    .bss                                     0x20000964   Section       32  mem.o(.bss)
    heap_sem                                 0x20000964   Data          32  mem.o(.bss)
    .bss                                     0x20000984   Section      256  scheduler.o(.bss)
    .bss                                     0x20000a84   Section    15360  board.o(.bss)
    rt_heap                                  0x20000a84   Data       15360  board.o(.bss)
    STACK                                    0x20004688   Section     2048  startup_acm32f0x0.o(STACK)

    Global Symbols

    Symbol Name                              Value     Ov Type        Size  Object(Section)

    BuildAttributes$$THM_ISAv3M$S$PE$A:L22$X:L11$S22$IEEE1$IW$USESV6$~STKCKD$USESV7$~SHL$OTIME$ROPI$EBA8$MICROLIB$REQ8$PRES8$EABIv2 0x00000000   Number         0  anon$$obj.o ABSOLUTE
    __ARM_use_no_argv                        0x00000000   Number         0  main.o ABSOLUTE
    __Vectors                                0x00000000   Data           0  startup_acm32f0x0.o(RESET)
    _printf_a                                0x00000000   Number         0  stubs.o ABSOLUTE
    _printf_c                                0x00000000   Number         0  stubs.o ABSOLUTE
    _printf_charcount                        0x00000000   Number         0  stubs.o ABSOLUTE
    _printf_d                                0x00000000   Number         0  stubs.o ABSOLUTE
    _printf_e                                0x00000000   Number         0  stubs.o ABSOLUTE
    _printf_f                                0x00000000   Number         0  stubs.o ABSOLUTE
    _printf_flags                            0x00000000   Number         0  stubs.o ABSOLUTE
    _printf_fp_dec                           0x00000000   Number         0  stubs.o ABSOLUTE
    _printf_fp_hex                           0x00000000   Number         0  stubs.o ABSOLUTE
    _printf_g                                0x00000000   Number         0  stubs.o ABSOLUTE
    _printf_i                                0x00000000   Number         0  stubs.o ABSOLUTE
    _printf_int_dec                          0x00000000   Number         0  stubs.o ABSOLUTE
    _printf_l                                0x00000000   Number         0  stubs.o ABSOLUTE
    _printf_lc                               0x00000000   Number         0  stubs.o ABSOLUTE
    _printf_ll                               0x00000000   Number         0  stubs.o ABSOLUTE
    _printf_lld                              0x00000000   Number         0  stubs.o ABSOLUTE
    _printf_lli                              0x00000000   Number         0  stubs.o ABSOLUTE
    _printf_llo                              0x00000000   Number         0  stubs.o ABSOLUTE
    _printf_llu                              0x00000000   Number         0  stubs.o ABSOLUTE
    _printf_llx                              0x00000000   Number         0  stubs.o ABSOLUTE
    _printf_longlong_dec                     0x00000000   Number         0  stubs.o ABSOLUTE
    _printf_longlong_hex                     0x00000000   Number         0  stubs.o ABSOLUTE
    _printf_longlong_oct                     0x00000000   Number         0  stubs.o ABSOLUTE
    _printf_ls                               0x00000000   Number         0  stubs.o ABSOLUTE
    _printf_mbtowc                           0x00000000   Number         0  stubs.o ABSOLUTE
    _printf_n                                0x00000000   Number         0  stubs.o ABSOLUTE
    _printf_o                                0x00000000   Number         0  stubs.o ABSOLUTE
    _printf_p                                0x00000000   Number         0  stubs.o ABSOLUTE
    _printf_percent                          0x00000000   Number         0  stubs.o ABSOLUTE
    _printf_pre_padding                      0x00000000   Number         0  stubs.o ABSOLUTE
    _printf_return_value                     0x00000000   Number         0  stubs.o ABSOLUTE
    _printf_s                                0x00000000   Number         0  stubs.o ABSOLUTE
    _printf_sizespec                         0x00000000   Number         0  stubs.o ABSOLUTE
    _printf_str                              0x00000000   Number         0  stubs.o ABSOLUTE
    _printf_truncate_signed                  0x00000000   Number         0  stubs.o ABSOLUTE
    _printf_truncate_unsigned                0x00000000   Number         0  stubs.o ABSOLUTE
    _printf_u                                0x00000000   Number         0  stubs.o ABSOLUTE
    _printf_wc                               0x00000000   Number         0  stubs.o ABSOLUTE
    _printf_wctomb                           0x00000000   Number         0  stubs.o ABSOLUTE
    _printf_widthprec                        0x00000000   Number         0  stubs.o ABSOLUTE
    _printf_x                                0x00000000   Number         0  stubs.o ABSOLUTE
    HAL_UART_ErrorCallback                    - Undefined Weak Reference
    __arm_fini_                               - Undefined Weak Reference
    __cpp_initialize__aeabi_                  - Undefined Weak Reference
    __cxa_finalize                            - Undefined Weak Reference
    _clock_init                               - Undefined Weak Reference
    _microlib_exit                            - Undefined Weak Reference
    __main                                   0x000000c1   Thumb Code     0  entry.o(.ARM.Collect$$$$00000000)
    _main_stk                                0x000000c1   Thumb Code     0  entry2.o(.ARM.Collect$$$$00000001)
    _main_scatterload                        0x000000c5   Thumb Code     0  entry5.o(.ARM.Collect$$$$00000004)
    __main_after_scatterload                 0x000000c9   Thumb Code     0  entry5.o(.ARM.Collect$$$$00000004)
    _main_clock                              0x000000c9   Thumb Code     0  entry7b.o(.ARM.Collect$$$$00000008)
    _main_cpp_init                           0x000000c9   Thumb Code     0  entry8b.o(.ARM.Collect$$$$0000000A)
    _main_init                               0x000000c9   Thumb Code     0  entry9a.o(.ARM.Collect$$$$0000000B)
    __rt_lib_shutdown_fini                   0x000000d1   Thumb Code     0  entry12b.o(.ARM.Collect$$$$0000000E)
    __rt_final_cpp                           0x000000d5   Thumb Code     0  entry10a.o(.ARM.Collect$$$$0000000F)
    __rt_final_exit                          0x000000d5   Thumb Code     0  entry11a.o(.ARM.Collect$$$$00000011)
    Reset_Handler                            0x000000d9   Thumb Code     8  startup_acm32f0x0.o(.text)
    NMI_Handler                              0x000000e1   Thumb Code     2  startup_acm32f0x0.o(.text)
    MemManage_Handler                        0x000000e5   Thumb Code     2  startup_acm32f0x0.o(.text)
    SVC_Handler                              0x000000e7   Thumb Code     2  startup_acm32f0x0.o(.text)
    ADC_IRQHandler                           0x000000ed   Thumb Code     0  startup_acm32f0x0.o(.text)
    AES_IRQHandler                           0x000000ed   Thumb Code     0  startup_acm32f0x0.o(.text)
    CAN1_IRQHandler                          0x000000ed   Thumb Code     0  startup_acm32f0x0.o(.text)
    CLKRDY_IRQHandler                        0x000000ed   Thumb Code     0  startup_acm32f0x0.o(.text)
    DMA_IRQHandler                           0x000000ed   Thumb Code     0  startup_acm32f0x0.o(.text)
    EFC_IRQHandler                           0x000000ed   Thumb Code     0  startup_acm32f0x0.o(.text)
    EXTI_IRQHandler                          0x000000ed   Thumb Code     0  startup_acm32f0x0.o(.text)
    GPIOAB_IRQHandler                        0x000000ed   Thumb Code     0  startup_acm32f0x0.o(.text)
    GPIOCD_IRQHandler                        0x000000ed   Thumb Code     0  startup_acm32f0x0.o(.text)
    I2C1_IRQHandler                          0x000000ed   Thumb Code     0  startup_acm32f0x0.o(.text)
    I2C2_IRQHandler                          0x000000ed   Thumb Code     0  startup_acm32f0x0.o(.text)
    LPUART_IRQHandler                        0x000000ed   Thumb Code     0  startup_acm32f0x0.o(.text)
    RSV_IRQHandler                           0x000000ed   Thumb Code     0  startup_acm32f0x0.o(.text)
    RTC_IRQHandler                           0x000000ed   Thumb Code     0  startup_acm32f0x0.o(.text)
    SPI1_IRQHandler                          0x000000ed   Thumb Code     0  startup_acm32f0x0.o(.text)
    SPI2_IRQHandler                          0x000000ed   Thumb Code     0  startup_acm32f0x0.o(.text)
    SRAM_PARITY_IRQHandler                   0x000000ed   Thumb Code     0  startup_acm32f0x0.o(.text)
    TIM14_IRQHandler                         0x000000ed   Thumb Code     0  startup_acm32f0x0.o(.text)
    TIM15_IRQHandler                         0x000000ed   Thumb Code     0  startup_acm32f0x0.o(.text)
    TIM16_IRQHandler                         0x000000ed   Thumb Code     0  startup_acm32f0x0.o(.text)
    TIM1_BRK_UP_TRG_COM_IRQHandler           0x000000ed   Thumb Code     0  startup_acm32f0x0.o(.text)
    TIM1_CC_IRQHandler                       0x000000ed   Thumb Code     0  startup_acm32f0x0.o(.text)
    TIM3_IRQHandler                          0x000000ed   Thumb Code     0  startup_acm32f0x0.o(.text)
    TIM6_IRQHandler                          0x000000ed   Thumb Code     0  startup_acm32f0x0.o(.text)
    UART1_IRQHandler                         0x000000ed   Thumb Code     0  startup_acm32f0x0.o(.text)
    UART2_IRQHandler                         0x000000ed   Thumb Code     0  startup_acm32f0x0.o(.text)
    UART3_IRQHandler                         0x000000ed   Thumb Code     0  startup_acm32f0x0.o(.text)
    WDT_IRQHandler                           0x000000ed   Thumb Code     0  startup_acm32f0x0.o(.text)
    rt_hw_interrupt_disable                  0x000000f9   Thumb Code     8  context_rvds.o(.text)
    rt_hw_interrupt_enable                   0x00000101   Thumb Code     6  context_rvds.o(.text)
    rt_hw_context_switch                     0x00000107   Thumb Code    28  context_rvds.o(.text)
    rt_hw_context_switch_interrupt           0x00000107   Thumb Code     0  context_rvds.o(.text)
    PendSV_Handler                           0x00000123   Thumb Code    84  context_rvds.o(.text)
    rt_hw_context_switch_to                  0x00000177   Thumb Code    44  context_rvds.o(.text)
    rt_hw_interrupt_thread_switch            0x000001a3   Thumb Code     2  context_rvds.o(.text)
    HardFault_Handler                        0x000001a5   Thumb Code    12  context_rvds.o(.text)
    __aeabi_uidiv                            0x000001d1   Thumb Code     0  uidiv.o(.text)
    __aeabi_uidivmod                         0x000001d1   Thumb Code    44  uidiv.o(.text)
    __aeabi_idiv                             0x000001fd   Thumb Code     0  idiv.o(.text)
    __aeabi_idivmod                          0x000001fd   Thumb Code    40  idiv.o(.text)
    __aeabi_uldivmod                         0x00000225   Thumb Code    96  uldiv.o(.text)
    __aeabi_lmul                             0x00000285   Thumb Code   122  llmul.o(.text)
    _ll_mul                                  0x00000285   Thumb Code     0  llmul.o(.text)
    __aeabi_memcpy                           0x000002ff   Thumb Code    36  memcpya.o(.text)
    __aeabi_memcpy4                          0x000002ff   Thumb Code     0  memcpya.o(.text)
    __aeabi_memcpy8                          0x000002ff   Thumb Code     0  memcpya.o(.text)
    __aeabi_memset                           0x00000323   Thumb Code    14  memseta.o(.text)
    __aeabi_memset4                          0x00000323   Thumb Code     0  memseta.o(.text)
    __aeabi_memset8                          0x00000323   Thumb Code     0  memseta.o(.text)
    __aeabi_memclr                           0x00000331   Thumb Code     4  memseta.o(.text)
    __aeabi_memclr4                          0x00000331   Thumb Code     0  memseta.o(.text)
    __aeabi_memclr8                          0x00000331   Thumb Code     0  memseta.o(.text)
    _memset$wrapper                          0x00000335   Thumb Code    18  memseta.o(.text)
    __aeabi_fmul                             0x00000347   Thumb Code   122  fmul.o(.text)
    __aeabi_dadd                             0x000003c1   Thumb Code   330  dadd.o(.text)
    __aeabi_dsub                             0x0000050b   Thumb Code    12  dadd.o(.text)
    __aeabi_drsub                            0x00000517   Thumb Code    12  dadd.o(.text)
    __aeabi_dmul                             0x00000529   Thumb Code   202  dmul.o(.text)
    __aeabi_ddiv                             0x000005f9   Thumb Code   234  ddiv.o(.text)
    __aeabi_ui2f                             0x000006e9   Thumb Code    14  ffltui.o(.text)
    __aeabi_f2iz                             0x000006f7   Thumb Code    50  ffixi.o(.text)
    __aeabi_f2d                              0x00000729   Thumb Code    40  f2d.o(.text)
    __aeabi_d2f                              0x00000751   Thumb Code    56  d2f.o(.text)
    __aeabi_llsl                             0x00000789   Thumb Code    32  llshl.o(.text)
    _ll_shift_l                              0x00000789   Thumb Code     0  llshl.o(.text)
    __aeabi_llsr                             0x000007a9   Thumb Code    34  llushr.o(.text)
    _ll_ushift_r                             0x000007a9   Thumb Code     0  llushr.o(.text)
    __aeabi_lasr                             0x000007cb   Thumb Code    38  llsshr.o(.text)
    _ll_sshift_r                             0x000007cb   Thumb Code     0  llsshr.o(.text)
    __I$use$fp                               0x000007f1   Thumb Code     0  iusefp.o(.text)
    _float_round                             0x000007f1   Thumb Code    16  fepilogue.o(.text)
    _float_epilogue                          0x00000801   Thumb Code   114  fepilogue.o(.text)
    _double_round                            0x00000873   Thumb Code    26  depilogue.o(.text)
    _double_epilogue                         0x0000088d   Thumb Code   164  depilogue.o(.text)
    __scatterload                            0x00000931   Thumb Code    28  init.o(.text)
    __scatterload_rt2                        0x00000931   Thumb Code     0  init.o(.text)
    __decompress                             0x00000955   Thumb Code     0  __dczerorl2.o(.text)
    __decompress1                            0x00000955   Thumb Code    86  __dczerorl2.o(.text)
    main                                     0x000009ab   Thumb Code    10  components.o(i.$Sub$$main)
    BUZZER_Init                              0x000009b5   Thumb Code    36  buzzer.o(i.BUZZER_Init)
    Beep_On                                  0x000009dd   Thumb Code    28  buzzer.o(i.Beep_On)
    Bubble_Sort                              0x000009fd   Thumb Code    70  tkey.o(i.Bubble_Sort)
    Calculate_Sample_Average                 0x00000a43   Thumb Code    32  tkey.o(i.Calculate_Sample_Average)
    Calculate_Sample_differ                  0x00000a63   Thumb Code    56  tkey.o(i.Calculate_Sample_differ)
    FIFO_Clear                               0x00000a9b   Thumb Code    10  ac_fifo.o(i.FIFO_Clear)
    FIFO_Create                              0x00000aa5   Thumb Code    14  ac_fifo.o(i.FIFO_Create)
    FIFO_In                                  0x00000ab3   Thumb Code    48  ac_fifo.o(i.FIFO_In)
    FIFO_Out                                 0x00000ae3   Thumb Code    48  ac_fifo.o(i.FIFO_Out)
    FIFO_Query                               0x00000b13   Thumb Code     6  ac_fifo.o(i.FIFO_Query)
    Get_RAM_NUM_DATA                         0x00000b19   Thumb Code   510  lcd_yr1618a.o(i.Get_RAM_NUM_DATA)
    HAL_EFlash_Init                          0x00000d4d   Thumb Code    12  hal_eflash.o(i.HAL_EFlash_Init)
    HAL_EFlash_Init_Para                     0x00000d59   Thumb Code   104  hal_eflash_ex.o(i.HAL_EFlash_Init_Para)
    HAL_GPIO_Init                            0x00000dcd   Thumb Code   920  hal_gpio.o(i.HAL_GPIO_Init)
    HAL_GPIO_WritePin                        0x00001185   Thumb Code   114  hal_gpio.o(i.HAL_GPIO_WritePin)
    HAL_I2C_Init                             0x00001201   Thumb Code   306  hal_i2c.o(i.HAL_I2C_Init)
    HAL_I2C_Master_Receive                   0x00001341   Thumb Code   652  hal_i2c.o(i.HAL_I2C_Master_Receive)
    HAL_I2C_Master_Transmit                  0x000015d5   Thumb Code   224  hal_i2c.o(i.HAL_I2C_Master_Transmit)
    HAL_I2C_MspInit                          0x000016bd   Thumb Code    74  sht30.o(i.HAL_I2C_MspInit)
    HAL_LCD_IRQHandler                       0x00001715   Thumb Code    16  hal_lcd.o(i.HAL_LCD_IRQHandler)
    HAL_LCD_InResConfig                      0x00001725   Thumb Code   344  hal_lcd.o(i.HAL_LCD_InResConfig)
    HAL_LCD_Init                             0x00001881   Thumb Code   352  hal_lcd.o(i.HAL_LCD_Init)
    HAL_LCD_MspInit                          0x000019e5   Thumb Code    56  hal_lcd.o(i.HAL_LCD_MspInit)
    HAL_LCD_SegComConfig                     0x00001a25   Thumb Code    30  hal_lcd.o(i.HAL_LCD_SegComConfig)
    HAL_LCD_Write                            0x00001a49   Thumb Code    36  hal_lcd.o(i.HAL_LCD_Write)
    HAL_RTC_Config                           0x00001a71   Thumb Code   196  hal_rtc.o(i.HAL_RTC_Config)
    HAL_RTC_GetDate                          0x00001b41   Thumb Code    26  hal_rtc.o(i.HAL_RTC_GetDate)
    HAL_RTC_GetTime                          0x00001b61   Thumb Code    20  hal_rtc.o(i.HAL_RTC_GetTime)
    HAL_RTC_SetDate                          0x00001b79   Thumb Code   170  hal_rtc.o(i.HAL_RTC_SetDate)
    HAL_RTC_SetTime                          0x00001c2d   Thumb Code    50  hal_rtc.o(i.HAL_RTC_SetTime)
    HAL_TIMER_Base_Init                      0x00001c69   Thumb Code   292  hal_timer.o(i.HAL_TIMER_Base_Init)
    HAL_TIMER_Base_Start                     0x00001da9   Thumb Code    62  hal_timer.o(i.HAL_TIMER_Base_Start)
    HAL_TIMER_MSP_Init                       0x00001df5   Thumb Code   344  hal_timer.o(i.HAL_TIMER_MSP_Init)
    HAL_TKEY_Calculate_Calibrate_Th          0x00001f6d   Thumb Code    64  hal_tkey.o(i.HAL_TKEY_Calculate_Calibrate_Th)
    HAL_TKEY_Init                            0x00001fad   Thumb Code   194  hal_tkey.o(i.HAL_TKEY_Init)
    HAL_TKEY_MspInit                         0x00002085   Thumb Code   436  hal_tkey.o(i.HAL_TKEY_MspInit)
    HAL_TKEY_Quick_Calibrate_RefData_OneChannel 0x0000223d   Thumb Code   138  hal_tkey.o(i.HAL_TKEY_Quick_Calibrate_RefData_OneChannel)
    HAL_TKEY_ReadAllNx                       0x000022cd   Thumb Code    88  hal_tkey.o(i.HAL_TKEY_ReadAllNx)
    HAL_TKEY_ReadChannelData                 0x0000232d   Thumb Code   190  hal_tkey.o(i.HAL_TKEY_ReadChannelData)
    HAL_TKEY_ReadNr                          0x000023f5   Thumb Code   130  hal_tkey.o(i.HAL_TKEY_ReadNr)
    HAL_TKEY_ScanProcess                     0x0000247d   Thumb Code   678  hal_tkey.o(i.HAL_TKEY_ScanProcess)
    HAL_TKEY_Start                           0x00002735   Thumb Code    30  hal_tkey.o(i.HAL_TKEY_Start)
    HAL_TKEY_Stop                            0x00002759   Thumb Code    32  hal_tkey.o(i.HAL_TKEY_Stop)
    HAL_UART_Init                            0x0000277d   Thumb Code   270  hal_uart.o(i.HAL_UART_Init)
    HAL_UART_MspInit                         0x000028a5   Thumb Code   184  hal_uart.o(i.HAL_UART_MspInit)
    I2C_Init                                 0x00002965   Thumb Code    32  sht30.o(i.I2C_Init)
    LCD_BACK_LED                             0x00002b09   Thumb Code    68  lcd_yr1618a.o(i.LCD_BACK_LED)
    LCD_Config                               0x00002b51   Thumb Code    32  lcd_task.o(i.LCD_Config)
    LCD_DisplayNum_YR1618A                   0x00002b89   Thumb Code    74  lcd_yr1618a.o(i.LCD_DisplayNum_YR1618A)
    LCD_GPIO_Config_YR1618A                  0x00002bdd   Thumb Code    80  lcd_yr1618a.o(i.LCD_GPIO_Config_YR1618A)
    LCD_IRQHandler                           0x00002c3d   Thumb Code    12  lcd_task.o(i.LCD_IRQHandler)
    LCD_Init_YR1618A                         0x00002c4d   Thumb Code   116  lcd_yr1618a.o(i.LCD_Init_YR1618A)
    LCD_SHT30_display                        0x00002cc9   Thumb Code   216  lcd_task.o(i.LCD_SHT30_display)
    LCD_SegCom_Config_YR1618A                0x00002dc1   Thumb Code   102  lcd_yr1618a.o(i.LCD_SegCom_Config_YR1618A)
    LCD_YR1618A_VIEW                         0x00002e35   Thumb Code   832  lcd_yr1618a.o(i.LCD_YR1618A_VIEW)
    LCD_entry                                0x000031d1   Thumb Code    50  lcd_task.o(i.LCD_entry)
    LCD_time_display                         0x00003219   Thumb Code    64  lcd_task.o(i.LCD_time_display)
    LED_USR_Init                             0x00003265   Thumb Code    28  led_usr.o(i.LED_USR_Init)
    LED_entry                                0x00003285   Thumb Code    44  led_task.o(i.LED_entry)
    RTC_Config                               0x00003509   Thumb Code    68  rtc.o(i.RTC_Config)
    SHT30_Init                               0x0000354d   Thumb Code    32  sht30.o(i.SHT30_Init)
    SHT30_Read_Dat                           0x00003571   Thumb Code    62  sht30.o(i.SHT30_Read_Dat)
    SHT30_Read_Result                        0x000035b1   Thumb Code   146  sht30.o(i.SHT30_Read_Result)
    SHT30_Reset                              0x00003655   Thumb Code    84  sht30.o(i.SHT30_Reset)
    SysTick_Handler                          0x000036a9   Thumb Code    18  board.o(i.SysTick_Handler)
    System_Clock_Init                        0x000036c1   Thumb Code   390  system_acm32f0x0.o(i.System_Clock_Init)
    System_Core_Config                       0x00003865   Thumb Code    88  system_acm32f0x0.o(i.System_Core_Config)
    System_Delay                             0x000038c1   Thumb Code    16  system_acm32f0x0.o(i.System_Delay)
    System_Delay_MS                          0x000038d1   Thumb Code    22  system_acm32f0x0.o(i.System_Delay_MS)
    System_Enable_RC32K                      0x000038ed   Thumb Code    32  system_acm32f0x0.o(i.System_Enable_RC32K)
    System_Get_APBClock                      0x00003911   Thumb Code     6  system_acm32f0x0.o(i.System_Get_APBClock)
    System_Get_Clk_Source                    0x0000391d   Thumb Code     6  system_acm32f0x0.o(i.System_Get_Clk_Source)
    System_Get_SystemClock                   0x00003929   Thumb Code     6  system_acm32f0x0.o(i.System_Get_SystemClock)
    System_Init                              0x00003935   Thumb Code    58  system_acm32f0x0.o(i.System_Init)
    System_Module_Enable                     0x0000397d   Thumb Code    48  system_acm32f0x0.o(i.System_Module_Enable)
    System_Module_Reset                      0x000039b1   Thumb Code    40  system_acm32f0x0.o(i.System_Module_Reset)
    System_Set_Buzzer_Divider                0x000039dd   Thumb Code    50  system_acm32f0x0.o(i.System_Set_Buzzer_Divider)
    System_SysTick_Init                      0x00003a19   Thumb Code    60  system_acm32f0x0.o(i.System_SysTick_Init)
    TIM17_IRQHandler                         0x00003a65   Thumb Code   130  tkey.o(i.TIM17_IRQHandler)
    TKEY_Calibrate_ParaInit                  0x00003af9   Thumb Code    86  tkey.o(i.TKEY_Calibrate_ParaInit)
    TKEY_Calibrate_Process                   0x00003b59   Thumb Code   180  tkey.o(i.TKEY_Calibrate_Process)
    TKEY_IRQHandler                          0x00003c19   Thumb Code     8  hal_tkey.o(i.TKEY_IRQHandler)
    TKEY_Init                                0x00003c29   Thumb Code    48  tkey.o(i.TKEY_Init)
    TKEY_Quick_Calibrate                     0x00003c69   Thumb Code   532  tkey.o(i.TKEY_Quick_Calibrate)
    TKEY_Timer_ScanInit                      0x00003f01   Thumb Code    32  tkey.o(i.TKEY_Timer_ScanInit)
    TKEY_Timer_Scan_Result                   0x00003f29   Thumb Code    28  tkey.o(i.TKEY_Timer_Scan_Result)
    TKEY_Timer_Scan_Start                    0x00003f49   Thumb Code    10  tkey.o(i.TKEY_Timer_Scan_Start)
    TK_TimerSacn_GetKeyVal                   0x00003f59   Thumb Code    18  tkey.o(i.TK_TimerSacn_GetKeyVal)
    TouchKey_Init                            0x00003f6b   Thumb Code    38  tkey.o(i.TouchKey_Init)
    Uart_Init                                0x00004075   Thumb Code    60  usart.o(i.Uart_Init)
    __0printf$1                              0x000040e5   Thumb Code    24  printf1.o(i.__0printf$1)
    __1printf$1                              0x000040e5   Thumb Code     0  printf1.o(i.__0printf$1)
    __2printf                                0x000040e5   Thumb Code     0  printf1.o(i.__0printf$1)
    __ARM_clz                                0x00004105   Thumb Code    46  depilogue.o(i.__ARM_clz)
    __ARM_common_switch8                     0x00004133   Thumb Code    28  hal_adc.o(i.__ARM_common_switch8)
    __rt_ffs                                 0x00004151   Thumb Code    86  kservice.o(i.__rt_ffs)
    __scatterload_copy                       0x000041ad   Thumb Code    14  handlers.o(i.__scatterload_copy)
    __scatterload_null                       0x000041bb   Thumb Code     2  handlers.o(i.__scatterload_null)
    __scatterload_zeroinit                   0x000041bd   Thumb Code    14  handlers.o(i.__scatterload_zeroinit)
    fputc                                    0x00004421   Thumb Code    38  hal_uart.o(i.fputc)
    lcd_example                              0x0000444d   Thumb Code    46  lcd_task.o(i.lcd_example)
    led_example                              0x00004489   Thumb Code    46  led_task.o(i.led_example)
    $Super$$main                             0x000044c5   Thumb Code    78  main.o(i.main)
    main_thread_entry                        0x00004555   Thumb Code    14  components.o(i.main_thread_entry)
    rt_application_init                      0x000045e1   Thumb Code    34  components.o(i.rt_application_init)
    rt_components_board_init                 0x00004611   Thumb Code    20  components.o(i.rt_components_board_init)
    rt_components_init                       0x0000462d   Thumb Code    20  components.o(i.rt_components_init)
    rt_enter_critical                        0x00004649   Thumb Code    28  scheduler.o(i.rt_enter_critical)
    rt_exit_critical                         0x00004669   Thumb Code    64  scheduler.o(i.rt_exit_critical)
    rt_free                                  0x000046b1   Thumb Code   100  mem.o(i.rt_free)
    rt_heap_begin_get                        0x00004729   Thumb Code     4  board.o(i.rt_heap_begin_get)
    rt_heap_end_get                          0x00004731   Thumb Code     4  board.o(i.rt_heap_end_get)
    rt_hw_board_init                         0x00004739   Thumb Code    30  board.o(i.rt_hw_board_init)
    rt_hw_hard_fault_exception               0x00004757   Thumb Code     4  cpuport.o(i.rt_hw_hard_fault_exception)
    rt_hw_stack_init                         0x0000475d   Thumb Code    58  cpuport.o(i.rt_hw_stack_init)
    rt_interrupt_enter                       0x0000479d   Thumb Code    26  irq.o(i.rt_interrupt_enter)
    rt_interrupt_leave                       0x000047bd   Thumb Code    26  irq.o(i.rt_interrupt_leave)
    rt_malloc                                0x00004905   Thumb Code   334  mem.o(i.rt_malloc)
    rt_memset                                0x00004a71   Thumb Code    76  kservice.o(i.rt_memset)
    rt_object_allocate                       0x00004abd   Thumb Code    80  object.o(i.rt_object_allocate)
    rt_object_delete                         0x00004b0d   Thumb Code    36  object.o(i.rt_object_delete)
    rt_object_detach                         0x00004b31   Thumb Code    30  object.o(i.rt_object_detach)
    rt_object_get_information                0x00004b51   Thumb Code    32  object.o(i.rt_object_get_information)
    rt_object_init                           0x00004b75   Thumb Code    84  object.o(i.rt_object_init)
    rt_object_is_systemobject                0x00004bc9   Thumb Code    20  object.o(i.rt_object_is_systemobject)
    rt_os_tick_callback                      0x00004bdd   Thumb Code    16  board.o(i.rt_os_tick_callback)
    rt_schedule                              0x00004bed   Thumb Code   106  scheduler.o(i.rt_schedule)
    rt_schedule_insert_thread                0x00004c71   Thumb Code    74  scheduler.o(i.rt_schedule_insert_thread)
    rt_schedule_remove_thread                0x00004cc5   Thumb Code    78  scheduler.o(i.rt_schedule_remove_thread)
    rt_sem_init                              0x00004d1d   Thumb Code    34  ipc.o(i.rt_sem_init)
    rt_sem_release                           0x00004d41   Thumb Code    82  ipc.o(i.rt_sem_release)
    rt_sem_take                              0x00004d99   Thumb Code   120  ipc.o(i.rt_sem_take)
    rt_show_version                          0x00004e11   Thumb Code     2  kservice.o(i.rt_show_version)
    rt_strncpy                               0x00004e13   Thumb Code    56  kservice.o(i.rt_strncpy)
    rt_system_heap_init                      0x00004e4d   Thumb Code   144  mem.o(i.rt_system_heap_init)
    rt_system_scheduler_init                 0x00004ef9   Thumb Code    52  scheduler.o(i.rt_system_scheduler_init)
    rt_system_scheduler_start                0x00004f45   Thumb Code    36  scheduler.o(i.rt_system_scheduler_start)
    rt_system_timer_init                     0x00004f75   Thumb Code    24  timer.o(i.rt_system_timer_init)
    rt_system_timer_thread_init              0x00004f91   Thumb Code     2  timer.o(i.rt_system_timer_thread_init)
    rt_thread_create                         0x00004f93   Thumb Code    80  thread.o(i.rt_thread_create)
    rt_thread_exit                           0x00004fe5   Thumb Code    78  thread.o(i.rt_thread_exit)
    rt_thread_idle_excute                    0x00005045   Thumb Code    94  idle.o(i.rt_thread_idle_excute)
    rt_thread_idle_init                      0x000050a9   Thumb Code    38  idle.o(i.rt_thread_idle_init)
    rt_thread_init                           0x000050e5   Thumb Code    44  thread.o(i.rt_thread_init)
    rt_thread_mdelay                         0x00005111   Thumb Code    20  thread.o(i.rt_thread_mdelay)
    rt_thread_resume                         0x00005125   Thumb Code    60  thread.o(i.rt_thread_resume)
    rt_thread_self                           0x00005161   Thumb Code     6  thread.o(i.rt_thread_self)
    rt_thread_sleep                          0x0000516d   Thumb Code    62  thread.o(i.rt_thread_sleep)
    rt_thread_startup                        0x000051b1   Thumb Code    48  thread.o(i.rt_thread_startup)
    rt_thread_suspend                        0x000051e1   Thumb Code    68  thread.o(i.rt_thread_suspend)
    rt_thread_timeout                        0x00005225   Thumb Code    32  thread.o(i.rt_thread_timeout)
    rt_thread_yield                          0x00005245   Thumb Code    92  thread.o(i.rt_thread_yield)
    rt_tick_from_millisecond                 0x000052a9   Thumb Code    62  clock.o(i.rt_tick_from_millisecond)
    rt_tick_get                              0x000052e9   Thumb Code     6  clock.o(i.rt_tick_get)
    rt_tick_increase                         0x000052f5   Thumb Code    44  clock.o(i.rt_tick_increase)
    rt_timer_check                           0x00005325   Thumb Code   166  timer.o(i.rt_timer_check)
    rt_timer_control                         0x000053d5   Thumb Code    96  timer.o(i.rt_timer_control)
    rt_timer_detach                          0x00005435   Thumb Code    40  timer.o(i.rt_timer_detach)
    rt_timer_init                            0x0000545d   Thumb Code    38  timer.o(i.rt_timer_init)
    rt_timer_start                           0x00005485   Thumb Code   238  timer.o(i.rt_timer_start)
    rt_timer_stop                            0x00005581   Thumb Code    48  timer.o(i.rt_timer_stop)
    rtthread_startup                         0x000055c1   Thumb Code    42  components.o(i.rtthread_startup)
    __lowest_bit_bitmap                      0x000055ea   Data         256  kservice.o(.constdata)
    __rt_init_rti_start                      0x0000570c   Data           4  components.o(.rti_fn.0)
    __rt_init_rti_board_start                0x00005710   Data           4  components.o(.rti_fn.0.end)
    __rt_init_rti_board_end                  0x00005714   Data           4  components.o(.rti_fn.1.end)
    __rt_init_led_example                    0x00005718   Data           4  led_task.o(.rti_fn.6)
    __rt_init_lcd_example                    0x0000571c   Data           4  lcd_task.o(.rti_fn.6)
    __rt_init_rti_end                        0x00005720   Data           4  components.o(.rti_fn.6.end)
    Region$$Table$$Base                      0x00005724   Number         0  anon$$obj.o(Region$$Table)
    Region$$Table$$Limit                     0x00005744   Number         0  anon$$obj.o(Region$$Table)
    gu32_SystemClock                         0x20000000   Data           4  system_acm32f0x0.o(.data)
    gu32_APBClock                            0x20000004   Data           4  system_acm32f0x0.o(.data)
    gu32_Clocksrc                            0x20000008   Data           4  system_acm32f0x0.o(.data)
    Reset_Reason_Save                        0x2000000c   Data           1  system_acm32f0x0.o(.data)
    gu32_SystemCount                         0x20000010   Data           4  system_acm32f0x0.o(.data)
    SysTick_Handler_Callback                 0x20000014   Data           4  system_acm32f0x0.o(.data)
    Uart_Debug                               0x20000018   Data           4  hal_uart.o(.data)
    LCD_SegComInitStructure2                 0x2000001c   Data           8  lcd_yr1618a.o(.data)
    NUM123468_RAM0_DIS                       0x20000024   Data          22  lcd_yr1618a.o(.data)
    NUM123468_RAM1_DIS                       0x2000003a   Data          22  lcd_yr1618a.o(.data)
    NUM123468_RAM2_DIS                       0x20000050   Data          22  lcd_yr1618a.o(.data)
    NUM123468_RAM3_DIS                       0x20000066   Data          22  lcd_yr1618a.o(.data)
    NUM5_RAM0_DIS                            0x2000007c   Data          22  lcd_yr1618a.o(.data)
    NUM5_RAM1_DIS                            0x20000092   Data          22  lcd_yr1618a.o(.data)
    NUM5_RAM2_DIS                            0x200000a8   Data          22  lcd_yr1618a.o(.data)
    NUM5_RAM3_DIS                            0x200000be   Data          22  lcd_yr1618a.o(.data)
    NUM7_RAM0_DIS                            0x200000d4   Data          22  lcd_yr1618a.o(.data)
    NUM7_RAM1_DIS                            0x200000ea   Data          22  lcd_yr1618a.o(.data)
    NUM7_RAM2_DIS                            0x20000100   Data          22  lcd_yr1618a.o(.data)
    NUM7_RAM3_DIS                            0x20000116   Data          22  lcd_yr1618a.o(.data)
    NUM_RAM_OFFSET                           0x2000012c   Data          16  lcd_yr1618a.o(.data)
    NUM1236P_RAM3                            0x2000013c   Data           4  lcd_yr1618a.o(.data)
    NUM5P_RAM3                               0x20000140   Data           4  lcd_yr1618a.o(.data)
    NUM7P_RAM3                               0x20000144   Data           4  lcd_yr1618a.o(.data)
    COL1_RAM3                                0x20000148   Data           4  lcd_yr1618a.o(.data)
    COL2_RAM3                                0x2000014c   Data           4  lcd_yr1618a.o(.data)
    RAM0_OFFSET_S1_9_10_14                   0x20000150   Data           8  lcd_yr1618a.o(.data)
    RAM1_OFFSET_S2_8_11_16                   0x20000158   Data           8  lcd_yr1618a.o(.data)
    RAM2_OFFSET_S3_7_12_15                   0x20000160   Data           8  lcd_yr1618a.o(.data)
    RAM3_OFFSET_S4_5_6_13                    0x20000168   Data           8  lcd_yr1618a.o(.data)
    RAM_DATA_S                               0x20000170   Data           4  lcd_yr1618a.o(.data)
    S_DATA                                   0x20000174   Data          32  lcd_yr1618a.o(.data)
    TKey_Channel_BasePara                    0x2000019e   Data          24  tkey.o(.data)
    TKey_Config                              0x200001b8   Data         112  tkey.o(.data)
    gstr_Time_Get                            0x20000230   Data           3  lcd_task.o(.data)
    gstr_Date_Get                            0x20000233   Data           4  lcd_task.o(.data)
    lcdhandle                                0x20000238   Data           4  lcd_task.o(.data)
    LCD_DisplayNum                           0x2000023c   Data           4  lcd_task.o(.data)
    LCD_Init                                 0x20000240   Data           4  lcd_task.o(.data)
    fu32_num_col                             0x20000244   Data           8  lcd_task.o(.data)
    fu32_num_s                               0x2000024c   Data           4  lcd_task.o(.data)
    rt_interrupt_from_thread                 0x20000250   Data           4  cpuport.o(.data)
    rt_interrupt_to_thread                   0x20000254   Data           4  cpuport.o(.data)
    rt_thread_switch_interrupt_flag          0x20000258   Data           4  cpuport.o(.data)
    rt_interrupt_nest                        0x20000260   Data           1  irq.o(.data)
    rt_thread_ready_priority_group           0x200002bc   Data           4  scheduler.o(.data)
    rt_current_thread                        0x200002c4   Data           4  scheduler.o(.data)
    rt_current_priority                      0x200002c8   Data           1  scheduler.o(.data)
    rt_thread_defunct                        0x200002cc   Data           8  scheduler.o(.data)
    __stdout                                 0x200002e0   Data           4  stdout.o(.data)
    lcdhandle_YR1618A                        0x200002e4   Data          44  lcd_yr1618a.o(.bss)
    GPIO_Init_YR1618A                        0x20000310   Data          16  lcd_yr1618a.o(.bss)
    I2C_Handle                               0x20000320   Data          72  sht30.o(.bss)
    UART2_Handle                             0x20000568   Data          72  usart.o(.bss)
    gu8_TxBuffer                             0x200005b0   Data         256  lcd_task.o(.bss)
    gu8_RxBuffer                             0x200006b0   Data         256  lcd_task.o(.bss)
    fu32_Displayup                           0x200007b0   Data          16  lcd_task.o(.bss)
    fu32_Displaydown                         0x200007c0   Data          16  lcd_task.o(.bss)
    fu32_num_123567p                         0x200007d0   Data          28  lcd_task.o(.bss)
    rt_thread_priority_table                 0x20000984   Data         256  scheduler.o(.bss)
    __initial_sp                             0x20004e88   Data           0  startup_acm32f0x0.o(STACK)



==============================================================================

Memory Map of the image

  Image Entry point : 0x000000c1

  Load Region LR_IROM1 (Base: 0x00000000, Size: 0x00005a28, Max: 0x00020000, ABSOLUTE, COMPRESSED[0x00005854])

    Execution Region ER_IROM1 (Exec base: 0x00000000, Load base: 0x00000000, Size: 0x00005744, Max: 0x00020000, ABSOLUTE)

    Exec Addr    Load Addr    Size         Type   Attr      Idx    E Section Name        Object

    0x00000000   0x00000000   0x000000c0   Data   RO            3    RESET               startup_acm32f0x0.o
    0x000000c0   0x000000c0   0x00000000   Code   RO         4244  * .ARM.Collect$$$$00000000  mc_p.l(entry.o)
    0x000000c0   0x000000c0   0x00000004   Code   RO         4538    .ARM.Collect$$$$00000001  mc_p.l(entry2.o)
    0x000000c4   0x000000c4   0x00000004   Code   RO         4541    .ARM.Collect$$$$00000004  mc_p.l(entry5.o)
    0x000000c8   0x000000c8   0x00000000   Code   RO         4543    .ARM.Collect$$$$00000008  mc_p.l(entry7b.o)
    0x000000c8   0x000000c8   0x00000000   Code   RO         4545    .ARM.Collect$$$$0000000A  mc_p.l(entry8b.o)
    0x000000c8   0x000000c8   0x00000008   Code   RO         4546    .ARM.Collect$$$$0000000B  mc_p.l(entry9a.o)
    0x000000d0   0x000000d0   0x00000004   Code   RO         4553    .ARM.Collect$$$$0000000E  mc_p.l(entry12b.o)
    0x000000d4   0x000000d4   0x00000000   Code   RO         4548    .ARM.Collect$$$$0000000F  mc_p.l(entry10a.o)
    0x000000d4   0x000000d4   0x00000000   Code   RO         4550    .ARM.Collect$$$$00000011  mc_p.l(entry11a.o)
    0x000000d4   0x000000d4   0x00000004   Code   RO         4539    .ARM.Collect$$$$00002712  mc_p.l(entry2.o)
    0x000000d8   0x000000d8   0x00000020   Code   RO            4    .text               startup_acm32f0x0.o
    0x000000f8   0x000000f8   0x000000d8   Code   RO         3104    .text               context_rvds.o
    0x000001d0   0x000001d0   0x0000002c   Code   RO         4247    .text               mc_p.l(uidiv.o)
    0x000001fc   0x000001fc   0x00000028   Code   RO         4249    .text               mc_p.l(idiv.o)
    0x00000224   0x00000224   0x00000060   Code   RO         4251    .text               mc_p.l(uldiv.o)
    0x00000284   0x00000284   0x0000007a   Code   RO         4253    .text               mc_p.l(llmul.o)
    0x000002fe   0x000002fe   0x00000024   Code   RO         4255    .text               mc_p.l(memcpya.o)
    0x00000322   0x00000322   0x00000024   Code   RO         4257    .text               mc_p.l(memseta.o)
    0x00000346   0x00000346   0x0000007a   Code   RO         4522    .text               mf_p.l(fmul.o)
    0x000003c0   0x000003c0   0x00000168   Code   RO         4524    .text               mf_p.l(dadd.o)
    0x00000528   0x00000528   0x000000d0   Code   RO         4526    .text               mf_p.l(dmul.o)
    0x000005f8   0x000005f8   0x000000f0   Code   RO         4528    .text               mf_p.l(ddiv.o)
    0x000006e8   0x000006e8   0x0000000e   Code   RO         4530    .text               mf_p.l(ffltui.o)
    0x000006f6   0x000006f6   0x00000032   Code   RO         4532    .text               mf_p.l(ffixi.o)
    0x00000728   0x00000728   0x00000028   Code   RO         4534    .text               mf_p.l(f2d.o)
    0x00000750   0x00000750   0x00000038   Code   RO         4536    .text               mf_p.l(d2f.o)
    0x00000788   0x00000788   0x00000020   Code   RO         4555    .text               mc_p.l(llshl.o)
    0x000007a8   0x000007a8   0x00000022   Code   RO         4557    .text               mc_p.l(llushr.o)
    0x000007ca   0x000007ca   0x00000026   Code   RO         4559    .text               mc_p.l(llsshr.o)
    0x000007f0   0x000007f0   0x00000000   Code   RO         4561    .text               mc_p.l(iusefp.o)
    0x000007f0   0x000007f0   0x00000082   Code   RO         4562    .text               mf_p.l(fepilogue.o)
    0x00000872   0x00000872   0x000000be   Code   RO         4564    .text               mf_p.l(depilogue.o)
    0x00000930   0x00000930   0x00000024   Code   RO         4572    .text               mc_p.l(init.o)
    0x00000954   0x00000954   0x00000056   Code   RO         4582    .text               mc_p.l(__dczerorl2.o)
    0x000009aa   0x000009aa   0x0000000a   Code   RO         3177    i.$Sub$$main        components.o
    0x000009b4   0x000009b4   0x00000028   Code   RO         2469    i.BUZZER_Init       buzzer.o
    0x000009dc   0x000009dc   0x00000020   Code   RO         2470    i.Beep_On           buzzer.o
    0x000009fc   0x000009fc   0x00000046   Code   RO         2742    i.Bubble_Sort       tkey.o
    0x00000a42   0x00000a42   0x00000020   Code   RO         2743    i.Calculate_Sample_Average  tkey.o
    0x00000a62   0x00000a62   0x00000038   Code   RO         2744    i.Calculate_Sample_differ  tkey.o
    0x00000a9a   0x00000a9a   0x0000000a   Code   RO         2407    i.FIFO_Clear        ac_fifo.o
    0x00000aa4   0x00000aa4   0x0000000e   Code   RO         2408    i.FIFO_Create       ac_fifo.o
    0x00000ab2   0x00000ab2   0x00000030   Code   RO         2409    i.FIFO_In           ac_fifo.o
    0x00000ae2   0x00000ae2   0x00000030   Code   RO         2412    i.FIFO_Out          ac_fifo.o
    0x00000b12   0x00000b12   0x00000006   Code   RO         2414    i.FIFO_Query        ac_fifo.o
    0x00000b18   0x00000b18   0x00000234   Code   RO         2597    i.Get_RAM_NUM_DATA  lcd_yr1618a.o
    0x00000d4c   0x00000d4c   0x0000000c   Code   RO         2318    i.HAL_EFlash_Init   hal_eflash.o
    0x00000d58   0x00000d58   0x00000074   Code   RO         4108    i.HAL_EFlash_Init_Para  HAL_EFlash_EX.lib(hal_eflash_ex.o)
    0x00000dcc   0x00000dcc   0x000003b8   Code   RO          942    i.HAL_GPIO_Init     hal_gpio.o
    0x00001184   0x00001184   0x0000007c   Code   RO          944    i.HAL_GPIO_WritePin  hal_gpio.o
    0x00001200   0x00001200   0x00000140   Code   RO          999    i.HAL_I2C_Init      hal_i2c.o
    0x00001340   0x00001340   0x00000294   Code   RO         1000    i.HAL_I2C_Master_Receive  hal_i2c.o
    0x000015d4   0x000015d4   0x000000e8   Code   RO         1001    i.HAL_I2C_Master_Transmit  hal_i2c.o
    0x000016bc   0x000016bc   0x00000058   Code   RO         2682    i.HAL_I2C_MspInit   sht30.o
    0x00001714   0x00001714   0x00000010   Code   RO         1214    i.HAL_LCD_IRQHandler  hal_lcd.o
    0x00001724   0x00001724   0x0000015c   Code   RO         1215    i.HAL_LCD_InResConfig  hal_lcd.o
    0x00001880   0x00001880   0x00000164   Code   RO         1216    i.HAL_LCD_Init      hal_lcd.o
    0x000019e4   0x000019e4   0x00000040   Code   RO         1218    i.HAL_LCD_MspInit   hal_lcd.o
    0x00001a24   0x00001a24   0x00000024   Code   RO         1219    i.HAL_LCD_SegComConfig  hal_lcd.o
    0x00001a48   0x00001a48   0x00000028   Code   RO         1222    i.HAL_LCD_Write     hal_lcd.o
    0x00001a70   0x00001a70   0x000000d0   Code   RO         1469    i.HAL_RTC_Config    hal_rtc.o
    0x00001b40   0x00001b40   0x00000020   Code   RO         1470    i.HAL_RTC_GetDate   hal_rtc.o
    0x00001b60   0x00001b60   0x00000018   Code   RO         1471    i.HAL_RTC_GetTime   hal_rtc.o
    0x00001b78   0x00001b78   0x000000b4   Code   RO         1474    i.HAL_RTC_SetDate   hal_rtc.o
    0x00001c2c   0x00001c2c   0x0000003c   Code   RO         1475    i.HAL_RTC_SetTime   hal_rtc.o
    0x00001c68   0x00001c68   0x00000140   Code   RO         1685    i.HAL_TIMER_Base_Init  hal_timer.o
    0x00001da8   0x00001da8   0x0000004c   Code   RO         1687    i.HAL_TIMER_Base_Start  hal_timer.o
    0x00001df4   0x00001df4   0x00000178   Code   RO         1692    i.HAL_TIMER_MSP_Init  hal_timer.o
    0x00001f6c   0x00001f6c   0x00000040   Code   RO         1890    i.HAL_TKEY_Calculate_Calibrate_Th  hal_tkey.o
    0x00001fac   0x00001fac   0x000000d8   Code   RO         1894    i.HAL_TKEY_Init     hal_tkey.o
    0x00002084   0x00002084   0x000001b8   Code   RO         1895    i.HAL_TKEY_MspInit  hal_tkey.o
    0x0000223c   0x0000223c   0x00000090   Code   RO         1897    i.HAL_TKEY_Quick_Calibrate_RefData_OneChannel  hal_tkey.o
    0x000022cc   0x000022cc   0x00000060   Code   RO         1898    i.HAL_TKEY_ReadAllNx  hal_tkey.o
    0x0000232c   0x0000232c   0x000000c8   Code   RO         1899    i.HAL_TKEY_ReadChannelData  hal_tkey.o
    0x000023f4   0x000023f4   0x00000088   Code   RO         1900    i.HAL_TKEY_ReadNr   hal_tkey.o
    0x0000247c   0x0000247c   0x000002b8   Code   RO         1902    i.HAL_TKEY_ScanProcess  hal_tkey.o
    0x00002734   0x00002734   0x00000024   Code   RO         1903    i.HAL_TKEY_Start    hal_tkey.o
    0x00002758   0x00002758   0x00000024   Code   RO         1905    i.HAL_TKEY_Stop     hal_tkey.o
    0x0000277c   0x0000277c   0x00000128   Code   RO         2039    i.HAL_UART_Init     hal_uart.o
    0x000028a4   0x000028a4   0x000000c0   Code   RO         2041    i.HAL_UART_MspInit  hal_uart.o
    0x00002964   0x00002964   0x0000002c   Code   RO         2683    i.I2C_Init          sht30.o
    0x00002990   0x00002990   0x0000007c   Code   RO         1015    i.I2C_Master_Request_Read  hal_i2c.o
    0x00002a0c   0x00002a0c   0x0000007c   Code   RO         1016    i.I2C_Master_Request_Write  hal_i2c.o
    0x00002a88   0x00002a88   0x0000001e   Code   RO         1017    i.I2C_Set_Clock_Speed  hal_i2c.o
    0x00002aa6   0x00002aa6   0x00000062   Code   RO         1018    i.I2C_WaitOnFlagUntilTimeout  hal_i2c.o
    0x00002b08   0x00002b08   0x00000048   Code   RO         2598    i.LCD_BACK_LED      lcd_yr1618a.o
    0x00002b50   0x00002b50   0x00000038   Code   RO         3037    i.LCD_Config        lcd_task.o
    0x00002b88   0x00002b88   0x00000054   Code   RO         2599    i.LCD_DisplayNum_YR1618A  lcd_yr1618a.o
    0x00002bdc   0x00002bdc   0x00000060   Code   RO         2601    i.LCD_GPIO_Config_YR1618A  lcd_yr1618a.o
    0x00002c3c   0x00002c3c   0x00000010   Code   RO         3038    i.LCD_IRQHandler    lcd_task.o
    0x00002c4c   0x00002c4c   0x0000007c   Code   RO         2602    i.LCD_Init_YR1618A  lcd_yr1618a.o
    0x00002cc8   0x00002cc8   0x000000f8   Code   RO         3039    i.LCD_SHT30_display  lcd_task.o
    0x00002dc0   0x00002dc0   0x00000074   Code   RO         2603    i.LCD_SegCom_Config_YR1618A  lcd_yr1618a.o
    0x00002e34   0x00002e34   0x0000039c   Code   RO         2606    i.LCD_YR1618A_VIEW  lcd_yr1618a.o
    0x000031d0   0x000031d0   0x00000048   Code   RO         3040    i.LCD_entry         lcd_task.o
    0x00003218   0x00003218   0x0000004c   Code   RO         3041    i.LCD_time_display  lcd_task.o
    0x00003264   0x00003264   0x00000020   Code   RO         2382    i.LED_USR_Init      led_usr.o
    0x00003284   0x00003284   0x0000002c   Code   RO         3004    i.LED_entry         led_task.o
    0x000032b0   0x000032b0   0x00000014   Code   RO         1707    i.NVIC_ClearPendingIRQ  hal_timer.o
    0x000032c4   0x000032c4   0x00000014   Code   RO         1907    i.NVIC_ClearPendingIRQ  hal_tkey.o
    0x000032d8   0x000032d8   0x00000014   Code   RO         2051    i.NVIC_ClearPendingIRQ  hal_uart.o
    0x000032ec   0x000032ec   0x00000014   Code   RO         1908    i.NVIC_DisableIRQ   hal_tkey.o
    0x00003300   0x00003300   0x00000014   Code   RO         1709    i.NVIC_EnableIRQ    hal_timer.o
    0x00003314   0x00003314   0x00000014   Code   RO         2053    i.NVIC_EnableIRQ    hal_uart.o
    0x00003328   0x00003328   0x00000078   Code   RO           12    i.NVIC_SetPriority  system_acm32f0x0.o
    0x000033a0   0x000033a0   0x00000078   Code   RO         1223    i.NVIC_SetPriority  hal_lcd.o
    0x00003418   0x00003418   0x00000078   Code   RO         2054    i.NVIC_SetPriority  hal_uart.o
    0x00003490   0x00003490   0x00000078   Code   RO         2746    i.NVIC_SetPriority  tkey.o
    0x00003508   0x00003508   0x00000044   Code   RO         2954    i.RTC_Config        rtc.o
    0x0000354c   0x0000354c   0x00000024   Code   RO         2684    i.SHT30_Init        sht30.o
    0x00003570   0x00003570   0x0000003e   Code   RO         2685    i.SHT30_Read_Dat    sht30.o
    0x000035ae   0x000035ae   0x00000002   PAD
    0x000035b0   0x000035b0   0x000000a4   Code   RO         2686    i.SHT30_Read_Result  sht30.o
    0x00003654   0x00003654   0x00000054   Code   RO         2687    i.SHT30_Reset       sht30.o
    0x000036a8   0x000036a8   0x00000018   Code   RO         4061    i.SysTick_Handler   board.o
    0x000036c0   0x000036c0   0x000001a4   Code   RO           14    i.System_Clock_Init  system_acm32f0x0.o
    0x00003864   0x00003864   0x0000005c   Code   RO           15    i.System_Core_Config  system_acm32f0x0.o
    0x000038c0   0x000038c0   0x00000010   Code   RO           16    i.System_Delay      system_acm32f0x0.o
    0x000038d0   0x000038d0   0x0000001c   Code   RO           17    i.System_Delay_MS   system_acm32f0x0.o
    0x000038ec   0x000038ec   0x00000024   Code   RO           22    i.System_Enable_RC32K  system_acm32f0x0.o
    0x00003910   0x00003910   0x0000000c   Code   RO           27    i.System_Get_APBClock  system_acm32f0x0.o
    0x0000391c   0x0000391c   0x0000000c   Code   RO           28    i.System_Get_Clk_Source  system_acm32f0x0.o
    0x00003928   0x00003928   0x0000000c   Code   RO           29    i.System_Get_SystemClock  system_acm32f0x0.o
    0x00003934   0x00003934   0x00000048   Code   RO           30    i.System_Init       system_acm32f0x0.o
    0x0000397c   0x0000397c   0x00000034   Code   RO           33    i.System_Module_Enable  system_acm32f0x0.o
    0x000039b0   0x000039b0   0x0000002c   Code   RO           34    i.System_Module_Reset  system_acm32f0x0.o
    0x000039dc   0x000039dc   0x0000003c   Code   RO           38    i.System_Set_Buzzer_Divider  system_acm32f0x0.o
    0x00003a18   0x00003a18   0x0000004c   Code   RO           39    i.System_SysTick_Init  system_acm32f0x0.o
    0x00003a64   0x00003a64   0x00000094   Code   RO         2747    i.TIM17_IRQHandler  tkey.o
    0x00003af8   0x00003af8   0x00000060   Code   RO         2748    i.TKEY_Calibrate_ParaInit  tkey.o
    0x00003b58   0x00003b58   0x000000c0   Code   RO         2749    i.TKEY_Calibrate_Process  tkey.o
    0x00003c18   0x00003c18   0x00000010   Code   RO         1909    i.TKEY_IRQHandler   hal_tkey.o
    0x00003c28   0x00003c28   0x00000040   Code   RO         2750    i.TKEY_Init         tkey.o
    0x00003c68   0x00003c68   0x00000230   Code   RO         2751    i.TKEY_Quick_Calibrate  tkey.o
    0x00003e98   0x00003e98   0x00000068   Code   RO         2754    i.TKEY_SCAN_TIMX_Cfg  tkey.o
    0x00003f00   0x00003f00   0x00000028   Code   RO         2757    i.TKEY_Timer_ScanInit  tkey.o
    0x00003f28   0x00003f28   0x00000020   Code   RO         2758    i.TKEY_Timer_Scan_Result  tkey.o
    0x00003f48   0x00003f48   0x00000010   Code   RO         2759    i.TKEY_Timer_Scan_Start  tkey.o
    0x00003f58   0x00003f58   0x00000012   Code   RO         2767    i.TK_TimerSacn_GetKeyVal  tkey.o
    0x00003f6a   0x00003f6a   0x00000026   Code   RO         2768    i.TouchKey_Init     tkey.o
    0x00003f90   0x00003f90   0x000000e4   Code   RO         2055    i.UART_Config_BaudRate  hal_uart.o
    0x00004074   0x00004074   0x00000070   Code   RO         2977    i.Uart_Init         usart.o
    0x000040e4   0x000040e4   0x00000020   Code   RO         4306    i.__0printf$1       mc_p.l(printf1.o)
    0x00004104   0x00004104   0x0000002e   Code   RO         4566    i.__ARM_clz         mf_p.l(depilogue.o)
    0x00004132   0x00004132   0x0000001c   Code   RO          459    i.__ARM_common_switch8  hal_adc.o
    0x0000414e   0x0000414e   0x00000002   PAD
    0x00004150   0x00004150   0x0000005c   Code   RO         3447    i.__rt_ffs          kservice.o
    0x000041ac   0x000041ac   0x0000000e   Code   RO         4576    i.__scatterload_copy  mc_p.l(handlers.o)
    0x000041ba   0x000041ba   0x00000002   Code   RO         4577    i.__scatterload_null  mc_p.l(handlers.o)
    0x000041bc   0x000041bc   0x0000000e   Code   RO         4578    i.__scatterload_zeroinit  mc_p.l(handlers.o)
    0x000041ca   0x000041ca   0x00000006   Code   RO         1022    i.__set_PRIMASK     hal_i2c.o
    0x000041d0   0x000041d0   0x00000150   Code   RO         4313    i._printf_core      mc_p.l(printf1.o)
    0x00004320   0x00004320   0x00000088   Code   RO         3815    i._rt_thread_init   thread.o
    0x000043a8   0x000043a8   0x0000003c   Code   RO         3947    i._rt_timer_init    timer.o
    0x000043e4   0x000043e4   0x0000001c   Code   RO         3948    i._rt_timer_remove  timer.o
    0x00004400   0x00004400   0x0000001e   Code   RO         3816    i._thread_cleanup_execute  thread.o
    0x0000441e   0x0000441e   0x00000002   PAD
    0x00004420   0x00004420   0x0000002c   Code   RO         2056    i.fputc             hal_uart.o
    0x0000444c   0x0000444c   0x0000003c   Code   RO         3043    i.lcd_example       lcd_task.o
    0x00004488   0x00004488   0x0000003c   Code   RO         3005    i.led_example       led_task.o
    0x000044c4   0x000044c4   0x00000090   Code   RO         2353    i.main              main.o
    0x00004554   0x00004554   0x0000000e   Code   RO         3178    i.main_thread_entry  components.o
    0x00004562   0x00004562   0x00000002   PAD
    0x00004564   0x00004564   0x0000007c   Code   RO         3605    i.plug_holes        mem.o
    0x000045e0   0x000045e0   0x00000030   Code   RO         3179    i.rt_application_init  components.o
    0x00004610   0x00004610   0x0000001c   Code   RO         3180    i.rt_components_board_init  components.o
    0x0000462c   0x0000462c   0x0000001c   Code   RO         3181    i.rt_components_init  components.o
    0x00004648   0x00004648   0x00000020   Code   RO         3749    i.rt_enter_critical  scheduler.o
    0x00004668   0x00004668   0x00000048   Code   RO         3750    i.rt_exit_critical  scheduler.o
    0x000046b0   0x000046b0   0x00000078   Code   RO         3607    i.rt_free           mem.o
    0x00004728   0x00004728   0x00000008   Code   RO         4062    i.rt_heap_begin_get  board.o
    0x00004730   0x00004730   0x00000008   Code   RO         4063    i.rt_heap_end_get   board.o
    0x00004738   0x00004738   0x0000001e   Code   RO         4064    i.rt_hw_board_init  board.o
    0x00004756   0x00004756   0x00000004   Code   RO         3109    i.rt_hw_hard_fault_exception  cpuport.o
    0x0000475a   0x0000475a   0x00000002   PAD
    0x0000475c   0x0000475c   0x00000040   Code   RO         3110    i.rt_hw_stack_init  cpuport.o
    0x0000479c   0x0000479c   0x00000020   Code   RO         3420    i.rt_interrupt_enter  irq.o
    0x000047bc   0x000047bc   0x00000020   Code   RO         3422    i.rt_interrupt_leave  irq.o
    0x000047dc   0x000047dc   0x00000014   Code   RO         3280    i.rt_ipc_list_resume  ipc.o
    0x000047f0   0x000047f0   0x00000064   Code   RO         3282    i.rt_ipc_list_suspend  ipc.o
    0x00004854   0x00004854   0x00000010   Code   RO         3283    i.rt_ipc_object_init  ipc.o
    0x00004864   0x00004864   0x00000006   Code   RO         3284    i.rt_list_init      ipc.o
    0x0000486a   0x0000486a   0x00000006   Code   RO         3751    i.rt_list_init      scheduler.o
    0x00004870   0x00004870   0x00000006   Code   RO         3949    i.rt_list_init      timer.o
    0x00004876   0x00004876   0x0000000e   Code   RO         3661    i.rt_list_insert_after  object.o
    0x00004884   0x00004884   0x0000000e   Code   RO         3817    i.rt_list_insert_after  thread.o
    0x00004892   0x00004892   0x0000000e   Code   RO         3950    i.rt_list_insert_after  timer.o
    0x000048a0   0x000048a0   0x0000000e   Code   RO         3285    i.rt_list_insert_before  ipc.o
    0x000048ae   0x000048ae   0x00000010   Code   RO         3286    i.rt_list_isempty   ipc.o
    0x000048be   0x000048be   0x00000010   Code   RO         3951    i.rt_list_isempty   timer.o
    0x000048ce   0x000048ce   0x00000012   Code   RO         3662    i.rt_list_remove    object.o
    0x000048e0   0x000048e0   0x00000012   Code   RO         3818    i.rt_list_remove    thread.o
    0x000048f2   0x000048f2   0x00000012   Code   RO         3952    i.rt_list_remove    timer.o
    0x00004904   0x00004904   0x0000016c   Code   RO         3608    i.rt_malloc         mem.o
    0x00004a70   0x00004a70   0x0000004c   Code   RO         3456    i.rt_memset         kservice.o
    0x00004abc   0x00004abc   0x00000050   Code   RO         3663    i.rt_object_allocate  object.o
    0x00004b0c   0x00004b0c   0x00000024   Code   RO         3664    i.rt_object_delete  object.o
    0x00004b30   0x00004b30   0x0000001e   Code   RO         3665    i.rt_object_detach  object.o
    0x00004b4e   0x00004b4e   0x00000002   PAD
    0x00004b50   0x00004b50   0x00000024   Code   RO         3667    i.rt_object_get_information  object.o
    0x00004b74   0x00004b74   0x00000054   Code   RO         3671    i.rt_object_init    object.o
    0x00004bc8   0x00004bc8   0x00000014   Code   RO         3672    i.rt_object_is_systemobject  object.o
    0x00004bdc   0x00004bdc   0x00000010   Code   RO         4065    i.rt_os_tick_callback  board.o
    0x00004bec   0x00004bec   0x00000084   Code   RO         3752    i.rt_schedule       scheduler.o
    0x00004c70   0x00004c70   0x00000054   Code   RO         3753    i.rt_schedule_insert_thread  scheduler.o
    0x00004cc4   0x00004cc4   0x00000058   Code   RO         3754    i.rt_schedule_remove_thread  scheduler.o
    0x00004d1c   0x00004d1c   0x00000022   Code   RO         3299    i.rt_sem_init       ipc.o
    0x00004d3e   0x00004d3e   0x00000002   PAD
    0x00004d40   0x00004d40   0x00000058   Code   RO         3300    i.rt_sem_release    ipc.o
    0x00004d98   0x00004d98   0x00000078   Code   RO         3301    i.rt_sem_take       ipc.o
    0x00004e10   0x00004e10   0x00000002   Code   RO         3458    i.rt_show_version   kservice.o
    0x00004e12   0x00004e12   0x00000038   Code   RO         3466    i.rt_strncpy        kservice.o
    0x00004e4a   0x00004e4a   0x00000002   PAD
    0x00004e4c   0x00004e4c   0x000000ac   Code   RO         3611    i.rt_system_heap_init  mem.o
    0x00004ef8   0x00004ef8   0x0000004c   Code   RO         3755    i.rt_system_scheduler_init  scheduler.o
    0x00004f44   0x00004f44   0x00000030   Code   RO         3756    i.rt_system_scheduler_start  scheduler.o
    0x00004f74   0x00004f74   0x0000001c   Code   RO         3953    i.rt_system_timer_init  timer.o
    0x00004f90   0x00004f90   0x00000002   Code   RO         3954    i.rt_system_timer_thread_init  timer.o
    0x00004f92   0x00004f92   0x00000050   Code   RO         3820    i.rt_thread_create  thread.o
    0x00004fe2   0x00004fe2   0x00000002   PAD
    0x00004fe4   0x00004fe4   0x00000058   Code   RO         3825    i.rt_thread_exit    thread.o
    0x0000503c   0x0000503c   0x00000008   Code   RO         3245    i.rt_thread_idle_entry  idle.o
    0x00005044   0x00005044   0x00000064   Code   RO         3246    i.rt_thread_idle_excute  idle.o
    0x000050a8   0x000050a8   0x0000003c   Code   RO         3248    i.rt_thread_idle_init  idle.o
    0x000050e4   0x000050e4   0x0000002c   Code   RO         3827    i.rt_thread_init    thread.o
    0x00005110   0x00005110   0x00000014   Code   RO         3828    i.rt_thread_mdelay  thread.o
    0x00005124   0x00005124   0x0000003c   Code   RO         3829    i.rt_thread_resume  thread.o
    0x00005160   0x00005160   0x0000000c   Code   RO         3830    i.rt_thread_self    thread.o
    0x0000516c   0x0000516c   0x00000044   Code   RO         3831    i.rt_thread_sleep   thread.o
    0x000051b0   0x000051b0   0x00000030   Code   RO         3832    i.rt_thread_startup  thread.o
    0x000051e0   0x000051e0   0x00000044   Code   RO         3833    i.rt_thread_suspend  thread.o
    0x00005224   0x00005224   0x00000020   Code   RO         3834    i.rt_thread_timeout  thread.o
    0x00005244   0x00005244   0x00000064   Code   RO         3835    i.rt_thread_yield   thread.o
    0x000052a8   0x000052a8   0x0000003e   Code   RO         3137    i.rt_tick_from_millisecond  clock.o
    0x000052e6   0x000052e6   0x00000002   PAD
    0x000052e8   0x000052e8   0x0000000c   Code   RO         3138    i.rt_tick_get       clock.o
    0x000052f4   0x000052f4   0x00000030   Code   RO         3139    i.rt_tick_increase  clock.o
    0x00005324   0x00005324   0x000000b0   Code   RO         3955    i.rt_timer_check    timer.o
    0x000053d4   0x000053d4   0x00000060   Code   RO         3956    i.rt_timer_control  timer.o
    0x00005434   0x00005434   0x00000028   Code   RO         3959    i.rt_timer_detach   timer.o
    0x0000545c   0x0000545c   0x00000026   Code   RO         3960    i.rt_timer_init     timer.o
    0x00005482   0x00005482   0x00000002   PAD
    0x00005484   0x00005484   0x000000fc   Code   RO         3963    i.rt_timer_start    timer.o
    0x00005580   0x00005580   0x00000030   Code   RO         3964    i.rt_timer_stop     timer.o
    0x000055b0   0x000055b0   0x00000004   Code   RO         3182    i.rti_board_end     components.o
    0x000055b4   0x000055b4   0x00000004   Code   RO         3183    i.rti_board_start   components.o
    0x000055b8   0x000055b8   0x00000004   Code   RO         3184    i.rti_end           components.o
    0x000055bc   0x000055bc   0x00000004   Code   RO         3185    i.rti_start         components.o
    0x000055c0   0x000055c0   0x0000002a   Code   RO         3186    i.rtthread_startup  components.o
    0x000055ea   0x000055ea   0x00000122   Data   RO         3472    .constdata          kservice.o
    0x0000570c   0x0000570c   0x00000004   Data   RO         3187    .rti_fn.0           components.o
    0x00005710   0x00005710   0x00000004   Data   RO         3188    .rti_fn.0.end       components.o
    0x00005714   0x00005714   0x00000004   Data   RO         3189    .rti_fn.1.end       components.o
    0x00005718   0x00005718   0x00000004   Data   RO         3007    .rti_fn.6           led_task.o
    0x0000571c   0x0000571c   0x00000004   Data   RO         3046    .rti_fn.6           lcd_task.o
    0x00005720   0x00005720   0x00000004   Data   RO         3190    .rti_fn.6.end       components.o
    0x00005724   0x00005724   0x00000020   Data   RO         4574    Region$$Table       anon$$obj.o


    Execution Region RW_IRAM1 (Exec base: 0x20000000, Load base: 0x00005744, Size: 0x00004e88, Max: 0x00008000, ABSOLUTE, COMPRESSED[0x00000110])

    Exec Addr    Load Addr    Size         Type   Attr      Idx    E Section Name        Object

    0x20000000   COMPRESSED   0x00000018   Data   RW           41    .data               system_acm32f0x0.o
    0x20000018   COMPRESSED   0x00000004   Data   RW         2057    .data               hal_uart.o
    0x2000001c   COMPRESSED   0x00000178   Data   RW         2608    .data               lcd_yr1618a.o
    0x20000194   COMPRESSED   0x00000094   Data   RW         2774    .data               tkey.o
    0x20000228   COMPRESSED   0x00000004   Data   RW         3006    .data               led_task.o
    0x2000022c   COMPRESSED   0x00000024   Data   RW         3045    .data               lcd_task.o
    0x20000250   COMPRESSED   0x0000000c   Data   RW         3111    .data               cpuport.o
    0x2000025c   COMPRESSED   0x00000004   Data   RW         3141    .data               clock.o
    0x20000260   COMPRESSED   0x00000001   Data   RW         3423    .data               irq.o
    0x20000261   COMPRESSED   0x00000003   PAD
    0x20000264   COMPRESSED   0x00000018   Data   RW         3613    .data               mem.o
    0x2000027c   COMPRESSED   0x00000040   Data   RW         3674    .data               object.o
    0x200002bc   COMPRESSED   0x00000018   Data   RW         3758    .data               scheduler.o
    0x200002d4   COMPRESSED   0x0000000c   Data   RW         3965    .data               timer.o
    0x200002e0   COMPRESSED   0x00000004   Data   RW         4554    .data               mc_p.l(stdout.o)
    0x200002e4        -       0x0000003c   Zero   RW         2607    .bss                lcd_yr1618a.o
    0x20000320        -       0x00000048   Zero   RW         2688    .bss                sht30.o
    0x20000368        -       0x00000200   Zero   RW         2773    .bss                tkey.o
    0x20000568        -       0x00000048   Zero   RW         2978    .bss                usart.o
    0x200005b0        -       0x0000023c   Zero   RW         3044    .bss                lcd_task.o
    0x200007ec        -       0x00000178   Zero   RW         3249    .bss                idle.o
    0x20000964        -       0x00000020   Zero   RW         3612    .bss                mem.o
    0x20000984        -       0x00000100   Zero   RW         3757    .bss                scheduler.o
    0x20000a84        -       0x00003c00   Zero   RW         4066    .bss                board.o
    0x20004684   COMPRESSED   0x00000004   PAD
    0x20004688        -       0x00000800   Zero   RW            1    STACK               startup_acm32f0x0.o


==============================================================================

Image component sizes


      Code (inc. data)   RO Data    RW Data    ZI Data      Debug   Object Name

       126          0          0          0          0       3297   ac_fifo.o
        86         14          0          0      15360       2772   board.o
        72          8          0          0          0        896   buzzer.o
       122         10          0          4          0       1820   clock.o
       186         30         16          0          0       6116   components.o
       216         32          0          0          0        860   context_rvds.o
        68          6          0         12          0       3170   cpuport.o
        28          0          0          0          0       6452   hal_adc.o
        12          0          0          0          0        510   hal_eflash.o
         0          0          0          0          0       6372   hal_exti.o
      1076         42          0          0          0       2748   hal_gpio.o
      1594         30          0          0          0       6414   hal_i2c.o
       980         36          0          0          0      11063   hal_lcd.o
       504         42          0          0          0       3085   hal_rtc.o
       812         86          0          0          0       3234   hal_timer.o
      2120        104          0          0          0       8694   hal_tkey.o
       920         76          0          4          0      12268   hal_uart.o
       168         28          0          0        376       5350   idle.o
       414          6          0          0          0       8637   ipc.o
        64         12          0          1          0       1754   irq.o
       226          6        290          0          0       5672   kservice.o
       528        108          4         36        572       4501   lcd_task.o
      1980        198          0        376         60       6370   lcd_yr1618a.o
       104         14          4          4          0       1762   led_task.o
        32          4          0          0          0        439   led_usr.o
       144         66          0          0          0        487   main.o
       780         90          0         24         32       4096   mem.o
       318          4          0         64          0       8556   object.o
        68          0          0          0          0        549   rtc.o
       538         94          0         24        256       8818   scheduler.o
       478         48          0          0         72       4018   sht30.o
        32         10        192          0       2048        688   startup_acm32f0x0.o
      1052        120          0         24          0     105963   system_acm32f0x0.o
       818         40          0          0          0      12728   thread.o
       822         36          0         12          0      11988   timer.o
      1586        116          0        148        512      15791   tkey.o
       112         52          0          0         72        691   usart.o

    ----------------------------------------------------------------------
     19208       1568        538        736      19364     288629   Object Totals
         0          0         32          0          0          0   (incl. Generated)
        22          0          0          3          4          0   (incl. Padding)

    ----------------------------------------------------------------------

      Code (inc. data)   RO Data    RW Data    ZI Data      Debug   Library Member Name

       116         12          0          0          0      14435   hal_eflash_ex.o
        86          0          0          0          0          0   __dczerorl2.o
         0          0          0          0          0          0   entry.o
         0          0          0          0          0          0   entry10a.o
         0          0          0          0          0          0   entry11a.o
         4          0          0          0          0          0   entry12b.o
         8          4          0          0          0          0   entry2.o
         4          0          0          0          0          0   entry5.o
         0          0          0          0          0          0   entry7b.o
         0          0          0          0          0          0   entry8b.o
         8          4          0          0          0          0   entry9a.o
        30          0          0          0          0          0   handlers.o
        40          0          0          0          0         72   idiv.o
        36          8          0          0          0         68   init.o
         0          0          0          0          0          0   iusefp.o
       122          0          0          0          0         84   llmul.o
        32          0          0          0          0         68   llshl.o
        38          0          0          0          0         68   llsshr.o
        34          0          0          0          0         68   llushr.o
        36          0          0          0          0         60   memcpya.o
        36          0          0          0          0        100   memseta.o
       368         12          0          0          0        168   printf1.o
         0          0          0          4          0          0   stdout.o
        44          0          0          0          0         72   uidiv.o
        96          0          0          0          0         84   uldiv.o
        56          0          0          0          0         68   d2f.o
       360          6          0          0          0        140   dadd.o
       240          6          0          0          0         84   ddiv.o
       236          0          0          0          0        216   depilogue.o
       208          6          0          0          0         88   dmul.o
        40          0          0          0          0         60   f2d.o
       130          0          0          0          0        144   fepilogue.o
        50          0          0          0          0         60   ffixi.o
        14          0          0          0          0         68   ffltui.o
       122          0          0          0          0         72   fmul.o

    ----------------------------------------------------------------------
      2594         58          0          4          0      16347   Library Totals
         0          0          0          0          0          0   (incl. Padding)

    ----------------------------------------------------------------------

      Code (inc. data)   RO Data    RW Data    ZI Data      Debug   Library Name

       116         12          0          0          0      14435   HAL_EFlash_EX.lib
      1022         28          0          4          0        912   mc_p.l
      1456         18          0          0          0       1000   mf_p.l

    ----------------------------------------------------------------------
      2594         58          0          4          0      16347   Library Totals

    ----------------------------------------------------------------------

==============================================================================


      Code (inc. data)   RO Data    RW Data    ZI Data      Debug   

     21802       1626        538        740      19364     295732   Grand Totals
     21802       1626        538        272      19364     295732   ELF Image Totals (compressed)
     21802       1626        538        272          0          0   ROM Totals

==============================================================================

    Total RO  Size (Code + RO Data)                22340 (  21.82kB)
    Total RW  Size (RW Data + ZI Data)             20104 (  19.63kB)
    Total ROM Size (Code + RO Data + RW Data)      22612 (  22.08kB)

==============================================================================

