<html>
<body>
<pre>
<h1>µVision Build Log</h1>
<h2>Tool Versions:</h2>
IDE-Version: ¦ÌVision V5.37.0.0
Copyright (C) 2022 ARM Ltd and ARM Germany GmbH. All rights reserved.
License Information: 1 KING, 1, LIC=CZLZX-H9X1N-45HT5-GRW8D-QV6YL-1P1C9
 
Tool Versions:
Toolchain:       MDK-ARM Plus  Version: 5.37.0.0
Toolchain Path:  D:\Keil_v5\ARM\ARMCC\Bin
C Compiler:      Armcc.exe V5.06 update 7 (build 960)
Assembler:       Armasm.exe V5.06 update 7 (build 960)
Linker/Locator:  ArmLink.exe V5.06 update 7 (build 960)
Library Manager: ArmAr.exe V5.06 update 7 (build 960)
Hex Converter:   FromElf.exe V5.06 update 7 (build 960)
CPU DLL:         SARMCM3.DLL V5.37.0.0
Dialog DLL:      DARMCM1.DLL V1.19.6.0
Target DLL:      CMSIS_AGDI.dll V1.33.12.0
Dialog DLL:      TARMCM1.DLL V1.14.6.0
 
<h2>Project:</h2>
D:\KING\ACM32F070\ACM32F070\MDK\ACM32.uvprojx
Project File Date:  09/29/2022

<h2>Output:</h2>
*** Using Compiler 'V5.06 update 7 (build 960)', folder: 'D:\Keil_v5\ARM\ARMCC\Bin'
Build target 'ACM32'
compiling LCD_Task.c...
linking...
Program Size: Code=12934 RO-data=538 RW-data=584 ZI-data=18800  
".\Objects\ACM32.axf" - 0 Error(s), 0 Warning(s).

<h2>Software Packages used:</h2>

Package Vendor: Aisinochip
                
                Aisinochip.ACM32F0X0.1.0.1
                Aisinochip ACM32F0X0 ARM Cortex-M0 Device Family Pack

Package Vendor: RealThread
                https://www.rt-thread.org/download/mdk/RealThread.RT-Thread.3.1.5.pack
                RealThread.RT-Thread.3.1.5
                RT-Thread Software Components
   * Component: kernel Version: 3.1.5

<h2>Collection of Component include folders:</h2>
  ./RTE/RTOS
  ./RTE/_ACM32
  D:/Users/KING/AppData/Local/Arm/Packs/RealThread/RT-Thread/3.1.5/include

<h2>Collection of Component Files used:</h2>

   * Component: RealThread.RT-Thread::RTOS:kernel:3.1.5
      Include file:  bsp/_template/rtconfig.h
      Source file:   bsp/_template/board.c
      Source file:   src/clock.c
      Source file:   src/components.c
      Source file:   src/idle.c
      Source file:   src/ipc.c
      Source file:   src/irq.c
      Source file:   src/kservice.c
      Source file:   libcpu/arm/cortex-m0/cpuport.c
      Source file:   libcpu/arm/cortex-m0/context_rvds.S
      Source file:   src/timer.c
      Source file:   src/thread.c
      Source file:   src/mempool.c
      Source file:   src/object.c
      Source file:   src/mem.c
      Source file:   src/scheduler.c
Build Time Elapsed:  00:00:01
</pre>
</body>
</html>
